leds.c:132:6:led_init	8	static
leds.c:148:6:process_led_display	16	static
leds.c:159:6:set_led_bar	40	static
leds.c:174:6:set_led_bar_raw	24	static
leds.c:201:6:init_led_bar	8	static
leds.c:210:6:led_bar_breath_setup	24	static
leds.c:235:6:led_bar_scan_setup	32	static
leds.c:286:6:led_bar_wifi_setup_mode	8	static
leds.c:295:6:led_bar_scan_mode_right	40	static
leds.c:341:6:led_bar_scan_mode_left	40	static
leds.c:388:6:led_bar_scan_mode_dual	40	static
leds.c:470:6:led_bar_breath_mode	40	static
leds.c:534:6:led_bar_off	8	static
leds.c:552:6:generate_led_pwm	32	static
leds.c:588:6:update_led_bar	8	static
leds.c:613:6:led_bar_test	16	static
