i2c_manager.c:135:6:i2c_init_lux	8	static
i2c_manager.c:148:6:i2c_init_temp_humidity	8	static
i2c_manager.c:161:6:i2c_init_CO2_voc	8	static
i2c_manager.c:174:6:i2c_init_particulate_matter	8	static
i2c_manager.c:187:6:i2c_init_enviromental	8	static
i2c_manager.c:209:6:i2c_init	8	static
i2c_manager.c:225:6:i2c_manager_init	16	static
i2c_manager.c:329:6:i2c_sensor_process	24	static
i2c_manager.c:502:6:i2c_write_read_sensor	32	static
i2c_manager.c:537:6:i2c_write_sensor	16	static
i2c_manager.c:570:6:i2c_read_sensor	16	static
i2c_manager.c:604:6:print_sensor_process	48	static
i2c_manager.c:631:6:sensor_error	16	static
i2c_manager.c:658:13:reset_i2c	16	static
