sensirion_common.c:41:9:sensirion_common_generate_crc	8	static
sensirion_common.c:59:8:sensirion_common_check_crc	12	static
sensirion_common.c:66:10:sensirion_fill_cmd_send_buf	20	static
sensirion_common.c:86:9:sensirion_i2c_read_bytes	96	static
sensirion_common.c:113:9:sensirion_i2c_read_words	112	static
sensirion_common.c:128:9:sensirion_i2c_write_cmd	16	static
sensirion_common.c:135:9:sensirion_i2c_write_cmd_with_args	64	static
sensirion_common.c:145:9:sensirion_i2c_delayed_read_cmd	120	static
sensirion_common.c:162:9:sensirion_i2c_read_cmd	120	static
