sgp30.c:104:16:sgp30_check_featureset	32	static
sgp30.c:122:9:sgp30_measure_test	48	static
sgp30.c:142:9:sgp30_measure_iaq	8	static
sgp30.c:146:9:sgp30_read_iaq	40	static
sgp30.c:159:9:sgp30_measure_iaq_blocking_read	32	static
sgp30.c:172:9:sgp30_measure_tvoc	8	static
sgp30.c:176:9:sgp30_read_tvoc	24	static
sgp30.c:181:9:sgp30_measure_tvoc_blocking_read	24	static
sgp30.c:186:9:sgp30_measure_co2_eq	8	static
sgp30.c:190:9:sgp30_read_co2_eq	24	static
sgp30.c:195:9:sgp30_measure_co2_eq_blocking_read	24	static
sgp30.c:200:9:sgp30_measure_raw_blocking_read	32	static
sgp30.c:213:9:sgp30_measure_raw	8	static
sgp30.c:217:9:sgp30_read_raw	40	static
sgp30.c:230:9:sgp30_get_iaq_baseline	32	static
sgp30.c:255:9:sgp30_set_iaq_baseline	32	static
sgp30.c:272:9:sgp30_get_tvoc_inceptive_baseline	32	static
sgp30.c:293:9:sgp30_set_tvoc_baseline	32	static
sgp30.c:313:9:sgp30_set_absolute_humidity	32	static
sgp30.c:332:13:sgp30_get_driver_version	8	static
sgp30.c:336:9:sgp30_get_configured_address	8	static
sgp30.c:340:9:sgp30_get_feature_set_version	48	static
sgp30.c:359:9:sgp30_get_serial_id	96	static
sgp30.c:377:9:sgp30_iaq_init	24	static
sgp30.c:384:9:sgp30_probe	24	static
