main.c:100:5:main	16	static
main.c:163:6:SystemClock_Config	128	static
main.c:221:13:MX_ADC1_Init	24	static
main.c:278:13:MX_CRC_Init	8	static
main.c:310:13:MX_I2C2_Init	8	static
main.c:356:13:MX_RTC_Init	32	static
main.c:421:13:MX_SPI1_Init	8	static
main.c:461:13:MX_SPI2_Init	8	static
main.c:501:13:MX_USART1_UART_Init	8	static
main.c:549:13:MX_USART2_UART_Init	8	static
main.c:583:13:MX_DMA_Init	16	static
main.c:601:13:MX_GPIO_Init	48	static
main.c:664:1:__io_putchar	16	static
main.c:679:6:Error_Handler	8	static
