Archive member included to satisfy reference by file (symbol)

c:/st/stm32cubeide_1.1.0/stm32cubeide/plugins/com.st.stm32cube.ide.mcu.externaltools.gnu-tools-for-stm32.7-2018-q2-update.win32_1.0.0.201904181610/tools/bin/../lib/gcc/arm-none-eabi/7.3.1/../../../../arm-none-eabi/lib/thumb/v6-m\libc_nano.a(lib_a-errno.o)
                              Core/Src/syscalls.o (__errno)
c:/st/stm32cubeide_1.1.0/stm32cubeide/plugins/com.st.stm32cube.ide.mcu.externaltools.gnu-tools-for-stm32.7-2018-q2-update.win32_1.0.0.201904181610/tools/bin/../lib/gcc/arm-none-eabi/7.3.1/../../../../arm-none-eabi/lib/thumb/v6-m\libc_nano.a(lib_a-exit.o)
                              c:/st/stm32cubeide_1.1.0/stm32cubeide/plugins/com.st.stm32cube.ide.mcu.externaltools.gnu-tools-for-stm32.7-2018-q2-update.win32_1.0.0.201904181610/tools/bin/../lib/gcc/arm-none-eabi/7.3.1/../../../../arm-none-eabi/lib/thumb/v6-m/crt0.o (exit)
c:/st/stm32cubeide_1.1.0/stm32cubeide/plugins/com.st.stm32cube.ide.mcu.externaltools.gnu-tools-for-stm32.7-2018-q2-update.win32_1.0.0.201904181610/tools/bin/../lib/gcc/arm-none-eabi/7.3.1/../../../../arm-none-eabi/lib/thumb/v6-m\libc_nano.a(lib_a-impure.o)
                              c:/st/stm32cubeide_1.1.0/stm32cubeide/plugins/com.st.stm32cube.ide.mcu.externaltools.gnu-tools-for-stm32.7-2018-q2-update.win32_1.0.0.201904181610/tools/bin/../lib/gcc/arm-none-eabi/7.3.1/../../../../arm-none-eabi/lib/thumb/v6-m\libc_nano.a(lib_a-exit.o) (_global_impure_ptr)
c:/st/stm32cubeide_1.1.0/stm32cubeide/plugins/com.st.stm32cube.ide.mcu.externaltools.gnu-tools-for-stm32.7-2018-q2-update.win32_1.0.0.201904181610/tools/bin/../lib/gcc/arm-none-eabi/7.3.1/../../../../arm-none-eabi/lib/thumb/v6-m\libc_nano.a(lib_a-init.o)
                              c:/st/stm32cubeide_1.1.0/stm32cubeide/plugins/com.st.stm32cube.ide.mcu.externaltools.gnu-tools-for-stm32.7-2018-q2-update.win32_1.0.0.201904181610/tools/bin/../lib/gcc/arm-none-eabi/7.3.1/../../../../arm-none-eabi/lib/thumb/v6-m/crt0.o (__libc_init_array)
c:/st/stm32cubeide_1.1.0/stm32cubeide/plugins/com.st.stm32cube.ide.mcu.externaltools.gnu-tools-for-stm32.7-2018-q2-update.win32_1.0.0.201904181610/tools/bin/../lib/gcc/arm-none-eabi/7.3.1/../../../../arm-none-eabi/lib/thumb/v6-m\libc_nano.a(lib_a-memcpy-stub.o)
                              Core/Src/cs_ctrl/sensors.o (memcpy)
c:/st/stm32cubeide_1.1.0/stm32cubeide/plugins/com.st.stm32cube.ide.mcu.externaltools.gnu-tools-for-stm32.7-2018-q2-update.win32_1.0.0.201904181610/tools/bin/../lib/gcc/arm-none-eabi/7.3.1/../../../../arm-none-eabi/lib/thumb/v6-m\libc_nano.a(lib_a-memset.o)
                              c:/st/stm32cubeide_1.1.0/stm32cubeide/plugins/com.st.stm32cube.ide.mcu.externaltools.gnu-tools-for-stm32.7-2018-q2-update.win32_1.0.0.201904181610/tools/bin/../lib/gcc/arm-none-eabi/7.3.1/../../../../arm-none-eabi/lib/thumb/v6-m/crt0.o (memset)
c:/st/stm32cubeide_1.1.0/stm32cubeide/plugins/com.st.stm32cube.ide.mcu.externaltools.gnu-tools-for-stm32.7-2018-q2-update.win32_1.0.0.201904181610/tools/bin/../lib/gcc/arm-none-eabi/7.3.1/../../../../arm-none-eabi/lib/thumb/v6-m\libc_nano.a(lib_a-printf.o)
                              Core/Src/i2c/LTR_329ALS.o (printf)
c:/st/stm32cubeide_1.1.0/stm32cubeide/plugins/com.st.stm32cube.ide.mcu.externaltools.gnu-tools-for-stm32.7-2018-q2-update.win32_1.0.0.201904181610/tools/bin/../lib/gcc/arm-none-eabi/7.3.1/../../../../arm-none-eabi/lib/thumb/v6-m\libc_nano.a(lib_a-puts.o)
                              Core/Src/main.o (puts)
c:/st/stm32cubeide_1.1.0/stm32cubeide/plugins/com.st.stm32cube.ide.mcu.externaltools.gnu-tools-for-stm32.7-2018-q2-update.win32_1.0.0.201904181610/tools/bin/../lib/gcc/arm-none-eabi/7.3.1/../../../../arm-none-eabi/lib/thumb/v6-m\libc_nano.a(lib_a-wbuf.o)
                              c:/st/stm32cubeide_1.1.0/stm32cubeide/plugins/com.st.stm32cube.ide.mcu.externaltools.gnu-tools-for-stm32.7-2018-q2-update.win32_1.0.0.201904181610/tools/bin/../lib/gcc/arm-none-eabi/7.3.1/../../../../arm-none-eabi/lib/thumb/v6-m\libc_nano.a(lib_a-puts.o) (__swbuf_r)
c:/st/stm32cubeide_1.1.0/stm32cubeide/plugins/com.st.stm32cube.ide.mcu.externaltools.gnu-tools-for-stm32.7-2018-q2-update.win32_1.0.0.201904181610/tools/bin/../lib/gcc/arm-none-eabi/7.3.1/../../../../arm-none-eabi/lib/thumb/v6-m\libc_nano.a(lib_a-wsetup.o)
                              c:/st/stm32cubeide_1.1.0/stm32cubeide/plugins/com.st.stm32cube.ide.mcu.externaltools.gnu-tools-for-stm32.7-2018-q2-update.win32_1.0.0.201904181610/tools/bin/../lib/gcc/arm-none-eabi/7.3.1/../../../../arm-none-eabi/lib/thumb/v6-m\libc_nano.a(lib_a-puts.o) (__swsetup_r)
c:/st/stm32cubeide_1.1.0/stm32cubeide/plugins/com.st.stm32cube.ide.mcu.externaltools.gnu-tools-for-stm32.7-2018-q2-update.win32_1.0.0.201904181610/tools/bin/../lib/gcc/arm-none-eabi/7.3.1/../../../../arm-none-eabi/lib/thumb/v6-m\libc_nano.a(lib_a-fflush.o)
[...]
Memory Configuration

Name             Origin             Length             Attributes
RAM              0x0000000020000000 0x0000000000002000 xrw
FLASH            0x0000000008000000 0x0000000000010000 xr
*default*        0x0000000000000000 0xffffffffffffffff

Linker script and memory map

LOAD c:/st/stm32cubeide_1.1.0/stm32cubeide/plugins/com.st.stm32cube.ide.mcu.externaltools.gnu-tools-for-stm32.7-2018-q2-update.win32_1.0.0.201904181610/tools/bin/../lib/gcc/arm-none-eabi/7.3.1/thumb/v6-m/crti.o
LOAD c:/st/stm32cubeide_1.1.0/stm32cubeide/plugins/com.st.stm32cube.ide.mcu.externaltools.gnu-tools-for-stm32.7-2018-q2-update.win32_1.0.0.201904181610/tools/bin/../lib/gcc/arm-none-eabi/7.3.1/thumb/v6-m/crtbegin.o
LOAD c:/st/stm32cubeide_1.1.0/stm32cubeide/plugins/com.st.stm32cube.ide.mcu.externaltools.gnu-tools-for-stm32.7-2018-q2-update.win32_1.0.0.201904181610/tools/bin/../lib/gcc/arm-none-eabi/7.3.1/../../../../arm-none-eabi/lib/thumb/v6-m/crt0.o
LOAD Core/Src/blank.o
LOAD Core/Src/main.o
LOAD Core/Src/stm32g0xx_hal_msp.o
LOAD Core/Src/stm32g0xx_it.o
LOAD Core/Src/syscalls.o
LOAD Core/Src/sysmem.o
LOAD Core/Src/system_stm32g0xx.o
LOAD Core/Src/temp_bme680.o
LOAD Core/Src/cs_ctrl/cs_manager.o
LOAD Core/Src/cs_ctrl/sensors.o
LOAD Core/Src/hal/co2_voc.o
LOAD Core/Src/hal/leds.o
LOAD Core/Src/hal/lux.o
LOAD Core/Src/hal/temp_humidity.o
LOAD Core/Src/i2c/LTR_329ALS.o
LOAD Core/Src/i2c/Si7020.o
LOAD Core/Src/i2c/bme680_interface.o
LOAD Core/Src/i2c/i2c_manager.o
LOAD Core/Src/i2c/sensirion_support.o
LOAD Core/Src/i2c/sgp30_interface.o
LOAD Core/Src/i2c/sps30_interface.o
LOAD Core/Src/i2c/embedded-common/sensirion_common.o
LOAD Core/Src/i2c/sgp30/sgp30.o
LOAD Core/Src/i2c/sps30/sps30.o
LOAD Core/Src/iMatrix/kalman_filter/kalman_filter.o
LOAD Core/Src/init/init.o
LOAD Core/Src/product/controls_def.o
LOAD Core/Src/product/hal_ble_device_rssi_levels_2037468041.o
LOAD Core/Src/product/hal_co2_equivalent_2088797904.o
LOAD Core/Src/product/hal_functions.o
LOAD Core/Src/product/hal_humidity_342048076.o
LOAD Core/Src/product/hal_mass_concentration_pm_10_0_734215216.o
LOAD Core/Src/product/hal_mass_concentration_pm_1_0_32791331.o
LOAD Core/Src/product/hal_mass_concentration_pm_2_5_1698993330.o
LOAD Core/Src/product/hal_mass_concentration_pm_4_0_1858953557.o
LOAD Core/Src/product/hal_number_concentration_pm_0_5_1642774029.o
LOAD Core/Src/product/hal_number_concentration_pm_10_0_1909326236.o
LOAD Core/Src/product/hal_number_concentration_pm_1_0_1984590476.o
LOAD Core/Src/product/hal_number_concentration_pm_2_5_1751774023.o
LOAD Core/Src/product/hal_number_concentration_pm_4_0_891153645.o
LOAD Core/Src/product/hal_particulate_matter_index_1695740845.o
LOAD Core/Src/product/hal_temperature_1913614964.o
LOAD Core/Src/product/hal_typical_particle_size_159299661.o
LOAD Core/Src/product/hal_voc_1189979747.o
LOAD Core/Src/product/product.o
LOAD Core/Src/product/sensors_def.o
LOAD Core/Src/time/ck_time.o
LOAD Core/Startup/startup_stm32g031k8ux.o
LOAD Drivers/STM32G0xx_HAL_Driver/Src/stm32g0xx_hal.o
LOAD Drivers/STM32G0xx_HAL_Driver/Src/stm32g0xx_hal_adc.o
LOAD Drivers/STM32G0xx_HAL_Driver/Src/stm32g0xx_hal_adc_ex.o
LOAD Drivers/STM32G0xx_HAL_Driver/Src/stm32g0xx_hal_cortex.o
LOAD Drivers/STM32G0xx_HAL_Driver/Src/stm32g0xx_hal_dma.o
LOAD Drivers/STM32G0xx_HAL_Driver/Src/stm32g0xx_hal_dma_ex.o
LOAD Drivers/STM32G0xx_HAL_Driver/Src/stm32g0xx_hal_exti.o
LOAD Drivers/STM32G0xx_HAL_Driver/Src/stm32g0xx_hal_flash.o
LOAD Drivers/STM32G0xx_HAL_Driver/Src/stm32g0xx_hal_flash_ex.o
LOAD Drivers/STM32G0xx_HAL_Driver/Src/stm32g0xx_hal_gpio.o
LOAD Drivers/STM32G0xx_HAL_Driver/Src/stm32g0xx_hal_i2c.o
LOAD Drivers/STM32G0xx_HAL_Driver/Src/stm32g0xx_hal_i2c_ex.o
LOAD Drivers/STM32G0xx_HAL_Driver/Src/stm32g0xx_hal_pwr.o
LOAD Drivers/STM32G0xx_HAL_Driver/Src/stm32g0xx_hal_pwr_ex.o
LOAD Drivers/STM32G0xx_HAL_Driver/Src/stm32g0xx_hal_rcc.o
LOAD Drivers/STM32G0xx_HAL_Driver/Src/stm32g0xx_hal_rcc_ex.o
LOAD Drivers/STM32G0xx_HAL_Driver/Src/stm32g0xx_hal_rtc.o
LOAD Drivers/STM32G0xx_HAL_Driver/Src/stm32g0xx_hal_rtc_ex.o
LOAD Drivers/STM32G0xx_HAL_Driver/Src/stm32g0xx_hal_spi.o
LOAD Drivers/STM32G0xx_HAL_Driver/Src/stm32g0xx_hal_spi_ex.o
LOAD Drivers/STM32G0xx_HAL_Driver/Src/stm32g0xx_hal_tim.o
LOAD Drivers/STM32G0xx_HAL_Driver/Src/stm32g0xx_hal_tim_ex.o
LOAD Drivers/STM32G0xx_HAL_Driver/Src/stm32g0xx_hal_uart.o
LOAD Drivers/STM32G0xx_HAL_Driver/Src/stm32g0xx_hal_uart_ex.o
LOAD Drivers/STM32G0xx_HAL_Driver/Src/stm32g0xx_ll_adc.o
LOAD Drivers/STM32G0xx_HAL_Driver/Src/stm32g0xx_ll_rcc.o
START GROUP
LOAD c:/st/stm32cubeide_1.1.0/stm32cubeide/plugins/com.st.stm32cube.ide.mcu.externaltools.gnu-tools-for-stm32.7-2018-q2-update.win32_1.0.0.201904181610/tools/bin/../lib/gcc/arm-none-eabi/7.3.1/../../../../arm-none-eabi/lib/thumb/v6-m\libc_nano.a
LOAD c:/st/stm32cubeide_1.1.0/stm32cubeide/plugins/com.st.stm32cube.ide.mcu.externaltools.gnu-tools-for-stm32.7-2018-q2-update.win32_1.0.0.201904181610/tools/bin/../lib/gcc/arm-none-eabi/7.3.1/../../../../arm-none-eabi/lib/thumb/v6-m\libm.a
END GROUP
START GROUP
LOAD c:/st/stm32cubeide_1.1.0/stm32cubeide/plugins/com.st.stm32cube.ide.mcu.externaltools.gnu-tools-for-stm32.7-2018-q2-update.win32_1.0.0.201904181610/tools/bin/../lib/gcc/arm-none-eabi/7.3.1/thumb/v6-m\libgcc.a
LOAD c:/st/stm32cubeide_1.1.0/stm32cubeide/plugins/com.st.stm32cube.ide.mcu.externaltools.gnu-tools-for-stm32.7-2018-q2-update.win32_1.0.0.201904181610/tools/bin/../lib/gcc/arm-none-eabi/7.3.1/../../../../arm-none-eabi/lib/thumb/v6-m\libc_nano.a
END GROUP
START GROUP
LOAD c:/st/stm32cubeide_1.1.0/stm32cubeide/plugins/com.st.stm32cube.ide.mcu.externaltools.gnu-tools-for-stm32.7-2018-q2-update.win32_1.0.0.201904181610/tools/bin/../lib/gcc/arm-none-eabi/7.3.1/thumb/v6-m\libgcc.a
LOAD c:/st/stm32cubeide_1.1.0/stm32cubeide/plugins/com.st.stm32cube.ide.mcu.externaltools.gnu-tools-for-stm32.7-2018-q2-update.win32_1.0.0.201904181610/tools/bin/../lib/gcc/arm-none-eabi/7.3.1/../../../../arm-none-eabi/lib/thumb/v6-m\libc_nano.a
LOAD c:/st/stm32cubeide_1.1.0/stm32cubeide/plugins/com.st.stm32cube.ide.mcu.externaltools.gnu-tools-for-stm32.7-2018-q2-update.win32_1.0.0.201904181610/tools/bin/../lib/gcc/arm-none-eabi/7.3.1/../../../../arm-none-eabi/lib/thumb/v6-m\libnosys.a
END GROUP
START GROUP
LOAD c:/st/stm32cubeide_1.1.0/stm32cubeide/plugins/com.st.stm32cube.ide.mcu.externaltools.gnu-tools-for-stm32.7-2018-q2-update.win32_1.0.0.201904181610/tools/bin/../lib/gcc/arm-none-eabi/7.3.1/thumb/v6-m\libgcc.a
LOAD c:/st/stm32cubeide_1.1.0/stm32cubeide/plugins/com.st.stm32cube.ide.mcu.externaltools.gnu-tools-for-stm32.7-2018-q2-update.win32_1.0.0.201904181610/tools/bin/../lib/gcc/arm-none-eabi/7.3.1/../../../../arm-none-eabi/lib/thumb/v6-m\libc_nano.a
LOAD c:/st/stm32cubeide_1.1.0/stm32cubeide/plugins/com.st.stm32cube.ide.mcu.externaltools.gnu-tools-for-stm32.7-2018-q2-update.win32_1.0.0.201904181610/tools/bin/../lib/gcc/arm-none-eabi/7.3.1/../../../../arm-none-eabi/lib/thumb/v6-m\libnosys.a
END GROUP
LOAD c:/st/stm32cubeide_1.1.0/stm32cubeide/plugins/com.st.stm32cube.ide.mcu.externaltools.gnu-tools-for-stm32.7-2018-q2-update.win32_1.0.0.201904181610/tools/bin/../lib/gcc/arm-none-eabi/7.3.1/thumb/v6-m/crtend.o
LOAD c:/st/stm32cubeide_1.1.0/stm32cubeide/plugins/com.st.stm32cube.ide.mcu.externaltools.gnu-tools-for-stm32.7-2018-q2-update.win32_1.0.0.201904181610/tools/bin/../lib/gcc/arm-none-eabi/7.3.1/thumb/v6-m/crtn.o
                0x0000000020002000                _estack = (ORIGIN (RAM) + LENGTH (RAM))
                0x0000000000000200                _Min_Heap_Size = 0x200
                0x0000000000000400                _Min_Stack_Size = 0x400

.isr_vector     0x0000000008000000       0xbc
                0x0000000008000000                . = ALIGN (0x4)
 *(.isr_vector)
 .isr_vector    0x0000000008000000       0xbc Core/Startup/startup_stm32g031k8ux.o
                0x0000000008000000                g_pfnVectors
                0x00000000080000bc                . = ALIGN (0x4)

.text           0x00000000080000bc     0xc12c
                0x00000000080000bc                . = ALIGN (0x4)
 *(.text)
 .text          0x00000000080000bc       0x48 c:/st/stm32cubeide_1.1.0/stm32cubeide/plugins/com.st.stm32cube.ide.mcu.externaltools.gnu-tools-for-stm32.7-2018-q2-update.win32_1.0.0.201904181610/tools/bin/../lib/gcc/arm-none-eabi/7.3.1/thumb/v6-m/crtbegin.o
 .text          0x0000000008000104      0x114 c:/st/stm32cubeide_1.1.0/stm32cubeide/plugins/com.st.stm32cube.ide.mcu.externaltools.gnu-tools-for-stm32.7-2018-q2-update.win32_1.0.0.201904181610/tools/bin/../lib/gcc/arm-none-eabi/7.3.1/thumb/v6-m\libgcc.a(_udivsi3.o)
                0x0000000008000104                __aeabi_uidiv
                0x0000000008000104                __udivsi3
                0x0000000008000210                __aeabi_uidivmod
 .text          0x0000000008000218      0x1d4 c:/st/stm32cubeide_1.1.0/stm32cubeide/plugins/com.st.stm32cube.ide.mcu.externaltools.gnu-tools-for-stm32.7-2018-q2-update.win32_1.0.0.201904181610/tools/bin/../lib/gcc/arm-none-eabi/7.3.1/thumb/v6-m\libgcc.a(_divsi3.o)
                0x0000000008000218                __divsi3
                0x0000000008000218                __aeabi_idiv
                0x00000000080003e4                __aeabi_idivmod
 .text          0x00000000080003ec        0x4 c:/st/stm32cubeide_1.1.0/stm32cubeide/plugins/com.st.stm32cube.ide.mcu.externaltools.gnu-tools-for-stm32.7-2018-q2-update.win32_1.0.0.201904181610/tools/bin/../lib/gcc/arm-none-eabi/7.3.1/thumb/v6-m\libgcc.a(_dvmd_tls.o)
                0x00000000080003ec                __aeabi_idiv0
                0x00000000080003ec                __aeabi_ldiv0
 .text          0x00000000080003f0       0x7c c:/st/stm32cubeide_1.1.0/stm32cubeide/plugins/com.st.stm32cube.ide.mcu.externaltools.gnu-tools-for-stm32.7-2018-q2-update.win32_1.0.0.201904181610/tools/bin/../lib/gcc/arm-none-eabi/7.3.1/thumb/v6-m\libgcc.a(_arm_cmpdf2.o)
                0x00000000080003f0                __aeabi_cdrcmple
                0x0000000008000400                __aeabi_cdcmple
                0x0000000008000400                __aeabi_cdcmpeq
                0x0000000008000410                __aeabi_dcmpeq
                0x000000000800041c                __aeabi_dcmplt
                0x0000000008000430                __aeabi_dcmple
                0x0000000008000444                __aeabi_dcmpgt
                0x0000000008000458                __aeabi_dcmpge
 .text          0x000000000800046c       0x74 c:/st/stm32cubeide_1.1.0/stm32cubeide/plugins/com.st.stm32cube.ide.mcu.externaltools.gnu-tools-for-stm32.7-2018-q2-update.win32_1.0.0.201904181610/tools/bin/../lib/gcc/arm-none-eabi/7.3.1/thumb/v6-m\libgcc.a(_arm_cmpsf2.o)
                0x000000000800046c                __aeabi_cfrcmple
                0x0000000008000474                __aeabi_cfcmpeq
                0x0000000008000474                __aeabi_cfcmple
                0x0000000008000484                __aeabi_fcmpeq
                0x0000000008000490                __aeabi_fcmplt
                0x00000000080004a4                __aeabi_fcmple
                0x00000000080004b8                __aeabi_fcmpgt
                0x00000000080004cc                __aeabi_fcmpge
 .text          0x00000000080004e0       0x40 c:/st/stm32cubeide_1.1.0/stm32cubeide/plugins/com.st.stm32cube.ide.mcu.externaltools.gnu-tools-for-stm32.7-2018-q2-update.win32_1.0.0.201904181610/tools/bin/../lib/gcc/arm-none-eabi/7.3.1/thumb/v6-m\libgcc.a(_aeabi_uldivmod.o)
                0x00000000080004e0                __aeabi_uldivmod
 .text          0x0000000008000520       0x30 c:/st/stm32cubeide_1.1.0/stm32cubeide/plugins/com.st.stm32cube.ide.mcu.externaltools.gnu-tools-for-stm32.7-2018-q2-update.win32_1.0.0.201904181610/tools/bin/../lib/gcc/arm-none-eabi/7.3.1/thumb/v6-m\libgcc.a(_fixunssfsi.o)
                0x0000000008000520                __fixunssfsi
                0x0000000008000520                __aeabi_f2uiz
 .text          0x0000000008000550      0x184 c:/st/stm32cubeide_1.1.0/stm32cubeide/plugins/com.st.stm32cube.ide.mcu.externaltools.gnu-tools-for-stm32.7-2018-q2-update.win32_1.0.0.201904181610/tools/bin/../lib/gcc/arm-none-eabi/7.3.1/thumb/v6-m\libgcc.a(_udivmoddi4.o)
                0x0000000008000550                __udivmoddi4
 .text          0x00000000080006d4      0x334 c:/st/stm32cubeide_1.1.0/stm32cubeide/plugins/com.st.stm32cube.ide.mcu.externaltools.gnu-tools-for-stm32.7-2018-q2-update.win32_1.0.0.201904181610/tools/bin/../lib/gcc/arm-none-eabi/7.3.1/thumb/v6-m\libgcc.a(addsf3.o)
                0x00000000080006d4                __aeabi_fadd
 .text          0x0000000008000a08      0x224 c:/st/stm32cubeide_1.1.0/stm32cubeide/plugins/com.st.stm32cube.ide.mcu.externaltools.gnu-tools-for-stm32.7-2018-q2-update.win32_1.0.0.201904181610/tools/bin/../lib/gcc/arm-none-eabi/7.3.1/thumb/v6-m\libgcc.a(divsf3.o)
                0x0000000008000a08                __aeabi_fdiv
 .text          0x0000000008000c2c       0x50 c:/st/stm32cubeide_1.1.0/stm32cubeide/plugins/com.st.stm32cube.ide.mcu.externaltools.gnu-tools-for-stm32.7-2018-q2-update.win32_1.0.0.201904181610/tools/bin/../lib/gcc/arm-none-eabi/7.3.1/thumb/v6-m\libgcc.a(eqsf2.o)
                0x0000000008000c2c                __eqsf2
                0x0000000008000c2c                __nesf2
 .text          0x0000000008000c7c       0x9c c:/st/stm32cubeide_1.1.0/stm32cubeide/plugins/com.st.stm32cube.ide.mcu.externaltools.gnu-tools-for-stm32.7-2018-q2-update.win32_1.0.0.201904181610/tools/bin/../lib/gcc/arm-none-eabi/7.3.1/thumb/v6-m\libgcc.a(gesf2.o)
                0x0000000008000c7c                __gesf2
                0x0000000008000c7c                __gtsf2
 .text          0x0000000008000d18       0xa0 c:/st/stm32cubeide_1.1.0/stm32cubeide/plugins/com.st.stm32cube.ide.mcu.externaltools.gnu-tools-for-stm32.7-2018-q2-update.win32_1.0.0.201904181610/tools/bin/../lib/gcc/arm-none-eabi/7.3.1/thumb/v6-m\libgcc.a(lesf2.o)
                0x0000000008000d18                __ltsf2
                0x0000000008000d18                __lesf2
 .text          0x0000000008000db8      0x264 c:/st/stm32cubeide_1.1.0/stm32cubeide/plugins/com.st.stm32cube.ide.mcu.externaltools.gnu-tools-for-stm32.7-2018-q2-update.win32_1.0.0.201904181610/tools/bin/../lib/gcc/arm-none-eabi/7.3.1/thumb/v6-m\libgcc.a(mulsf3.o)
                0x0000000008000db8                __aeabi_fmul
 .text          0x000000000800101c      0x388 c:/st/stm32cubeide_1.1.0/stm32cubeide/plugins/com.st.stm32cube.ide.mcu.externaltools.gnu-tools-for-stm32.7-2018-q2-update.win32_1.0.0.201904181610/tools/bin/../lib/gcc/arm-none-eabi/7.3.1/thumb/v6-m\libgcc.a(subsf3.o)
                0x000000000800101c                __aeabi_fsub
 .text          0x00000000080013a4       0x40 c:/st/stm32cubeide_1.1.0/stm32cubeide/plugins/com.st.stm32cube.ide.mcu.externaltools.gnu-tools-for-stm32.7-2018-q2-update.win32_1.0.0.201904181610/tools/bin/../lib/gcc/arm-none-eabi/7.3.1/thumb/v6-m\libgcc.a(fixsfsi.o)
                0x00000000080013a4                __aeabi_f2iz
 .text          0x00000000080013e4       0x94 c:/st/stm32cubeide_1.1.0/stm32cubeide/plugins/com.st.stm32cube.ide.mcu.externaltools.gnu-tools-for-stm32.7-2018-q2-update.win32_1.0.0.201904181610/tools/bin/../lib/gcc/arm-none-eabi/7.3.1/thumb/v6-m\libgcc.a(floatsisf.o)
                0x00000000080013e4                __aeabi_i2f
 .text          0x0000000008001478       0x80 c:/st/stm32cubeide_1.1.0/stm32cubeide/plugins/com.st.stm32cube.ide.mcu.externaltools.gnu-tools-for-stm32.7-2018-q2-update.win32_1.0.0.201904181610/tools/bin/../lib/gcc/arm-none-eabi/7.3.1/thumb/v6-m\libgcc.a(floatunsisf.o)
                0x0000000008001478                __aeabi_ui2f
 .text          0x00000000080014f8      0x638 c:/st/stm32cubeide_1.1.0/stm32cubeide/plugins/com.st.stm32cube.ide.mcu.externaltools.gnu-tools-for-stm32.7-2018-q2-update.win32_1.0.0.201904181610/tools/bin/../lib/gcc/arm-none-eabi/7.3.1/thumb/v6-m\libgcc.a(adddf3.o)
                0x00000000080014f8                __aeabi_dadd
 .text          0x0000000008001b30      0x604 c:/st/stm32cubeide_1.1.0/stm32cubeide/plugins/com.st.stm32cube.ide.mcu.externaltools.gnu-tools-for-stm32.7-2018-q2-update.win32_1.0.0.201904181610/tools/bin/../lib/gcc/arm-none-eabi/7.3.1/thumb/v6-m\libgcc.a(divdf3.o)
                0x0000000008001b30                __aeabi_ddiv
 .text          0x0000000008002134       0x78 c:/st/stm32cubeide_1.1.0/stm32cubeide/plugins/com.st.stm32cube.ide.mcu.externaltools.gnu-tools-for-stm32.7-2018-q2-update.win32_1.0.0.201904181610/tools/bin/../lib/gcc/arm-none-eabi/7.3.1/thumb/v6-m\libgcc.a(eqdf2.o)
                0x0000000008002134                __nedf2
                0x0000000008002134                __eqdf2
 .text          0x00000000080021ac       0xc8 c:/st/stm32cubeide_1.1.0/stm32cubeide/plugins/com.st.stm32cube.ide.mcu.externaltools.gnu-tools-for-stm32.7-2018-q2-update.win32_1.0.0.201904181610/tools/bin/../lib/gcc/arm-none-eabi/7.3.1/thumb/v6-m\libgcc.a(gedf2.o)
                0x00000000080021ac                __gedf2
                0x00000000080021ac                __gtdf2
 .text          0x0000000008002274       0xd0 c:/st/stm32cubeide_1.1.0/stm32cubeide/plugins/com.st.stm32cube.ide.mcu.externaltools.gnu-tools-for-stm32.7-2018-q2-update.win32_1.0.0.201904181610/tools/bin/../lib/gcc/arm-none-eabi/7.3.1/thumb/v6-m\libgcc.a(ledf2.o)
                0x0000000008002274                __ledf2
                0x0000000008002274                __ltdf2
 .text          0x0000000008002344      0x4e4 c:/st/stm32cubeide_1.1.0/stm32cubeide/plugins/com.st.stm32cube.ide.mcu.externaltools.gnu-tools-for-stm32.7-2018-q2-update.win32_1.0.0.201904181610/tools/bin/../lib/gcc/arm-none-eabi/7.3.1/thumb/v6-m\libgcc.a(muldf3.o)
                0x0000000008002344                __aeabi_dmul
 .text          0x0000000008002828      0x690 c:/st/stm32cubeide_1.1.0/stm32cubeide/plugins/com.st.stm32cube.ide.mcu.externaltools.gnu-tools-for-stm32.7-2018-q2-update.win32_1.0.0.201904181610/tools/bin/../lib/gcc/arm-none-eabi/7.3.1/thumb/v6-m\libgcc.a(subdf3.o)
                0x0000000008002828                __aeabi_dsub
 .text          0x0000000008002eb8       0x38 c:/st/stm32cubeide_1.1.0/stm32cubeide/plugins/com.st.stm32cube.ide.mcu.externaltools.gnu-tools-for-stm32.7-2018-q2-update.win32_1.0.0.201904181610/tools/bin/../lib/gcc/arm-none-eabi/7.3.1/thumb/v6-m\libgcc.a(unorddf2.o)
                0x0000000008002eb8                __aeabi_dcmpun
 .text          0x0000000008002ef0       0x74 c:/st/stm32cubeide_1.1.0/stm32cubeide/plugins/com.st.stm32cube.ide.mcu.externaltools.gnu-tools-for-stm32.7-2018-q2-update.win32_1.0.0.201904181610/tools/bin/../lib/gcc/arm-none-eabi/7.3.1/thumb/v6-m\libgcc.a(floatsidf.o)
                0x0000000008002ef0                __aeabi_i2d
 .text          0x0000000008002f64       0xa4 c:/st/stm32cubeide_1.1.0/stm32cubeide/plugins/com.st.stm32cube.ide.mcu.externaltools.gnu-tools-for-stm32.7-2018-q2-update.win32_1.0.0.201904181610/tools/bin/../lib/gcc/arm-none-eabi/7.3.1/thumb/v6-m\libgcc.a(extendsfdf2.o)
                0x0000000008002f64                __aeabi_f2d
 .text          0x0000000008003008      0x108 c:/st/stm32cubeide_1.1.0/stm32cubeide/plugins/com.st.stm32cube.ide.mcu.externaltools.gnu-tools-for-stm32.7-2018-q2-update.win32_1.0.0.201904181610/tools/bin/../lib/gcc/arm-none-eabi/7.3.1/thumb/v6-m\libgcc.a(truncdfsf2.o)
                0x0000000008003008                __aeabi_d2f
 .text          0x0000000008003110       0x3c c:/st/stm32cubeide_1.1.0/stm32cubeide/plugins/com.st.stm32cube.ide.mcu.externaltools.gnu-tools-for-stm32.7-2018-q2-update.win32_1.0.0.201904181610/tools/bin/../lib/gcc/arm-none-eabi/7.3.1/thumb/v6-m\libgcc.a(_clzsi2.o)
                0x0000000008003110                __clzsi2
 .text          0x000000000800314c       0x18 c:/st/stm32cubeide_1.1.0/stm32cubeide/plugins/com.st.stm32cube.ide.mcu.externaltools.gnu-tools-for-stm32.7-2018-q2-update.win32_1.0.0.201904181610/tools/bin/../lib/gcc/arm-none-eabi/7.3.1/thumb/v6-m\libgcc.a(_clzdi2.o)
                0x000000000800314c                __clzdi2
 *(.text*)
 .text.SystemClock_Config
                0x0000000008003164       0x90 Core/Src/main.o
                0x0000000008003164                SystemClock_Config
 .text.startup.main
                0x00000000080031f4      0x32c Core/Src/main.o
                0x00000000080031f4                main
 .text.__io_putchar
                0x0000000008003520       0x20 Core/Src/main.o
                0x0000000008003520                __io_putchar
 .text.Error_Handler
                0x0000000008003540        0x4 Core/Src/main.o
                0x0000000008003540                Error_Handler
 .text.HAL_MspInit
                0x0000000008003544       0x30 Core/Src/stm32g0xx_hal_msp.o
                0x0000000008003544                HAL_MspInit
 .text.HAL_ADC_MspInit
                0x0000000008003574       0x5c Core/Src/stm32g0xx_hal_msp.o
                0x0000000008003574                HAL_ADC_MspInit
 .text.HAL_I2C_MspInit
                0x00000000080035d0       0x64 Core/Src/stm32g0xx_hal_msp.o
                0x00000000080035d0                HAL_I2C_MspInit
 .text.HAL_RTC_MspInit
                0x0000000008003634       0x34 Core/Src/stm32g0xx_hal_msp.o
                0x0000000008003634                HAL_RTC_MspInit
 .text.HAL_SPI_MspInit
                0x0000000008003668       0xdc Core/Src/stm32g0xx_hal_msp.o
                0x0000000008003668                HAL_SPI_MspInit
 .text.HAL_UART_MspInit
                0x0000000008003744       0xa0 Core/Src/stm32g0xx_hal_msp.o
                0x0000000008003744                HAL_UART_MspInit
 .text.NMI_Handler
                0x00000000080037e4        0x4 Core/Src/stm32g0xx_it.o
                0x00000000080037e4                NMI_Handler
 .text.HardFault_Handler
                0x00000000080037e8        0x4 Core/Src/stm32g0xx_it.o
                0x00000000080037e8                HardFault_Handler
 .text.SVC_Handler
                0x00000000080037ec        0x4 Core/Src/stm32g0xx_it.o
                0x00000000080037ec                SVC_Handler
 .text.PendSV_Handler
                0x00000000080037f0        0x4 Core/Src/stm32g0xx_it.o
                0x00000000080037f0                PendSV_Handler
 .text.SysTick_Handler
                0x00000000080037f4        0x8 Core/Src/stm32g0xx_it.o
                0x00000000080037f4                SysTick_Handler
 .text.DMA1_Channel1_IRQHandler
                0x00000000080037fc       0x18 Core/Src/stm32g0xx_it.o
                0x00000000080037fc                DMA1_Channel1_IRQHandler
 .text._read    0x0000000008003814       0x1c Core/Src/syscalls.o
                0x0000000008003814                _read
 .text._write   0x0000000008003830       0x1c Core/Src/syscalls.o
                0x0000000008003830                _write
 .text._close   0x000000000800384c        0x8 Core/Src/syscalls.o
                0x000000000800384c                _close
 .text._fstat   0x0000000008003854        0xc Core/Src/syscalls.o
                0x0000000008003854                _fstat
 .text._isatty  0x0000000008003860        0x4 Core/Src/syscalls.o
                0x0000000008003860                _isatty
 .text._lseek   0x0000000008003864        0x4 Core/Src/syscalls.o
                0x0000000008003864                _lseek
 .text._sbrk    0x0000000008003868       0x38 Core/Src/sysmem.o
                0x0000000008003868                _sbrk
 .text.SystemInit
                0x00000000080038a0       0x10 Core/Src/system_stm32g0xx.o
                0x00000000080038a0                SystemInit
 .text.init_bme680
                0x00000000080038b0        0x4 Core/Src/temp_bme680.o
                0x00000000080038b0                init_bme680
 .text.bsec_sensor_control
                0x00000000080038b4        0x4 Core/Src/temp_bme680.o
                0x00000000080038b4                bsec_sensor_control
 .text.bme680_bsec_trigger_measurement
                0x00000000080038b8        0x4 Core/Src/temp_bme680.o
                0x00000000080038b8                bme680_bsec_trigger_measurement
 .text.bme680_bsec_read_data
                0x00000000080038bc        0x4 Core/Src/temp_bme680.o
                0x00000000080038bc                bme680_bsec_read_data
 .text.bme680_bsec_process_data
                0x00000000080038c0        0x4 Core/Src/temp_bme680.o
                0x00000000080038c0                bme680_bsec_process_data
 .text.bsec_get_state
                0x00000000080038c4        0x4 Core/Src/temp_bme680.o
                0x00000000080038c4                bsec_get_state
 .text.update_co2_voc
                0x00000000080038c8       0x38 Core/Src/hal/co2_voc.o
                0x00000000080038c8                update_co2_voc
 .text.led_init
                0x0000000008003900      0x5fc Core/Src/hal/leds.o
                0x0000000008003900                led_init
 .text.process_led_display
                0x0000000008003efc      0xcdc Core/Src/hal/leds.o
                0x0000000008003efc                process_led_display
 .text.init_led_bar
                0x0000000008004bd8      0x520 Core/Src/hal/leds.o
                0x0000000008004bd8                init_led_bar
 .text.update_lux
                0x00000000080050f8       0x5c Core/Src/hal/lux.o
                0x00000000080050f8                update_lux
 .text.update_temp_humidity
                0x0000000008005154       0x40 Core/Src/hal/temp_humidity.o
                0x0000000008005154                update_temp_humidity
 .text.init_LTR_329ALS
                0x0000000008005194       0xe8 Core/Src/i2c/LTR_329ALS.o
                0x0000000008005194                init_LTR_329ALS
 .text.calc_lux
                0x000000000800527c      0x35c Core/Src/i2c/LTR_329ALS.o
                0x000000000800527c                calc_lux
 .text.LTR_329ALS_get_lux_level
                0x00000000080055d8      0x140 Core/Src/i2c/LTR_329ALS.o
                0x00000000080055d8                LTR_329ALS_get_lux_level
 .text.Si7020_get_temp
                0x0000000008005718      0x304 Core/Src/i2c/Si7020.o
                0x0000000008005718                Si7020_get_temp
 .text.init_Si7020
                0x0000000008005a1c       0x74 Core/Src/i2c/Si7020.o
                0x0000000008005a1c                init_Si7020
 .text.sleep    0x0000000008005a90        0x8 Core/Src/i2c/bme680_interface.o
                0x0000000008005a90                sleep
 .text.output_ready
                0x0000000008005a98       0x88 Core/Src/i2c/bme680_interface.o
                0x0000000008005a98                output_ready
 .text.get_environmental_sensor_measurement
                0x0000000008005b20       0xfc Core/Src/i2c/bme680_interface.o
                0x0000000008005b20                get_environmental_sensor_measurement
 .text.i2c_init
                0x0000000008005c1c       0xd0 Core/Src/i2c/i2c_manager.o
                0x0000000008005c1c                i2c_init
 .text.i2c_manager_init
                0x0000000008005cec      0x180 Core/Src/i2c/i2c_manager.o
                0x0000000008005cec                i2c_manager_init
 .text.i2c_sensor_process
                0x0000000008005e6c      0x224 Core/Src/i2c/i2c_manager.o
                0x0000000008005e6c                i2c_sensor_process
 .text.i2c_write_read_sensor
                0x0000000008006090       0x74 Core/Src/i2c/i2c_manager.o
                0x0000000008006090                i2c_write_read_sensor
 .text.i2c_write_sensor
                0x0000000008006104       0x3c Core/Src/i2c/i2c_manager.o
                0x0000000008006104                i2c_write_sensor
 .text.i2c_read_sensor
                0x0000000008006140       0x3c Core/Src/i2c/i2c_manager.o
                0x0000000008006140                i2c_read_sensor
 .text.sensirion_sleep_usec
                0x000000000800617c       0x10 Core/Src/i2c/sensirion_support.o
                0x000000000800617c                sensirion_sleep_usec
 .text.sensirion_i2c_init
                0x000000000800618c        0x4 Core/Src/i2c/sensirion_support.o
                0x000000000800618c                sensirion_i2c_init
 .text.sensirion_i2c_read
                0x0000000008006190       0x24 Core/Src/i2c/sensirion_support.o
                0x0000000008006190                sensirion_i2c_read
 .text.sensirion_i2c_write
                0x00000000080061b4       0x24 Core/Src/i2c/sensirion_support.o
                0x00000000080061b4                sensirion_i2c_write
 .text.init_SGP30
                0x00000000080061d8      0x104 Core/Src/i2c/sgp30_interface.o
                0x00000000080061d8                init_SGP30
 .text.get_voc_co2_eq
                0x00000000080062dc       0x4c Core/Src/i2c/sgp30_interface.o
                0x00000000080062dc                get_voc_co2_eq
 .text.init_SPS30
                0x0000000008006328      0x108 Core/Src/i2c/sps30_interface.o
                0x0000000008006328                init_SPS30
 .text.start_particulate_matter_measurement
                0x0000000008006430       0x10 Core/Src/i2c/sps30_interface.o
                0x0000000008006430                start_particulate_matter_measurement
 .text.update_particulate_matter
                0x0000000008006440       0xec Core/Src/i2c/sps30_interface.o
                0x0000000008006440                update_particulate_matter
 .text.sensirion_i2c_read_words
                0x000000000800652c      0x15c Core/Src/i2c/embedded-common/sensirion_common.o
                0x000000000800652c                sensirion_i2c_read_words
 .text.sensirion_i2c_write_cmd
                0x0000000008006688       0x18 Core/Src/i2c/embedded-common/sensirion_common.o
                0x0000000008006688                sensirion_i2c_write_cmd
 .text.sensirion_i2c_write_cmd_with_args
                0x00000000080066a0      0x124 Core/Src/i2c/embedded-common/sensirion_common.o
                0x00000000080066a0                sensirion_i2c_write_cmd_with_args
 .text.sensirion_i2c_delayed_read_cmd
                0x00000000080067c4      0x18c Core/Src/i2c/embedded-common/sensirion_common.o
                0x00000000080067c4                sensirion_i2c_delayed_read_cmd
 .text.sensirion_i2c_read_cmd
                0x0000000008006950      0x178 Core/Src/i2c/embedded-common/sensirion_common.o
                0x0000000008006950                sensirion_i2c_read_cmd
 .text.sgp30_measure_iaq_blocking_read
                0x0000000008006ac8       0x3c Core/Src/i2c/sgp30/sgp30.o
                0x0000000008006ac8                sgp30_measure_iaq_blocking_read
 .text.sgp30_measure_raw_blocking_read
                0x0000000008006b04       0x3c Core/Src/i2c/sgp30/sgp30.o
                0x0000000008006b04                sgp30_measure_raw_blocking_read
 .text.sgp30_get_iaq_baseline
                0x0000000008006b40       0x40 Core/Src/i2c/sgp30/sgp30.o
                0x0000000008006b40                sgp30_get_iaq_baseline
 .text.sgp30_get_driver_version
                0x0000000008006b80        0xc Core/Src/i2c/sgp30/sgp30.o
                0x0000000008006b80                sgp30_get_driver_version
 .text.sgp30_get_feature_set_version
                0x0000000008006b8c       0x38 Core/Src/i2c/sgp30/sgp30.o
                0x0000000008006b8c                sgp30_get_feature_set_version
 .text.sgp30_get_serial_id
                0x0000000008006bc4       0x38 Core/Src/i2c/sgp30/sgp30.o
                0x0000000008006bc4                sgp30_get_serial_id
 .text.sgp30_iaq_init
                0x0000000008006bfc       0x20 Core/Src/i2c/sgp30/sgp30.o
                0x0000000008006bfc                sgp30_iaq_init
 .text.sgp30_probe
                0x0000000008006c1c       0x58 Core/Src/i2c/sgp30/sgp30.o
                0x0000000008006c1c                sgp30_probe
 .text.sps30_probe
                0x0000000008006c74       0xd4 Core/Src/i2c/sps30/sps30.o
                0x0000000008006c74                sps30_probe
 .text.sps30_start_measurement
                0x0000000008006d48       0x2c Core/Src/i2c/sps30/sps30.o
                0x0000000008006d48                sps30_start_measurement
 .text.sps30_read_measurement
                0x0000000008006d74      0x164 Core/Src/i2c/sps30/sps30.o
                0x0000000008006d74                sps30_read_measurement
 .text.imx_kalman_filter_init
                0x0000000008006ed8        0xc Core/Src/iMatrix/kalman_filter/kalman_filter.o
                0x0000000008006ed8                imx_kalman_filter_init
 .text.imx_kalman_filter_update_estimate
                0x0000000008006ee4       0xd0 Core/Src/iMatrix/kalman_filter/kalman_filter.o
                0x0000000008006ee4                imx_kalman_filter_update_estimate
 .text.system_init
                0x0000000008006fb4       0x14 Core/Src/init/init.o
                0x0000000008006fb4                system_init
 .text.imx_is_later
                0x0000000008006fc8       0x28 Core/Src/time/ck_time.o
                0x0000000008006fc8                imx_is_later
 .text.Reset_Handler
                0x0000000008006ff0       0x50 Core/Startup/startup_stm32g031k8ux.o
                0x0000000008006ff0                Reset_Handler
 .text.Default_Handler
                0x0000000008007040        0x2 Core/Startup/startup_stm32g031k8ux.o
                0x0000000008007040                TIM1_CC_IRQHandler
                0x0000000008007040                PVD_IRQHandler
                0x0000000008007040                I2C1_IRQHandler
                0x0000000008007040                LPTIM2_IRQHandler
                0x0000000008007040                RTC_TAMP_IRQHandler
                0x0000000008007040                SPI1_IRQHandler
                0x0000000008007040                DMA1_Ch4_5_DMAMUX1_OVR_IRQHandler
                0x0000000008007040                EXTI2_3_IRQHandler
                0x0000000008007040                ADC1_IRQHandler
                0x0000000008007040                I2C2_IRQHandler
                0x0000000008007040                TIM17_IRQHandler
                0x0000000008007040                TIM16_IRQHandler
                0x0000000008007040                TIM3_IRQHandler
                0x0000000008007040                EXTI4_15_IRQHandler
                0x0000000008007040                RCC_IRQHandler
                0x0000000008007040                Default_Handler
                0x0000000008007040                TIM14_IRQHandler
                0x0000000008007040                EXTI0_1_IRQHandler
                0x0000000008007040                SPI2_IRQHandler
                0x0000000008007040                WWDG_IRQHandler
                0x0000000008007040                LPUART1_IRQHandler
                0x0000000008007040                TIM2_IRQHandler
                0x0000000008007040                DMA1_Channel2_3_IRQHandler
                0x0000000008007040                USART2_IRQHandler
                0x0000000008007040                FLASH_IRQHandler
                0x0000000008007040                USART1_IRQHandler
                0x0000000008007040                TIM1_BRK_UP_TRG_COM_IRQHandler
                0x0000000008007040                LPTIM1_IRQHandler
 *fill*         0x0000000008007042        0x2 
 .text.HAL_InitTick
                0x0000000008007044       0x4c Drivers/STM32G0xx_HAL_Driver/Src/stm32g0xx_hal.o
                0x0000000008007044                HAL_InitTick
 .text.HAL_Init
                0x0000000008007090       0x28 Drivers/STM32G0xx_HAL_Driver/Src/stm32g0xx_hal.o
                0x0000000008007090                HAL_Init
 .text.HAL_IncTick
                0x00000000080070b8       0x18 Drivers/STM32G0xx_HAL_Driver/Src/stm32g0xx_hal.o
                0x00000000080070b8                HAL_IncTick
 .text.HAL_GetTick
                0x00000000080070d0        0xc Drivers/STM32G0xx_HAL_Driver/Src/stm32g0xx_hal.o
                0x00000000080070d0                HAL_GetTick
 .text.HAL_Delay
                0x00000000080070dc       0x24 Drivers/STM32G0xx_HAL_Driver/Src/stm32g0xx_hal.o
                0x00000000080070dc                HAL_Delay
 .text.HAL_ADC_Init
                0x0000000008007100      0x26c Drivers/STM32G0xx_HAL_Driver/Src/stm32g0xx_hal_adc.o
                0x0000000008007100                HAL_ADC_Init
 .text.HAL_ADC_ConfigChannel
                0x000000000800736c      0x278 Drivers/STM32G0xx_HAL_Driver/Src/stm32g0xx_hal_adc.o
                0x000000000800736c                HAL_ADC_ConfigChannel
 .text.HAL_NVIC_SetPriority
                0x00000000080075e4       0x58 Drivers/STM32G0xx_HAL_Driver/Src/stm32g0xx_hal_cortex.o
                0x00000000080075e4                HAL_NVIC_SetPriority
 .text.HAL_NVIC_EnableIRQ
                0x000000000800763c       0x18 Drivers/STM32G0xx_HAL_Driver/Src/stm32g0xx_hal_cortex.o
                0x000000000800763c                HAL_NVIC_EnableIRQ
 .text.HAL_SYSTICK_Config
                0x0000000008007654       0x38 Drivers/STM32G0xx_HAL_Driver/Src/stm32g0xx_hal_cortex.o
                0x0000000008007654                HAL_SYSTICK_Config
 .text.HAL_DMA_Init
                0x000000000800768c       0xf8 Drivers/STM32G0xx_HAL_Driver/Src/stm32g0xx_hal_dma.o
                0x000000000800768c                HAL_DMA_Init
 .text.HAL_DMA_Start_IT
                0x0000000008007784       0xcc Drivers/STM32G0xx_HAL_Driver/Src/stm32g0xx_hal_dma.o
                0x0000000008007784                HAL_DMA_Start_IT
 .text.HAL_DMA_IRQHandler
                0x0000000008007850       0xb8 Drivers/STM32G0xx_HAL_Driver/Src/stm32g0xx_hal_dma.o
                0x0000000008007850                HAL_DMA_IRQHandler
 .text.HAL_GPIO_Init
                0x0000000008007908      0x1ec Drivers/STM32G0xx_HAL_Driver/Src/stm32g0xx_hal_gpio.o
                0x0000000008007908                HAL_GPIO_Init
 .text.HAL_GPIO_WritePin
                0x0000000008007af4        0xc Drivers/STM32G0xx_HAL_Driver/Src/stm32g0xx_hal_gpio.o
                0x0000000008007af4                HAL_GPIO_WritePin
 .text.I2C_WaitOnTXISFlagUntilTimeout
                0x0000000008007b00       0xc4 Drivers/STM32G0xx_HAL_Driver/Src/stm32g0xx_hal_i2c.o
 .text.I2C_WaitOnSTOPFlagUntilTimeout
                0x0000000008007bc4       0xd0 Drivers/STM32G0xx_HAL_Driver/Src/stm32g0xx_hal_i2c.o
 .text.HAL_I2C_Init
                0x0000000008007c94       0xb0 Drivers/STM32G0xx_HAL_Driver/Src/stm32g0xx_hal_i2c.o
                0x0000000008007c94                HAL_I2C_Init
 .text.HAL_I2C_Master_Transmit
                0x0000000008007d44      0x194 Drivers/STM32G0xx_HAL_Driver/Src/stm32g0xx_hal_i2c.o
                0x0000000008007d44                HAL_I2C_Master_Transmit
 .text.HAL_I2C_Master_Receive
                0x0000000008007ed8      0x2ac Drivers/STM32G0xx_HAL_Driver/Src/stm32g0xx_hal_i2c.o
                0x0000000008007ed8                HAL_I2C_Master_Receive
 .text.HAL_I2CEx_ConfigAnalogFilter
                0x0000000008008184       0x5c Drivers/STM32G0xx_HAL_Driver/Src/stm32g0xx_hal_i2c_ex.o
                0x0000000008008184                HAL_I2CEx_ConfigAnalogFilter
 .text.HAL_I2CEx_ConfigDigitalFilter
                0x00000000080081e0       0x5c Drivers/STM32G0xx_HAL_Driver/Src/stm32g0xx_hal_i2c_ex.o
                0x00000000080081e0                HAL_I2CEx_ConfigDigitalFilter
 .text.HAL_PWREx_ControlVoltageScaling
                0x000000000800823c       0x60 Drivers/STM32G0xx_HAL_Driver/Src/stm32g0xx_hal_pwr_ex.o
                0x000000000800823c                HAL_PWREx_ControlVoltageScaling
 .text.HAL_RCC_OscConfig
                0x000000000800829c      0x4e4 Drivers/STM32G0xx_HAL_Driver/Src/stm32g0xx_hal_rcc.o
                0x000000000800829c                HAL_RCC_OscConfig
 .text.HAL_RCC_GetSysClockFreq
                0x0000000008008780       0x98 Drivers/STM32G0xx_HAL_Driver/Src/stm32g0xx_hal_rcc.o
                0x0000000008008780                HAL_RCC_GetSysClockFreq
 .text.HAL_RCC_ClockConfig
                0x0000000008008818      0x18c Drivers/STM32G0xx_HAL_Driver/Src/stm32g0xx_hal_rcc.o
                0x0000000008008818                HAL_RCC_ClockConfig
 .text.HAL_RCC_GetPCLK1Freq
                0x00000000080089a4       0x28 Drivers/STM32G0xx_HAL_Driver/Src/stm32g0xx_hal_rcc.o
                0x00000000080089a4                HAL_RCC_GetPCLK1Freq
 .text.HAL_RCCEx_PeriphCLKConfig
                0x00000000080089cc      0x1e8 Drivers/STM32G0xx_HAL_Driver/Src/stm32g0xx_hal_rcc_ex.o
                0x00000000080089cc                HAL_RCCEx_PeriphCLKConfig
 .text.RTC_ExitInitMode
                0x0000000008008bb4       0x98 Drivers/STM32G0xx_HAL_Driver/Src/stm32g0xx_hal_rtc.o
                0x0000000008008bb4                RTC_ExitInitMode
 .text.HAL_RTC_Init
                0x0000000008008c4c       0xd4 Drivers/STM32G0xx_HAL_Driver/Src/stm32g0xx_hal_rtc.o
                0x0000000008008c4c                HAL_RTC_Init
 .text.HAL_RTC_SetTime
                0x0000000008008d20      0x144 Drivers/STM32G0xx_HAL_Driver/Src/stm32g0xx_hal_rtc.o
                0x0000000008008d20                HAL_RTC_SetTime
 .text.HAL_RTC_SetDate
                0x0000000008008e64      0x11c Drivers/STM32G0xx_HAL_Driver/Src/stm32g0xx_hal_rtc.o
                0x0000000008008e64                HAL_RTC_SetDate
 .text.SPI_EndRxTxTransaction.constprop.10
                0x0000000008008f80       0xb8 Drivers/STM32G0xx_HAL_Driver/Src/stm32g0xx_hal_spi.o
 .text.HAL_SPI_Init
                0x0000000008009038       0xdc Drivers/STM32G0xx_HAL_Driver/Src/stm32g0xx_hal_spi.o
                0x0000000008009038                HAL_SPI_Init
 .text.HAL_SPI_Transmit_DMA
                0x0000000008009114      0x10c Drivers/STM32G0xx_HAL_Driver/Src/stm32g0xx_hal_spi.o
                0x0000000008009114                HAL_SPI_Transmit_DMA
 .text.HAL_SPI_TxCpltCallback
                0x0000000008009220        0x4 Drivers/STM32G0xx_HAL_Driver/Src/stm32g0xx_hal_spi.o
                0x0000000008009220                HAL_SPI_TxCpltCallback
 .text.HAL_SPI_TxHalfCpltCallback
                0x0000000008009224        0x4 Drivers/STM32G0xx_HAL_Driver/Src/stm32g0xx_hal_spi.o
                0x0000000008009224                HAL_SPI_TxHalfCpltCallback
 .text.SPI_DMAHalfTransmitCplt
                0x0000000008009228        0xc Drivers/STM32G0xx_HAL_Driver/Src/stm32g0xx_hal_spi.o
 .text.HAL_SPI_ErrorCallback
                0x0000000008009234        0x4 Drivers/STM32G0xx_HAL_Driver/Src/stm32g0xx_hal_spi.o
                0x0000000008009234                HAL_SPI_ErrorCallback
 .text.SPI_DMAError
                0x0000000008009238       0x24 Drivers/STM32G0xx_HAL_Driver/Src/stm32g0xx_hal_spi.o
 .text.SPI_DMATransmitCplt
                0x000000000800925c       0x70 Drivers/STM32G0xx_HAL_Driver/Src/stm32g0xx_hal_spi.o
 .text.HAL_UART_Transmit
                0x00000000080092cc      0x154 Drivers/STM32G0xx_HAL_Driver/Src/stm32g0xx_hal_uart.o
                0x00000000080092cc                HAL_UART_Transmit
 .text.UART_AdvFeatureConfig
                0x0000000008009420       0xd0 Drivers/STM32G0xx_HAL_Driver/Src/stm32g0xx_hal_uart.o
                0x0000000008009420                UART_AdvFeatureConfig
 .text.HAL_UART_Init
                0x00000000080094f0      0xb34 Drivers/STM32G0xx_HAL_Driver/Src/stm32g0xx_hal_uart.o
                0x00000000080094f0                HAL_UART_Init
 .text.HAL_UARTEx_DisableFifoMode
                0x000000000800a024       0x38 Drivers/STM32G0xx_HAL_Driver/Src/stm32g0xx_hal_uart_ex.o
                0x000000000800a024                HAL_UARTEx_DisableFifoMode
 .text.HAL_UARTEx_SetTxFifoThreshold
                0x000000000800a05c       0xb4 Drivers/STM32G0xx_HAL_Driver/Src/stm32g0xx_hal_uart_ex.o
                0x000000000800a05c                HAL_UARTEx_SetTxFifoThreshold
 .text.HAL_UARTEx_SetRxFifoThreshold
                0x000000000800a110       0xb8 Drivers/STM32G0xx_HAL_Driver/Src/stm32g0xx_hal_uart_ex.o
                0x000000000800a110                HAL_UARTEx_SetRxFifoThreshold
 .text.__errno  0x000000000800a1c8        0xc c:/st/stm32cubeide_1.1.0/stm32cubeide/plugins/com.st.stm32cube.ide.mcu.externaltools.gnu-tools-for-stm32.7-2018-q2-update.win32_1.0.0.201904181610/tools/bin/../lib/gcc/arm-none-eabi/7.3.1/../../../../arm-none-eabi/lib/thumb/v6-m\libc_nano.a(lib_a-errno.o)
                0x000000000800a1c8                __errno
 .text.__libc_init_array
                0x000000000800a1d4       0x48 c:/st/stm32cubeide_1.1.0/stm32cubeide/plugins/com.st.stm32cube.ide.mcu.externaltools.gnu-tools-for-stm32.7-2018-q2-update.win32_1.0.0.201904181610/tools/bin/../lib/gcc/arm-none-eabi/7.3.1/../../../../arm-none-eabi/lib/thumb/v6-m\libc_nano.a(lib_a-init.o)
                0x000000000800a1d4                __libc_init_array
 .text.memcpy   0x000000000800a21c       0x12 c:/st/stm32cubeide_1.1.0/stm32cubeide/plugins/com.st.stm32cube.ide.mcu.externaltools.gnu-tools-for-stm32.7-2018-q2-update.win32_1.0.0.201904181610/tools/bin/../lib/gcc/arm-none-eabi/7.3.1/../../../../arm-none-eabi/lib/thumb/v6-m\libc_nano.a(lib_a-memcpy-stub.o)
                0x000000000800a21c                memcpy
 .text.memset   0x000000000800a22e       0x10 c:/st/stm32cubeide_1.1.0/stm32cubeide/plugins/com.st.stm32cube.ide.mcu.externaltools.gnu-tools-for-stm32.7-2018-q2-update.win32_1.0.0.201904181610/tools/bin/../lib/gcc/arm-none-eabi/7.3.1/../../../../arm-none-eabi/lib/thumb/v6-m\libc_nano.a(lib_a-memset.o)
                0x000000000800a22e                memset
 *fill*         0x000000000800a23e        0x2 
 .text.printf   0x000000000800a240       0x34 c:/st/stm32cubeide_1.1.0/stm32cubeide/plugins/com.st.stm32cube.ide.mcu.externaltools.gnu-tools-for-stm32.7-2018-q2-update.win32_1.0.0.201904181610/tools/bin/../lib/gcc/arm-none-eabi/7.3.1/../../../../arm-none-eabi/lib/thumb/v6-m\libc_nano.a(lib_a-printf.o)
                0x000000000800a240                iprintf
                0x000000000800a240                printf
 .text._puts_r  0x000000000800a274       0xc0 c:/st/stm32cubeide_1.1.0/stm32cubeide/plugins/com.st.stm32cube.ide.mcu.externaltools.gnu-tools-for-stm32.7-2018-q2-update.win32_1.0.0.201904181610/tools/bin/../lib/gcc/arm-none-eabi/7.3.1/../../../../arm-none-eabi/lib/thumb/v6-m\libc_nano.a(lib_a-puts.o)
                0x000000000800a274                _puts_r
 .text.puts     0x000000000800a334       0x14 c:/st/stm32cubeide_1.1.0/stm32cubeide/plugins/com.st.stm32cube.ide.mcu.externaltools.gnu-tools-for-stm32.7-2018-q2-update.win32_1.0.0.201904181610/tools/bin/../lib/gcc/arm-none-eabi/7.3.1/../../../../arm-none-eabi/lib/thumb/v6-m\libc_nano.a(lib_a-puts.o)
                0x000000000800a334                puts
 .text.__swbuf_r
                0x000000000800a348       0xac c:/st/stm32cubeide_1.1.0/stm32cubeide/plugins/com.st.stm32cube.ide.mcu.externaltools.gnu-tools-for-stm32.7-2018-q2-update.win32_1.0.0.201904181610/tools/bin/../lib/gcc/arm-none-eabi/7.3.1/../../../../arm-none-eabi/lib/thumb/v6-m\libc_nano.a(lib_a-wbuf.o)
                0x000000000800a348                __swbuf_r
 .text.__swsetup_r
                0x000000000800a3f4       0xec c:/st/stm32cubeide_1.1.0/stm32cubeide/plugins/com.st.stm32cube.ide.mcu.externaltools.gnu-tools-for-stm32.7-2018-q2-update.win32_1.0.0.201904181610/tools/bin/../lib/gcc/arm-none-eabi/7.3.1/../../../../arm-none-eabi/lib/thumb/v6-m\libc_nano.a(lib_a-wsetup.o)
                0x000000000800a3f4                __swsetup_r
 .text.__sflush_r
                0x000000000800a4e0      0x114 c:/st/stm32cubeide_1.1.0/stm32cubeide/plugins/com.st.stm32cube.ide.mcu.externaltools.gnu-tools-for-stm32.7-2018-q2-update.win32_1.0.0.201904181610/tools/bin/../lib/gcc/arm-none-eabi/7.3.1/../../../../arm-none-eabi/lib/thumb/v6-m\libc_nano.a(lib_a-fflush.o)
                0x000000000800a4e0                __sflush_r
 .text._fflush_r
                0x000000000800a5f4       0x58 c:/st/stm32cubeide_1.1.0/stm32cubeide/plugins/com.st.stm32cube.ide.mcu.externaltools.gnu-tools-for-stm32.7-2018-q2-update.win32_1.0.0.201904181610/tools/bin/../lib/gcc/arm-none-eabi/7.3.1/../../../../arm-none-eabi/lib/thumb/v6-m\libc_nano.a(lib_a-fflush.o)
                0x000000000800a5f4                _fflush_r
 .text.std      0x000000000800a64c       0x48 c:/st/stm32cubeide_1.1.0/stm32cubeide/plugins/com.st.stm32cube.ide.mcu.externaltools.gnu-tools-for-stm32.7-2018-q2-update.win32_1.0.0.201904181610/tools/bin/../lib/gcc/arm-none-eabi/7.3.1/../../../../arm-none-eabi/lib/thumb/v6-m\libc_nano.a(lib_a-findfp.o)
 .text._cleanup_r
                0x000000000800a694       0x10 c:/st/stm32cubeide_1.1.0/stm32cubeide/plugins/com.st.stm32cube.ide.mcu.externaltools.gnu-tools-for-stm32.7-2018-q2-update.win32_1.0.0.201904181610/tools/bin/../lib/gcc/arm-none-eabi/7.3.1/../../../../arm-none-eabi/lib/thumb/v6-m\libc_nano.a(lib_a-findfp.o)
                0x000000000800a694                _cleanup_r
 .text.__sfmoreglue
                0x000000000800a6a4       0x2c c:/st/stm32cubeide_1.1.0/stm32cubeide/plugins/com.st.stm32cube.ide.mcu.externaltools.gnu-tools-for-stm32.7-2018-q2-update.win32_1.0.0.201904181610/tools/bin/../lib/gcc/arm-none-eabi/7.3.1/../../../../arm-none-eabi/lib/thumb/v6-m\libc_nano.a(lib_a-findfp.o)
                0x000000000800a6a4                __sfmoreglue
 .text.__sinit  0x000000000800a6d0       0x68 c:/st/stm32cubeide_1.1.0/stm32cubeide/plugins/com.st.stm32cube.ide.mcu.externaltools.gnu-tools-for-stm32.7-2018-q2-update.win32_1.0.0.201904181610/tools/bin/../lib/gcc/arm-none-eabi/7.3.1/../../../../arm-none-eabi/lib/thumb/v6-m\libc_nano.a(lib_a-findfp.o)
                0x000000000800a6d0                __sinit
 .text.__sfp    0x000000000800a738       0x7c c:/st/stm32cubeide_1.1.0/stm32cubeide/plugins/com.st.stm32cube.ide.mcu.externaltools.gnu-tools-for-stm32.7-2018-q2-update.win32_1.0.0.201904181610/tools/bin/../lib/gcc/arm-none-eabi/7.3.1/../../../../arm-none-eabi/lib/thumb/v6-m\libc_nano.a(lib_a-findfp.o)
                0x000000000800a738                __sfp
 .text._fwalk_reent
                0x000000000800a7b4       0x42 c:/st/stm32cubeide_1.1.0/stm32cubeide/plugins/com.st.stm32cube.ide.mcu.externaltools.gnu-tools-for-stm32.7-2018-q2-update.win32_1.0.0.201904181610/tools/bin/../lib/gcc/arm-none-eabi/7.3.1/../../../../arm-none-eabi/lib/thumb/v6-m\libc_nano.a(lib_a-fwalk.o)
                0x000000000800a7b4                _fwalk_reent
 *fill*         0x000000000800a7f6        0x2 
 .text.__swhatbuf_r
                0x000000000800a7f8       0x50 c:/st/stm32cubeide_1.1.0/stm32cubeide/plugins/com.st.stm32cube.ide.mcu.externaltools.gnu-tools-for-stm32.7-2018-q2-update.win32_1.0.0.201904181610/tools/bin/../lib/gcc/arm-none-eabi/7.3.1/../../../../arm-none-eabi/lib/thumb/v6-m\libc_nano.a(lib_a-makebuf.o)
                0x000000000800a7f8                __swhatbuf_r
 .text.__smakebuf_r
                0x000000000800a848       0x88 c:/st/stm32cubeide_1.1.0/stm32cubeide/plugins/com.st.stm32cube.ide.mcu.externaltools.gnu-tools-for-stm32.7-2018-q2-update.win32_1.0.0.201904181610/tools/bin/../lib/gcc/arm-none-eabi/7.3.1/../../../../arm-none-eabi/lib/thumb/v6-m\libc_nano.a(lib_a-makebuf.o)
                0x000000000800a848                __smakebuf_r
 .text._free_r  0x000000000800a8d0       0x94 c:/st/stm32cubeide_1.1.0/stm32cubeide/plugins/com.st.stm32cube.ide.mcu.externaltools.gnu-tools-for-stm32.7-2018-q2-update.win32_1.0.0.201904181610/tools/bin/../lib/gcc/arm-none-eabi/7.3.1/../../../../arm-none-eabi/lib/thumb/v6-m\libc_nano.a(lib_a-nano-freer.o)
                0x000000000800a8d0                _free_r
 .text._malloc_r
                0x000000000800a964       0xbc c:/st/stm32cubeide_1.1.0/stm32cubeide/plugins/com.st.stm32cube.ide.mcu.externaltools.gnu-tools-for-stm32.7-2018-q2-update.win32_1.0.0.201904181610/tools/bin/../lib/gcc/arm-none-eabi/7.3.1/../../../../arm-none-eabi/lib/thumb/v6-m\libc_nano.a(lib_a-nano-mallocr.o)
                0x000000000800a964                _malloc_r
 .text.__sfputc_r
                0x000000000800aa20       0x2a c:/st/stm32cubeide_1.1.0/stm32cubeide/plugins/com.st.stm32cube.ide.mcu.externaltools.gnu-tools-for-stm32.7-2018-q2-update.win32_1.0.0.201904181610/tools/bin/../lib/gcc/arm-none-eabi/7.3.1/../../../../arm-none-eabi/lib/thumb/v6-m\libc_nano.a(lib_a-nano-vfprintf.o)
 .text.__sfputs_r
                0x000000000800aa4a       0x24 c:/st/stm32cubeide_1.1.0/stm32cubeide/plugins/com.st.stm32cube.ide.mcu.externaltools.gnu-tools-for-stm32.7-2018-q2-update.win32_1.0.0.201904181610/tools/bin/../lib/gcc/arm-none-eabi/7.3.1/../../../../arm-none-eabi/lib/thumb/v6-m\libc_nano.a(lib_a-nano-vfprintf.o)
                0x000000000800aa4a                __sfputs_r
 *fill*         0x000000000800aa6e        0x2 
 .text._vfprintf_r
                0x000000000800aa70      0x22c c:/st/stm32cubeide_1.1.0/stm32cubeide/plugins/com.st.stm32cube.ide.mcu.externaltools.gnu-tools-for-stm32.7-2018-q2-update.win32_1.0.0.201904181610/tools/bin/../lib/gcc/arm-none-eabi/7.3.1/../../../../arm-none-eabi/lib/thumb/v6-m\libc_nano.a(lib_a-nano-vfprintf.o)
                0x000000000800aa70                _vfprintf_r
                0x000000000800aa70                _vfiprintf_r
 .text._printf_common
                0x000000000800ac9c       0xda c:/st/stm32cubeide_1.1.0/stm32cubeide/plugins/com.st.stm32cube.ide.mcu.externaltools.gnu-tools-for-stm32.7-2018-q2-update.win32_1.0.0.201904181610/tools/bin/../lib/gcc/arm-none-eabi/7.3.1/../../../../arm-none-eabi/lib/thumb/v6-m\libc_nano.a(lib_a-nano-vfprintf_i.o)
                0x000000000800ac9c                _printf_common
 *fill*         0x000000000800ad76        0x2 
 .text._printf_i
                0x000000000800ad78      0x210 c:/st/stm32cubeide_1.1.0/stm32cubeide/plugins/com.st.stm32cube.ide.mcu.externaltools.gnu-tools-for-stm32.7-2018-q2-update.win32_1.0.0.201904181610/tools/bin/../lib/gcc/arm-none-eabi/7.3.1/../../../../arm-none-eabi/lib/thumb/v6-m\libc_nano.a(lib_a-nano-vfprintf_i.o)
                0x000000000800ad78                _printf_i
 .text._sbrk_r  0x000000000800af88       0x24 c:/st/stm32cubeide_1.1.0/stm32cubeide/plugins/com.st.stm32cube.ide.mcu.externaltools.gnu-tools-for-stm32.7-2018-q2-update.win32_1.0.0.201904181610/tools/bin/../lib/gcc/arm-none-eabi/7.3.1/../../../../arm-none-eabi/lib/thumb/v6-m\libc_nano.a(lib_a-sbrkr.o)
                0x000000000800af88                _sbrk_r
 .text.__sread  0x000000000800afac       0x28 c:/st/stm32cubeide_1.1.0/stm32cubeide/plugins/com.st.stm32cube.ide.mcu.externaltools.gnu-tools-for-stm32.7-2018-q2-update.win32_1.0.0.201904181610/tools/bin/../lib/gcc/arm-none-eabi/7.3.1/../../../../arm-none-eabi/lib/thumb/v6-m\libc_nano.a(lib_a-stdio.o)
                0x000000000800afac                __sread
 .text.__swrite
                0x000000000800afd4       0x38 c:/st/stm32cubeide_1.1.0/stm32cubeide/plugins/com.st.stm32cube.ide.mcu.externaltools.gnu-tools-for-stm32.7-2018-q2-update.win32_1.0.0.201904181610/tools/bin/../lib/gcc/arm-none-eabi/7.3.1/../../../../arm-none-eabi/lib/thumb/v6-m\libc_nano.a(lib_a-stdio.o)
                0x000000000800afd4                __swrite
 .text.__sseek  0x000000000800b00c       0x2c c:/st/stm32cubeide_1.1.0/stm32cubeide/plugins/com.st.stm32cube.ide.mcu.externaltools.gnu-tools-for-stm32.7-2018-q2-update.win32_1.0.0.201904181610/tools/bin/../lib/gcc/arm-none-eabi/7.3.1/../../../../arm-none-eabi/lib/thumb/v6-m\libc_nano.a(lib_a-stdio.o)
                0x000000000800b00c                __sseek
 .text.__sclose
                0x000000000800b038        0xc c:/st/stm32cubeide_1.1.0/stm32cubeide/plugins/com.st.stm32cube.ide.mcu.externaltools.gnu-tools-for-stm32.7-2018-q2-update.win32_1.0.0.201904181610/tools/bin/../lib/gcc/arm-none-eabi/7.3.1/../../../../arm-none-eabi/lib/thumb/v6-m\libc_nano.a(lib_a-stdio.o)
                0x000000000800b038                __sclose
 .text._write_r
                0x000000000800b044       0x28 c:/st/stm32cubeide_1.1.0/stm32cubeide/plugins/com.st.stm32cube.ide.mcu.externaltools.gnu-tools-for-stm32.7-2018-q2-update.win32_1.0.0.201904181610/tools/bin/../lib/gcc/arm-none-eabi/7.3.1/../../../../arm-none-eabi/lib/thumb/v6-m\libc_nano.a(lib_a-writer.o)
                0x000000000800b044                _write_r
 .text._close_r
                0x000000000800b06c       0x24 c:/st/stm32cubeide_1.1.0/stm32cubeide/plugins/com.st.stm32cube.ide.mcu.externaltools.gnu-tools-for-stm32.7-2018-q2-update.win32_1.0.0.201904181610/tools/bin/../lib/gcc/arm-none-eabi/7.3.1/../../../../arm-none-eabi/lib/thumb/v6-m\libc_nano.a(lib_a-closer.o)
                0x000000000800b06c                _close_r
 .text._fstat_r
                0x000000000800b090       0x24 c:/st/stm32cubeide_1.1.0/stm32cubeide/plugins/com.st.stm32cube.ide.mcu.externaltools.gnu-tools-for-stm32.7-2018-q2-update.win32_1.0.0.201904181610/tools/bin/../lib/gcc/arm-none-eabi/7.3.1/../../../../arm-none-eabi/lib/thumb/v6-m\libc_nano.a(lib_a-fstatr.o)
                0x000000000800b090                _fstat_r
 .text._isatty_r
                0x000000000800b0b4       0x24 c:/st/stm32cubeide_1.1.0/stm32cubeide/plugins/com.st.stm32cube.ide.mcu.externaltools.gnu-tools-for-stm32.7-2018-q2-update.win32_1.0.0.201904181610/tools/bin/../lib/gcc/arm-none-eabi/7.3.1/../../../../arm-none-eabi/lib/thumb/v6-m\libc_nano.a(lib_a-isattyr.o)
                0x000000000800b0b4                _isatty_r
 .text._lseek_r
                0x000000000800b0d8       0x28 c:/st/stm32cubeide_1.1.0/stm32cubeide/plugins/com.st.stm32cube.ide.mcu.externaltools.gnu-tools-for-stm32.7-2018-q2-update.win32_1.0.0.201904181610/tools/bin/../lib/gcc/arm-none-eabi/7.3.1/../../../../arm-none-eabi/lib/thumb/v6-m\libc_nano.a(lib_a-lseekr.o)
                0x000000000800b0d8                _lseek_r
 .text.memchr   0x000000000800b100       0x16 c:/st/stm32cubeide_1.1.0/stm32cubeide/plugins/com.st.stm32cube.ide.mcu.externaltools.gnu-tools-for-stm32.7-2018-q2-update.win32_1.0.0.201904181610/tools/bin/../lib/gcc/arm-none-eabi/7.3.1/../../../../arm-none-eabi/lib/thumb/v6-m\libc_nano.a(lib_a-memchr-stub.o)
                0x000000000800b100                memchr
 .text.__malloc_lock
                0x000000000800b116        0x2 c:/st/stm32cubeide_1.1.0/stm32cubeide/plugins/com.st.stm32cube.ide.mcu.externaltools.gnu-tools-for-stm32.7-2018-q2-update.win32_1.0.0.201904181610/tools/bin/../lib/gcc/arm-none-eabi/7.3.1/../../../../arm-none-eabi/lib/thumb/v6-m\libc_nano.a(lib_a-mlock.o)
                0x000000000800b116                __malloc_lock
 .text.__malloc_unlock
                0x000000000800b118        0x2 c:/st/stm32cubeide_1.1.0/stm32cubeide/plugins/com.st.stm32cube.ide.mcu.externaltools.gnu-tools-for-stm32.7-2018-q2-update.win32_1.0.0.201904181610/tools/bin/../lib/gcc/arm-none-eabi/7.3.1/../../../../arm-none-eabi/lib/thumb/v6-m\libc_nano.a(lib_a-mlock.o)
                0x000000000800b118                __malloc_unlock
 *fill*         0x000000000800b11a        0x2 
 .text._read_r  0x000000000800b11c       0x28 c:/st/stm32cubeide_1.1.0/stm32cubeide/plugins/com.st.stm32cube.ide.mcu.externaltools.gnu-tools-for-stm32.7-2018-q2-update.win32_1.0.0.201904181610/tools/bin/../lib/gcc/arm-none-eabi/7.3.1/../../../../arm-none-eabi/lib/thumb/v6-m\libc_nano.a(lib_a-readr.o)
                0x000000000800b11c                _read_r
 .text.pow      0x000000000800b144      0x32c c:/st/stm32cubeide_1.1.0/stm32cubeide/plugins/com.st.stm32cube.ide.mcu.externaltools.gnu-tools-for-stm32.7-2018-q2-update.win32_1.0.0.201904181610/tools/bin/../lib/gcc/arm-none-eabi/7.3.1/../../../../arm-none-eabi/lib/thumb/v6-m\libm.a(lib_a-w_pow.o)
                0x000000000800b144                pow
 .text.__ieee754_pow
                0x000000000800b470      0x9ec c:/st/stm32cubeide_1.1.0/stm32cubeide/plugins/com.st.stm32cube.ide.mcu.externaltools.gnu-tools-for-stm32.7-2018-q2-update.win32_1.0.0.201904181610/tools/bin/../lib/gcc/arm-none-eabi/7.3.1/../../../../arm-none-eabi/lib/thumb/v6-m\libm.a(lib_a-e_pow.o)
                0x000000000800b470                __ieee754_pow
 .text.__ieee754_sqrt
                0x000000000800be5c      0x164 c:/st/stm32cubeide_1.1.0/stm32cubeide/plugins/com.st.stm32cube.ide.mcu.externaltools.gnu-tools-for-stm32.7-2018-q2-update.win32_1.0.0.201904181610/tools/bin/../lib/gcc/arm-none-eabi/7.3.1/../../../../arm-none-eabi/lib/thumb/v6-m\libm.a(lib_a-e_sqrt.o)
                0x000000000800be5c                __ieee754_sqrt
 .text.fabs     0x000000000800bfc0        0x8 c:/st/stm32cubeide_1.1.0/stm32cubeide/plugins/com.st.stm32cube.ide.mcu.externaltools.gnu-tools-for-stm32.7-2018-q2-update.win32_1.0.0.201904181610/tools/bin/../lib/gcc/arm-none-eabi/7.3.1/../../../../arm-none-eabi/lib/thumb/v6-m\libm.a(lib_a-s_fabs.o)
                0x000000000800bfc0                fabs
 .text.finite   0x000000000800bfc8       0x10 c:/st/stm32cubeide_1.1.0/stm32cubeide/plugins/com.st.stm32cube.ide.mcu.externaltools.gnu-tools-for-stm32.7-2018-q2-update.win32_1.0.0.201904181610/tools/bin/../lib/gcc/arm-none-eabi/7.3.1/../../../../arm-none-eabi/lib/thumb/v6-m\libm.a(lib_a-s_finite.o)
                0x000000000800bfc8                finite
 .text.matherr  0x000000000800bfd8        0x4 c:/st/stm32cubeide_1.1.0/stm32cubeide/plugins/com.st.stm32cube.ide.mcu.externaltools.gnu-tools-for-stm32.7-2018-q2-update.win32_1.0.0.201904181610/tools/bin/../lib/gcc/arm-none-eabi/7.3.1/../../../../arm-none-eabi/lib/thumb/v6-m\libm.a(lib_a-s_matherr.o)
                0x000000000800bfd8                matherr
 .text.nan      0x000000000800bfdc        0xc c:/st/stm32cubeide_1.1.0/stm32cubeide/plugins/com.st.stm32cube.ide.mcu.externaltools.gnu-tools-for-stm32.7-2018-q2-update.win32_1.0.0.201904181610/tools/bin/../lib/gcc/arm-none-eabi/7.3.1/../../../../arm-none-eabi/lib/thumb/v6-m\libm.a(lib_a-s_nan.o)
                0x000000000800bfdc                nan
 .text.rint     0x000000000800bfe8      0x110 c:/st/stm32cubeide_1.1.0/stm32cubeide/plugins/com.st.stm32cube.ide.mcu.externaltools.gnu-tools-for-stm32.7-2018-q2-update.win32_1.0.0.201904181610/tools/bin/../lib/gcc/arm-none-eabi/7.3.1/../../../../arm-none-eabi/lib/thumb/v6-m\libm.a(lib_a-s_rint.o)
                0x000000000800bfe8                rint
 .text.scalbn   0x000000000800c0f8       0xc8 c:/st/stm32cubeide_1.1.0/stm32cubeide/plugins/com.st.stm32cube.ide.mcu.externaltools.gnu-tools-for-stm32.7-2018-q2-update.win32_1.0.0.201904181610/tools/bin/../lib/gcc/arm-none-eabi/7.3.1/../../../../arm-none-eabi/lib/thumb/v6-m\libm.a(lib_a-s_scalbn.o)
                0x000000000800c0f8                scalbn
 .text.copysign
                0x000000000800c1c0       0x10 c:/st/stm32cubeide_1.1.0/stm32cubeide/plugins/com.st.stm32cube.ide.mcu.externaltools.gnu-tools-for-stm32.7-2018-q2-update.win32_1.0.0.201904181610/tools/bin/../lib/gcc/arm-none-eabi/7.3.1/../../../../arm-none-eabi/lib/thumb/v6-m\libm.a(lib_a-s_copysign.o)
                0x000000000800c1c0                copysign
 *(.glue_7)
 .glue_7        0x000000000800c1d0        0x0 linker stubs
 *(.glue_7t)
 .glue_7t       0x000000000800c1d0        0x0 linker stubs
 *(.eh_frame)
 .eh_frame      0x000000000800c1d0        0x0 c:/st/stm32cubeide_1.1.0/stm32cubeide/plugins/com.st.stm32cube.ide.mcu.externaltools.gnu-tools-for-stm32.7-2018-q2-update.win32_1.0.0.201904181610/tools/bin/../lib/gcc/arm-none-eabi/7.3.1/thumb/v6-m/crtbegin.o
 *(.init)
 .init          0x000000000800c1d0        0x4 c:/st/stm32cubeide_1.1.0/stm32cubeide/plugins/com.st.stm32cube.ide.mcu.externaltools.gnu-tools-for-stm32.7-2018-q2-update.win32_1.0.0.201904181610/tools/bin/../lib/gcc/arm-none-eabi/7.3.1/thumb/v6-m/crti.o
                0x000000000800c1d0                _init
 .init          0x000000000800c1d4        0x8 c:/st/stm32cubeide_1.1.0/stm32cubeide/plugins/com.st.stm32cube.ide.mcu.externaltools.gnu-tools-for-stm32.7-2018-q2-update.win32_1.0.0.201904181610/tools/bin/../lib/gcc/arm-none-eabi/7.3.1/thumb/v6-m/crtn.o
 *(.fini)
 .fini          0x000000000800c1dc        0x4 c:/st/stm32cubeide_1.1.0/stm32cubeide/plugins/com.st.stm32cube.ide.mcu.externaltools.gnu-tools-for-stm32.7-2018-q2-update.win32_1.0.0.201904181610/tools/bin/../lib/gcc/arm-none-eabi/7.3.1/thumb/v6-m/crti.o
                0x000000000800c1dc                _fini
 .fini          0x000000000800c1e0        0x8 c:/st/stm32cubeide_1.1.0/stm32cubeide/plugins/com.st.stm32cube.ide.mcu.externaltools.gnu-tools-for-stm32.7-2018-q2-update.win32_1.0.0.201904181610/tools/bin/../lib/gcc/arm-none-eabi/7.3.1/thumb/v6-m/crtn.o
                0x000000000800c1e8                . = ALIGN (0x4)
                0x000000000800c1e8                _etext = .

.vfp11_veneer   0x000000000800c1e8        0x0
 .vfp11_veneer  0x000000000800c1e8        0x0 linker stubs

.v4_bx          0x000000000800c1e8        0x0
 .v4_bx         0x000000000800c1e8        0x0 linker stubs

.iplt           0x000000000800c1e8        0x0
 .iplt          0x000000000800c1e8        0x0 c:/st/stm32cubeide_1.1.0/stm32cubeide/plugins/com.st.stm32cube.ide.mcu.externaltools.gnu-tools-for-stm32.7-2018-q2-update.win32_1.0.0.201904181610/tools/bin/../lib/gcc/arm-none-eabi/7.3.1/thumb/v6-m/crtbegin.o

.rodata         0x000000000800c1e8      0x6c8
                0x000000000800c1e8                . = ALIGN (0x4)
 *(.rodata)
 .rodata        0x000000000800c1e8       0x80 c:/st/stm32cubeide_1.1.0/stm32cubeide/plugins/com.st.stm32cube.ide.mcu.externaltools.gnu-tools-for-stm32.7-2018-q2-update.win32_1.0.0.201904181610/tools/bin/../lib/gcc/arm-none-eabi/7.3.1/thumb/v6-m\libgcc.a(divsf3.o)
 .rodata        0x000000000800c268       0x40 c:/st/stm32cubeide_1.1.0/stm32cubeide/plugins/com.st.stm32cube.ide.mcu.externaltools.gnu-tools-for-stm32.7-2018-q2-update.win32_1.0.0.201904181610/tools/bin/../lib/gcc/arm-none-eabi/7.3.1/thumb/v6-m\libgcc.a(mulsf3.o)
 .rodata        0x000000000800c2a8       0x40 c:/st/stm32cubeide_1.1.0/stm32cubeide/plugins/com.st.stm32cube.ide.mcu.externaltools.gnu-tools-for-stm32.7-2018-q2-update.win32_1.0.0.201904181610/tools/bin/../lib/gcc/arm-none-eabi/7.3.1/thumb/v6-m\libgcc.a(divdf3.o)
 .rodata        0x000000000800c2e8       0x40 c:/st/stm32cubeide_1.1.0/stm32cubeide/plugins/com.st.stm32cube.ide.mcu.externaltools.gnu-tools-for-stm32.7-2018-q2-update.win32_1.0.0.201904181610/tools/bin/../lib/gcc/arm-none-eabi/7.3.1/thumb/v6-m\libgcc.a(muldf3.o)
 *(.rodata*)
 .rodata.main.str1.4
                0x000000000800c328       0x24 Core/Src/main.o
 .rodata.AHBPrescTable
                0x000000000800c34c       0x40 Core/Src/system_stm32g0xx.o
                0x000000000800c34c                AHBPrescTable
 .rodata.APBPrescTable
                0x000000000800c38c       0x20 Core/Src/system_stm32g0xx.o
                0x000000000800c38c                APBPrescTable
 .rodata.cie    0x000000000800c3ac      0x100 Core/Src/hal/leds.o
                0x000000000800c3ac                cie
 .rodata.als_gain
                0x000000000800c4ac        0x8 Core/Src/i2c/LTR_329ALS.o
 .rodata.als_val
                0x000000000800c4b4       0x20 Core/Src/i2c/LTR_329ALS.o
 .rodata.init_LTR_329ALS.str1.4
                0x000000000800c4d4       0xbd Core/Src/i2c/LTR_329ALS.o
 *fill*         0x000000000800c591        0x3 
 .rodata.get_environmental_sensor_measurement.str1.4
                0x000000000800c594       0x31 Core/Src/i2c/bme680_interface.o
 *fill*         0x000000000800c5c5        0x3 
 .rodata.i2c_sensor_process
                0x000000000800c5c8       0x34 Core/Src/i2c/i2c_manager.o
 .rodata.i2c_init.str1.4
                0x000000000800c5fc       0x19 Core/Src/i2c/i2c_manager.o
 *fill*         0x000000000800c615        0x3 
 .rodata.get_voc_co2_eq.str1.4
                0x000000000800c618       0x19 Core/Src/i2c/sgp30_interface.o
 *fill*         0x000000000800c631        0x3 
 .rodata.init_SGP30.str1.4
                0x000000000800c634      0x184 Core/Src/i2c/sgp30_interface.o
 .rodata.str1.4
                0x000000000800c7b8       0x18 Core/Src/i2c/sgp30_interface.o
                                         0x17 (size before relaxing)
 .rodata.CSWTCH.256
                0x000000000800c7d0        0x4 Drivers/STM32G0xx_HAL_Driver/Src/stm32g0xx_hal_uart.o
 .rodata._global_impure_ptr
                0x000000000800c7d4        0x4 c:/st/stm32cubeide_1.1.0/stm32cubeide/plugins/com.st.stm32cube.ide.mcu.externaltools.gnu-tools-for-stm32.7-2018-q2-update.win32_1.0.0.201904181610/tools/bin/../lib/gcc/arm-none-eabi/7.3.1/../../../../arm-none-eabi/lib/thumb/v6-m\libc_nano.a(lib_a-impure.o)
                0x000000000800c7d4                _global_impure_ptr
 .rodata.__sf_fake_stderr
                0x000000000800c7d8       0x20 c:/st/stm32cubeide_1.1.0/stm32cubeide/plugins/com.st.stm32cube.ide.mcu.externaltools.gnu-tools-for-stm32.7-2018-q2-update.win32_1.0.0.201904181610/tools/bin/../lib/gcc/arm-none-eabi/7.3.1/../../../../arm-none-eabi/lib/thumb/v6-m\libc_nano.a(lib_a-findfp.o)
                0x000000000800c7d8                __sf_fake_stderr
 .rodata.__sf_fake_stdin
                0x000000000800c7f8       0x20 c:/st/stm32cubeide_1.1.0/stm32cubeide/plugins/com.st.stm32cube.ide.mcu.externaltools.gnu-tools-for-stm32.7-2018-q2-update.win32_1.0.0.201904181610/tools/bin/../lib/gcc/arm-none-eabi/7.3.1/../../../../arm-none-eabi/lib/thumb/v6-m\libc_nano.a(lib_a-findfp.o)
                0x000000000800c7f8                __sf_fake_stdin
 .rodata.__sf_fake_stdout
                0x000000000800c818       0x20 c:/st/stm32cubeide_1.1.0/stm32cubeide/plugins/com.st.stm32cube.ide.mcu.externaltools.gnu-tools-for-stm32.7-2018-q2-update.win32_1.0.0.201904181610/tools/bin/../lib/gcc/arm-none-eabi/7.3.1/../../../../arm-none-eabi/lib/thumb/v6-m\libc_nano.a(lib_a-findfp.o)
                0x000000000800c818                __sf_fake_stdout
 .rodata._vfprintf_r.str1.1
                0x000000000800c838       0x11 c:/st/stm32cubeide_1.1.0/stm32cubeide/plugins/com.st.stm32cube.ide.mcu.externaltools.gnu-tools-for-stm32.7-2018-q2-update.win32_1.0.0.201904181610/tools/bin/../lib/gcc/arm-none-eabi/7.3.1/../../../../arm-none-eabi/lib/thumb/v6-m\libc_nano.a(lib_a-nano-vfprintf.o)
 .rodata._printf_i.str1.1
                0x000000000800c849       0x22 c:/st/stm32cubeide_1.1.0/stm32cubeide/plugins/com.st.stm32cube.ide.mcu.externaltools.gnu-tools-for-stm32.7-2018-q2-update.win32_1.0.0.201904181610/tools/bin/../lib/gcc/arm-none-eabi/7.3.1/../../../../arm-none-eabi/lib/thumb/v6-m\libc_nano.a(lib_a-nano-vfprintf_i.o)
 .rodata.pow.str1.1
                0x000000000800c86b        0x4 c:/st/stm32cubeide_1.1.0/stm32cubeide/plugins/com.st.stm32cube.ide.mcu.externaltools.gnu-tools-for-stm32.7-2018-q2-update.win32_1.0.0.201904181610/tools/bin/../lib/gcc/arm-none-eabi/7.3.1/../../../../arm-none-eabi/lib/thumb/v6-m\libm.a(lib_a-w_pow.o)
 .rodata.__ieee754_pow.str1.1
                0x000000000800c86f        0x4 c:/st/stm32cubeide_1.1.0/stm32cubeide/plugins/com.st.stm32cube.ide.mcu.externaltools.gnu-tools-for-stm32.7-2018-q2-update.win32_1.0.0.201904181610/tools/bin/../lib/gcc/arm-none-eabi/7.3.1/../../../../arm-none-eabi/lib/thumb/v6-m\libm.a(lib_a-e_pow.o)
                                          0x1 (size before relaxing)
 *fill*         0x000000000800c86f        0x1 
 .rodata.bp     0x000000000800c870       0x10 c:/st/stm32cubeide_1.1.0/stm32cubeide/plugins/com.st.stm32cube.ide.mcu.externaltools.gnu-tools-for-stm32.7-2018-q2-update.win32_1.0.0.201904181610/tools/bin/../lib/gcc/arm-none-eabi/7.3.1/../../../../arm-none-eabi/lib/thumb/v6-m\libm.a(lib_a-e_pow.o)
 .rodata.dp_h   0x000000000800c880       0x10 c:/st/stm32cubeide_1.1.0/stm32cubeide/plugins/com.st.stm32cube.ide.mcu.externaltools.gnu-tools-for-stm32.7-2018-q2-update.win32_1.0.0.201904181610/tools/bin/../lib/gcc/arm-none-eabi/7.3.1/../../../../arm-none-eabi/lib/thumb/v6-m\libm.a(lib_a-e_pow.o)
 .rodata.dp_l   0x000000000800c890       0x10 c:/st/stm32cubeide_1.1.0/stm32cubeide/plugins/com.st.stm32cube.ide.mcu.externaltools.gnu-tools-for-stm32.7-2018-q2-update.win32_1.0.0.201904181610/tools/bin/../lib/gcc/arm-none-eabi/7.3.1/../../../../arm-none-eabi/lib/thumb/v6-m\libm.a(lib_a-e_pow.o)
 .rodata.TWO52  0x000000000800c8a0       0x10 c:/st/stm32cubeide_1.1.0/stm32cubeide/plugins/com.st.stm32cube.ide.mcu.externaltools.gnu-tools-for-stm32.7-2018-q2-update.win32_1.0.0.201904181610/tools/bin/../lib/gcc/arm-none-eabi/7.3.1/../../../../arm-none-eabi/lib/thumb/v6-m\libm.a(lib_a-s_rint.o)
                0x000000000800c8b0                . = ALIGN (0x4)

.ARM.extab      0x000000000800c8b0        0x0
                0x000000000800c8b0                . = ALIGN (0x4)
 *(.ARM.extab* .gnu.linkonce.armextab.*)
                0x000000000800c8b0                . = ALIGN (0x4)

.ARM            0x000000000800c8b0        0x8
                0x000000000800c8b0                . = ALIGN (0x4)
                0x000000000800c8b0                __exidx_start = .
 *(.ARM.exidx*)
 .ARM.exidx     0x000000000800c8b0        0x8 c:/st/stm32cubeide_1.1.0/stm32cubeide/plugins/com.st.stm32cube.ide.mcu.externaltools.gnu-tools-for-stm32.7-2018-q2-update.win32_1.0.0.201904181610/tools/bin/../lib/gcc/arm-none-eabi/7.3.1/thumb/v6-m\libgcc.a(_udivmoddi4.o)
                0x000000000800c8b8                __exidx_end = .
                0x000000000800c8b8                . = ALIGN (0x4)

.rel.dyn        0x000000000800c8b8        0x0
 .rel.iplt      0x000000000800c8b8        0x0 c:/st/stm32cubeide_1.1.0/stm32cubeide/plugins/com.st.stm32cube.ide.mcu.externaltools.gnu-tools-for-stm32.7-2018-q2-update.win32_1.0.0.201904181610/tools/bin/../lib/gcc/arm-none-eabi/7.3.1/thumb/v6-m/crtbegin.o

.preinit_array  0x000000000800c8b8        0x0
                0x000000000800c8b8                . = ALIGN (0x4)
                0x000000000800c8b8                PROVIDE (__preinit_array_start = .)
 *(.preinit_array*)
                0x000000000800c8b8                PROVIDE (__preinit_array_end = .)
                0x000000000800c8b8                . = ALIGN (0x4)

.init_array     0x000000000800c8b8        0x4
                0x000000000800c8b8                . = ALIGN (0x4)
                0x000000000800c8b8                PROVIDE (__init_array_start = .)
 *(SORT_BY_NAME(.init_array.*))
 *(.init_array*)
 .init_array    0x000000000800c8b8        0x4 c:/st/stm32cubeide_1.1.0/stm32cubeide/plugins/com.st.stm32cube.ide.mcu.externaltools.gnu-tools-for-stm32.7-2018-q2-update.win32_1.0.0.201904181610/tools/bin/../lib/gcc/arm-none-eabi/7.3.1/thumb/v6-m/crtbegin.o
                0x000000000800c8bc                PROVIDE (__init_array_end = .)
                0x000000000800c8bc                . = ALIGN (0x4)

.fini_array     0x000000000800c8bc        0x4
                0x000000000800c8bc                . = ALIGN (0x4)
                [!provide]                        PROVIDE (__fini_array_start = .)
 *(SORT_BY_NAME(.fini_array.*))
 *(.fini_array*)
 .fini_array    0x000000000800c8bc        0x4 c:/st/stm32cubeide_1.1.0/stm32cubeide/plugins/com.st.stm32cube.ide.mcu.externaltools.gnu-tools-for-stm32.7-2018-q2-update.win32_1.0.0.201904181610/tools/bin/../lib/gcc/arm-none-eabi/7.3.1/thumb/v6-m/crtbegin.o
                [!provide]                        PROVIDE (__fini_array_end = .)
                0x000000000800c8c0                . = ALIGN (0x4)
                0x000000000800c8c0                _sidata = LOADADDR (.data)

.data           0x0000000020000000       0x78 load address 0x000000000800c8c0
                0x0000000020000000                . = ALIGN (0x4)
                0x0000000020000000                _sdata = .
 *(.data)
 *(.data*)
 .data.SystemCoreClock
                0x0000000020000000        0x4 Core/Src/system_stm32g0xx.o
                0x0000000020000000                SystemCoreClock
 .data.SGP_DRV_VERSION_STR
                0x0000000020000004        0x4 Core/Src/i2c/sgp30_interface.o
                0x0000000020000004                SGP_DRV_VERSION_STR
 .data.uwTickFreq
                0x0000000020000008        0x4 Drivers/STM32G0xx_HAL_Driver/Src/stm32g0xx_hal.o
                0x0000000020000008                uwTickFreq
 .data.uwTickPrio
                0x000000002000000c        0x4 Drivers/STM32G0xx_HAL_Driver/Src/stm32g0xx_hal.o
                0x000000002000000c                uwTickPrio
 .data._impure_ptr
                0x0000000020000010        0x4 c:/st/stm32cubeide_1.1.0/stm32cubeide/plugins/com.st.stm32cube.ide.mcu.externaltools.gnu-tools-for-stm32.7-2018-q2-update.win32_1.0.0.201904181610/tools/bin/../lib/gcc/arm-none-eabi/7.3.1/../../../../arm-none-eabi/lib/thumb/v6-m\libc_nano.a(lib_a-impure.o)
                0x0000000020000010                _impure_ptr
 .data.impure_data
                0x0000000020000014       0x60 c:/st/stm32cubeide_1.1.0/stm32cubeide/plugins/com.st.stm32cube.ide.mcu.externaltools.gnu-tools-for-stm32.7-2018-q2-update.win32_1.0.0.201904181610/tools/bin/../lib/gcc/arm-none-eabi/7.3.1/../../../../arm-none-eabi/lib/thumb/v6-m\libc_nano.a(lib_a-impure.o)
 .data.__fdlib_version
                0x0000000020000074        0x1 c:/st/stm32cubeide_1.1.0/stm32cubeide/plugins/com.st.stm32cube.ide.mcu.externaltools.gnu-tools-for-stm32.7-2018-q2-update.win32_1.0.0.201904181610/tools/bin/../lib/gcc/arm-none-eabi/7.3.1/../../../../arm-none-eabi/lib/thumb/v6-m\libm.a(lib_a-s_lib_ver.o)
                0x0000000020000074                __fdlib_version
                0x0000000020000078                . = ALIGN (0x4)
 *fill*         0x0000000020000075        0x3 
                0x0000000020000078                _edata = .

.igot.plt       0x0000000020000078        0x0 load address 0x000000000800c938
 .igot.plt      0x0000000020000078        0x0 c:/st/stm32cubeide_1.1.0/stm32cubeide/plugins/com.st.stm32cube.ide.mcu.externaltools.gnu-tools-for-stm32.7-2018-q2-update.win32_1.0.0.201904181610/tools/bin/../lib/gcc/arm-none-eabi/7.3.1/thumb/v6-m/crtbegin.o
                0x0000000020000078                . = ALIGN (0x4)

.bss            0x0000000020000078     0x10e4 load address 0x000000000800c938
                0x0000000020000078                _sbss = .
                0x0000000020000078                __bss_start__ = _sbss
 *(.bss)
 .bss           0x0000000020000078       0x1c c:/st/stm32cubeide_1.1.0/stm32cubeide/plugins/com.st.stm32cube.ide.mcu.externaltools.gnu-tools-for-stm32.7-2018-q2-update.win32_1.0.0.201904181610/tools/bin/../lib/gcc/arm-none-eabi/7.3.1/thumb/v6-m/crtbegin.o
 *(.bss*)
 .bss.heap_end.5149
                0x0000000020000094        0x4 Core/Src/sysmem.o
 .bss.ld        0x0000000020000098      0x52c Core/Src/hal/leds.o
 .bss.als_time  0x00000000200005c4        0x2 Core/Src/i2c/LTR_329ALS.o
 *fill*         0x00000000200005c6        0x2 
 .bss.bsec_state_len
                0x00000000200005c8        0x4 Core/Src/i2c/bme680_interface.o
                0x00000000200005c8                bsec_state_len
 .bss.n_samples
                0x00000000200005cc        0x4 Core/Src/i2c/bme680_interface.o
                0x00000000200005cc                n_samples
 .bss.num_bsec_inputs
                0x00000000200005d0        0x1 Core/Src/i2c/bme680_interface.o
                0x00000000200005d0                num_bsec_inputs
 *fill*         0x00000000200005d1        0x3 
 .bss.i2c       0x00000000200005d4        0xc Core/Src/i2c/i2c_manager.o
 .bss.i2c_devices
                0x00000000200005e0       0xa0 Core/Src/i2c/i2c_manager.o
 .bss.reading_count
                0x0000000020000680        0x2 Core/Src/i2c/sgp30_interface.o
 *fill*         0x0000000020000682        0x2 
 .bss.__malloc_free_list
                0x0000000020000684        0x4 c:/st/stm32cubeide_1.1.0/stm32cubeide/plugins/com.st.stm32cube.ide.mcu.externaltools.gnu-tools-for-stm32.7-2018-q2-update.win32_1.0.0.201904181610/tools/bin/../lib/gcc/arm-none-eabi/7.3.1/../../../../arm-none-eabi/lib/thumb/v6-m\libc_nano.a(lib_a-nano-mallocr.o)
                0x0000000020000684                __malloc_free_list
 .bss.__malloc_sbrk_start
                0x0000000020000688        0x4 c:/st/stm32cubeide_1.1.0/stm32cubeide/plugins/com.st.stm32cube.ide.mcu.externaltools.gnu-tools-for-stm32.7-2018-q2-update.win32_1.0.0.201904181610/tools/bin/../lib/gcc/arm-none-eabi/7.3.1/../../../../arm-none-eabi/lib/thumb/v6-m\libc_nano.a(lib_a-nano-mallocr.o)
                0x0000000020000688                __malloc_sbrk_start
 *(COMMON)
 COMMON         0x000000002000068c      0x824 Core/Src/main.o
                0x000000002000068c                hspi2
                0x00000000200006f0                hs
                0x0000000020000bfc                hi2c2
                0x0000000020000c48                hadc1
                0x0000000020000cac                huart1
                0x0000000020000d38                hrtc
                0x0000000020000d64                hspi1
                0x0000000020000dc8                huart2
                0x0000000020000e54                hdma_spi2_tx
 COMMON         0x0000000020000eb0       0x94 Core/Src/hal/leds.o
                0x0000000020000eb0                LED_display_update_completed
                0x0000000020000eb4                led_display
                0x0000000020000efc                display_state_levels
 *fill*         0x0000000020000f44        0x4 
 COMMON         0x0000000020000f48      0x20c Core/Src/i2c/bme680_interface.o
                0x0000000020000f48                work_buffer
                0x0000000020000fd8                sensor_settings
                0x0000000020000ff0                bsec_inputs
                0x0000000020001070                bsec_state
                0x00000000200010fc                bme680_g
 COMMON         0x0000000020001154        0x4 Drivers/STM32G0xx_HAL_Driver/Src/stm32g0xx_hal.o
                0x0000000020001154                uwTick
 COMMON         0x0000000020001158        0x4 c:/st/stm32cubeide_1.1.0/stm32cubeide/plugins/com.st.stm32cube.ide.mcu.externaltools.gnu-tools-for-stm32.7-2018-q2-update.win32_1.0.0.201904181610/tools/bin/../lib/gcc/arm-none-eabi/7.3.1/../../../../arm-none-eabi/lib/thumb/v6-m\libc_nano.a(lib_a-reent.o)
                0x0000000020001158                errno
                0x000000002000115c                . = ALIGN (0x4)
                0x000000002000115c                _ebss = .
                0x000000002000115c                __bss_end__ = _ebss

._user_heap_stack
                0x000000002000115c      0x604 load address 0x000000000800c938
                0x0000000020001160                . = ALIGN (0x8)
 *fill*         0x000000002000115c        0x4 
                0x0000000020001160                PROVIDE (end = .)
                [!provide]                        PROVIDE (_end = .)
                0x0000000020001360                . = (. + _Min_Heap_Size)
 *fill*         0x0000000020001160      0x200 
                0x0000000020001760                . = (. + _Min_Stack_Size)
 *fill*         0x0000000020001360      0x400 
                0x0000000020001760                . = ALIGN (0x8)

/DISCARD/
 libc.a(*)
 libm.a(*)
 libgcc.a(*)

.ARM.attributes
                0x0000000000000000       0x28
 *(.ARM.attributes)
 .ARM.attributes
                0x0000000000000000       0x1e c:/st/stm32cubeide_1.1.0/stm32cubeide/plugins/com.st.stm32cube.ide.mcu.externaltools.gnu-tools-for-stm32.7-2018-q2-update.win32_1.0.0.201904181610/tools/bin/../lib/gcc/arm-none-eabi/7.3.1/thumb/v6-m/crti.o
 .ARM.attributes
                0x000000000000001e       0x2c c:/st/stm32cubeide_1.1.0/stm32cubeide/plugins/com.st.stm32cube.ide.mcu.externaltools.gnu-tools-for-stm32.7-2018-q2-update.win32_1.0.0.201904181610/tools/bin/../lib/gcc/arm-none-eabi/7.3.1/thumb/v6-m/crtbegin.o
 .ARM.attributes
                0x000000000000004a       0x32 Core/Src/main.o
 .ARM.attributes
                0x000000000000007c       0x32 Core/Src/stm32g0xx_hal_msp.o
 .ARM.attributes
                0x00000000000000ae       0x32 Core/Src/stm32g0xx_it.o
 .ARM.attributes
                0x00000000000000e0       0x32 Core/Src/syscalls.o
 .ARM.attributes
                0x0000000000000112       0x32 Core/Src/sysmem.o
 .ARM.attributes
                0x0000000000000144       0x32 Core/Src/system_stm32g0xx.o
 .ARM.attributes
                0x0000000000000176       0x32 Core/Src/temp_bme680.o
 .ARM.attributes
                0x00000000000001a8       0x32 Core/Src/hal/co2_voc.o
 .ARM.attributes
                0x00000000000001da       0x32 Core/Src/hal/leds.o
 .ARM.attributes
                0x000000000000020c       0x32 Core/Src/hal/lux.o
 .ARM.attributes
                0x000000000000023e       0x32 Core/Src/hal/temp_humidity.o
 .ARM.attributes
                0x0000000000000270       0x32 Core/Src/i2c/LTR_329ALS.o
 .ARM.attributes
                0x00000000000002a2       0x32 Core/Src/i2c/Si7020.o
 .ARM.attributes
                0x00000000000002d4       0x32 Core/Src/i2c/bme680_interface.o
 .ARM.attributes
                0x0000000000000306       0x32 Core/Src/i2c/i2c_manager.o
 .ARM.attributes
                0x0000000000000338       0x32 Core/Src/i2c/sensirion_support.o
 .ARM.attributes
                0x000000000000036a       0x32 Core/Src/i2c/sgp30_interface.o
 .ARM.attributes
                0x000000000000039c       0x32 Core/Src/i2c/sps30_interface.o
 .ARM.attributes
                0x00000000000003ce       0x32 Core/Src/i2c/embedded-common/sensirion_common.o
 .ARM.attributes
                0x0000000000000400       0x32 Core/Src/i2c/sgp30/sgp30.o
 .ARM.attributes
                0x0000000000000432       0x32 Core/Src/i2c/sps30/sps30.o
 .ARM.attributes
                0x0000000000000464       0x32 Core/Src/iMatrix/kalman_filter/kalman_filter.o
 .ARM.attributes
                0x0000000000000496       0x32 Core/Src/init/init.o
 .ARM.attributes
                0x00000000000004c8       0x32 Core/Src/time/ck_time.o
 .ARM.attributes
                0x00000000000004fa       0x21 Core/Startup/startup_stm32g031k8ux.o
 .ARM.attributes
                0x000000000000051b       0x32 Drivers/STM32G0xx_HAL_Driver/Src/stm32g0xx_hal.o
 .ARM.attributes
                0x000000000000054d       0x32 Drivers/STM32G0xx_HAL_Driver/Src/stm32g0xx_hal_adc.o
 .ARM.attributes
                0x000000000000057f       0x32 Drivers/STM32G0xx_HAL_Driver/Src/stm32g0xx_hal_cortex.o
 .ARM.attributes
                0x00000000000005b1       0x32 Drivers/STM32G0xx_HAL_Driver/Src/stm32g0xx_hal_dma.o
 .ARM.attributes
                0x00000000000005e3       0x32 Drivers/STM32G0xx_HAL_Driver/Src/stm32g0xx_hal_gpio.o
 .ARM.attributes
                0x0000000000000615       0x32 Drivers/STM32G0xx_HAL_Driver/Src/stm32g0xx_hal_i2c.o
 .ARM.attributes
                0x0000000000000647       0x32 Drivers/STM32G0xx_HAL_Driver/Src/stm32g0xx_hal_i2c_ex.o
 .ARM.attributes
                0x0000000000000679       0x32 Drivers/STM32G0xx_HAL_Driver/Src/stm32g0xx_hal_pwr_ex.o
 .ARM.attributes
                0x00000000000006ab       0x32 Drivers/STM32G0xx_HAL_Driver/Src/stm32g0xx_hal_rcc.o
 .ARM.attributes
                0x00000000000006dd       0x32 Drivers/STM32G0xx_HAL_Driver/Src/stm32g0xx_hal_rcc_ex.o
 .ARM.attributes
                0x000000000000070f       0x32 Drivers/STM32G0xx_HAL_Driver/Src/stm32g0xx_hal_rtc.o
 .ARM.attributes
                0x0000000000000741       0x32 Drivers/STM32G0xx_HAL_Driver/Src/stm32g0xx_hal_spi.o
 .ARM.attributes
                0x0000000000000773       0x32 Drivers/STM32G0xx_HAL_Driver/Src/stm32g0xx_hal_uart.o
 .ARM.attributes
                0x00000000000007a5       0x32 Drivers/STM32G0xx_HAL_Driver/Src/stm32g0xx_hal_uart_ex.o
 .ARM.attributes
                0x00000000000007d7       0x2c c:/st/stm32cubeide_1.1.0/stm32cubeide/plugins/com.st.stm32cube.ide.mcu.externaltools.gnu-tools-for-stm32.7-2018-q2-update.win32_1.0.0.201904181610/tools/bin/../lib/gcc/arm-none-eabi/7.3.1/../../../../arm-none-eabi/lib/thumb/v6-m\libc_nano.a(lib_a-errno.o)
 .ARM.attributes
                0x0000000000000803       0x2c c:/st/stm32cubeide_1.1.0/stm32cubeide/plugins/com.st.stm32cube.ide.mcu.externaltools.gnu-tools-for-stm32.7-2018-q2-update.win32_1.0.0.201904181610/tools/bin/../lib/gcc/arm-none-eabi/7.3.1/../../../../arm-none-eabi/lib/thumb/v6-m\libc_nano.a(lib_a-impure.o)
 .ARM.attributes
                0x000000000000082f       0x2c c:/st/stm32cubeide_1.1.0/stm32cubeide/plugins/com.st.stm32cube.ide.mcu.externaltools.gnu-tools-for-stm32.7-2018-q2-update.win32_1.0.0.201904181610/tools/bin/../lib/gcc/arm-none-eabi/7.3.1/../../../../arm-none-eabi/lib/thumb/v6-m\libc_nano.a(lib_a-init.o)
 .ARM.attributes
                0x000000000000085b       0x2c c:/st/stm32cubeide_1.1.0/stm32cubeide/plugins/com.st.stm32cube.ide.mcu.externaltools.gnu-tools-for-stm32.7-2018-q2-update.win32_1.0.0.201904181610/tools/bin/../lib/gcc/arm-none-eabi/7.3.1/../../../../arm-none-eabi/lib/thumb/v6-m\libc_nano.a(lib_a-memcpy-stub.o)
 .ARM.attributes
                0x0000000000000887       0x2c c:/st/stm32cubeide_1.1.0/stm32cubeide/plugins/com.st.stm32cube.ide.mcu.externaltools.gnu-tools-for-stm32.7-2018-q2-update.win32_1.0.0.201904181610/tools/bin/../lib/gcc/arm-none-eabi/7.3.1/../../../../arm-none-eabi/lib/thumb/v6-m\libc_nano.a(lib_a-memset.o)
 .ARM.attributes
                0x00000000000008b3       0x2c c:/st/stm32cubeide_1.1.0/stm32cubeide/plugins/com.st.stm32cube.ide.mcu.externaltools.gnu-tools-for-stm32.7-2018-q2-update.win32_1.0.0.201904181610/tools/bin/../lib/gcc/arm-none-eabi/7.3.1/../../../../arm-none-eabi/lib/thumb/v6-m\libc_nano.a(lib_a-printf.o)
 .ARM.attributes
                0x00000000000008df       0x2c c:/st/stm32cubeide_1.1.0/stm32cubeide/plugins/com.st.stm32cube.ide.mcu.externaltools.gnu-tools-for-stm32.7-2018-q2-update.win32_1.0.0.201904181610/tools/bin/../lib/gcc/arm-none-eabi/7.3.1/../../../../arm-none-eabi/lib/thumb/v6-m\libc_nano.a(lib_a-puts.o)
 .ARM.attributes
                0x000000000000090b       0x2c c:/st/stm32cubeide_1.1.0/stm32cubeide/plugins/com.st.stm32cube.ide.mcu.externaltools.gnu-tools-for-stm32.7-2018-q2-update.win32_1.0.0.201904181610/tools/bin/../lib/gcc/arm-none-eabi/7.3.1/../../../../arm-none-eabi/lib/thumb/v6-m\libc_nano.a(lib_a-wbuf.o)
 .ARM.attributes
                0x0000000000000937       0x2c c:/st/stm32cubeide_1.1.0/stm32cubeide/plugins/com.st.stm32cube.ide.mcu.externaltools.gnu-tools-for-stm32.7-2018-q2-update.win32_1.0.0.201904181610/tools/bin/../lib/gcc/arm-none-eabi/7.3.1/../../../../arm-none-eabi/lib/thumb/v6-m\libc_nano.a(lib_a-wsetup.o)
 .ARM.attributes
                0x0000000000000963       0x2c c:/st/stm32cubeide_1.1.0/stm32cubeide/plugins/com.st.stm32cube.ide.mcu.externaltools.gnu-tools-for-stm32.7-2018-q2-update.win32_1.0.0.201904181610/tools/bin/../lib/gcc/arm-none-eabi/7.3.1/../../../../arm-none-eabi/lib/thumb/v6-m\libc_nano.a(lib_a-fflush.o)
 .ARM.attributes
                0x000000000000098f       0x2c c:/st/stm32cubeide_1.1.0/stm32cubeide/plugins/com.st.stm32cube.ide.mcu.externaltools.gnu-tools-for-stm32.7-2018-q2-update.win32_1.0.0.201904181610/tools/bin/../lib/gcc/arm-none-eabi/7.3.1/../../../../arm-none-eabi/lib/thumb/v6-m\libc_nano.a(lib_a-findfp.o)
 .ARM.attributes
                0x00000000000009bb       0x2c c:/st/stm32cubeide_1.1.0/stm32cubeide/plugins/com.st.stm32cube.ide.mcu.externaltools.gnu-tools-for-stm32.7-2018-q2-update.win32_1.0.0.201904181610/tools/bin/../lib/gcc/arm-none-eabi/7.3.1/../../../../arm-none-eabi/lib/thumb/v6-m\libc_nano.a(lib_a-fwalk.o)
 .ARM.attributes
                0x00000000000009e7       0x2c c:/st/stm32cubeide_1.1.0/stm32cubeide/plugins/com.st.stm32cube.ide.mcu.externaltools.gnu-tools-for-stm32.7-2018-q2-update.win32_1.0.0.201904181610/tools/bin/../lib/gcc/arm-none-eabi/7.3.1/../../../../arm-none-eabi/lib/thumb/v6-m\libc_nano.a(lib_a-makebuf.o)
 .ARM.attributes
                0x0000000000000a13       0x2c c:/st/stm32cubeide_1.1.0/stm32cubeide/plugins/com.st.stm32cube.ide.mcu.externaltools.gnu-tools-for-stm32.7-2018-q2-update.win32_1.0.0.201904181610/tools/bin/../lib/gcc/arm-none-eabi/7.3.1/../../../../arm-none-eabi/lib/thumb/v6-m\libc_nano.a(lib_a-nano-freer.o)
 .ARM.attributes
                0x0000000000000a3f       0x2c c:/st/stm32cubeide_1.1.0/stm32cubeide/plugins/com.st.stm32cube.ide.mcu.externaltools.gnu-tools-for-stm32.7-2018-q2-update.win32_1.0.0.201904181610/tools/bin/../lib/gcc/arm-none-eabi/7.3.1/../../../../arm-none-eabi/lib/thumb/v6-m\libc_nano.a(lib_a-nano-mallocr.o)
 .ARM.attributes
                0x0000000000000a6b       0x2c c:/st/stm32cubeide_1.1.0/stm32cubeide/plugins/com.st.stm32cube.ide.mcu.externaltools.gnu-tools-for-stm32.7-2018-q2-update.win32_1.0.0.201904181610/tools/bin/../lib/gcc/arm-none-eabi/7.3.1/../../../../arm-none-eabi/lib/thumb/v6-m\libc_nano.a(lib_a-nano-vfprintf.o)
 .ARM.attributes
                0x0000000000000a97       0x2c c:/st/stm32cubeide_1.1.0/stm32cubeide/plugins/com.st.stm32cube.ide.mcu.externaltools.gnu-tools-for-stm32.7-2018-q2-update.win32_1.0.0.201904181610/tools/bin/../lib/gcc/arm-none-eabi/7.3.1/../../../../arm-none-eabi/lib/thumb/v6-m\libc_nano.a(lib_a-nano-vfprintf_i.o)
 .ARM.attributes
                0x0000000000000ac3       0x2c c:/st/stm32cubeide_1.1.0/stm32cubeide/plugins/com.st.stm32cube.ide.mcu.externaltools.gnu-tools-for-stm32.7-2018-q2-update.win32_1.0.0.201904181610/tools/bin/../lib/gcc/arm-none-eabi/7.3.1/../../../../arm-none-eabi/lib/thumb/v6-m\libc_nano.a(lib_a-sbrkr.o)
 .ARM.attributes
                0x0000000000000aef       0x2c c:/st/stm32cubeide_1.1.0/stm32cubeide/plugins/com.st.stm32cube.ide.mcu.externaltools.gnu-tools-for-stm32.7-2018-q2-update.win32_1.0.0.201904181610/tools/bin/../lib/gcc/arm-none-eabi/7.3.1/../../../../arm-none-eabi/lib/thumb/v6-m\libc_nano.a(lib_a-stdio.o)
 .ARM.attributes
                0x0000000000000b1b       0x2c c:/st/stm32cubeide_1.1.0/stm32cubeide/plugins/com.st.stm32cube.ide.mcu.externaltools.gnu-tools-for-stm32.7-2018-q2-update.win32_1.0.0.201904181610/tools/bin/../lib/gcc/arm-none-eabi/7.3.1/../../../../arm-none-eabi/lib/thumb/v6-m\libc_nano.a(lib_a-writer.o)
 .ARM.attributes
                0x0000000000000b47       0x2c c:/st/stm32cubeide_1.1.0/stm32cubeide/plugins/com.st.stm32cube.ide.mcu.externaltools.gnu-tools-for-stm32.7-2018-q2-update.win32_1.0.0.201904181610/tools/bin/../lib/gcc/arm-none-eabi/7.3.1/../../../../arm-none-eabi/lib/thumb/v6-m\libc_nano.a(lib_a-closer.o)
 .ARM.attributes
                0x0000000000000b73       0x2c c:/st/stm32cubeide_1.1.0/stm32cubeide/plugins/com.st.stm32cube.ide.mcu.externaltools.gnu-tools-for-stm32.7-2018-q2-update.win32_1.0.0.201904181610/tools/bin/../lib/gcc/arm-none-eabi/7.3.1/../../../../arm-none-eabi/lib/thumb/v6-m\libc_nano.a(lib_a-fstatr.o)
 .ARM.attributes