Archive member included to satisfy reference by file (symbol)

c:/st/stm32cubeide_1.1.0/stm32cubeide/plugins/com.st.stm32cube.ide.mcu.externaltools.gnu-tools-for-stm32.7-2018-q2-update.win32_1.0.0.201904181610/tools/bin/../lib/gcc/arm-none-eabi/7.3.1/../../../../arm-none-eabi/lib/thumb/v6-m\libc_nano.a(lib_a-errno.o)
                              Core/Src/syscalls.o (__errno)
c:/st/stm32cubeide_1.1.0/stm32cubeide/plugins/com.st.stm32cube.ide.mcu.externaltools.gnu-tools-for-stm32.7-2018-q2-update.win32_1.0.0.201904181610/tools/bin/../lib/gcc/arm-none-eabi/7.3.1/../../../../arm-none-eabi/lib/thumb/v6-m\libc_nano.a(lib_a-exit.o)
                              c:/st/stm32cubeide_1.1.0/stm32cubeide/plugins/com.st.stm32cube.ide.mcu.externaltools.gnu-tools-for-stm32.7-2018-q2-update.win32_1.0.0.201904181610/tools/bin/../lib/gcc/arm-none-eabi/7.3.1/../../../../arm-none-eabi/lib/thumb/v6-m/crt0.o (exit)
c:/st/stm32cubeide_1.1.0/stm32cubeide/plugins/com.st.stm32cube.ide.mcu.externaltools.gnu-tools-for-stm32.7-2018-q2-update.win32_1.0.0.201904181610/tools/bin/../lib/gcc/arm-none-eabi/7.3.1/../../../../arm-none-eabi/lib/thumb/v6-m\libc_nano.a(lib_a-impure.o)
                              c:/st/stm32cubeide_1.1.0/stm32cubeide/plugins/com.st.stm32cube.ide.mcu.externaltools.gnu-tools-for-stm32.7-2018-q2-update.win32_1.0.0.201904181610/tools/bin/../lib/gcc/arm-none-eabi/7.3.1/../../../../arm-none-eabi/lib/thumb/v6-m\libc_nano.a(lib_a-exit.o) (_global_impure_ptr)
c:/st/stm32cubeide_1.1.0/stm32cubeide/plugins/com.st.stm32cube.ide.mcu.externaltools.gnu-tools-for-stm32.7-2018-q2-update.win32_1.0.0.201904181610/tools/bin/../lib/gcc/arm-none-eabi/7.3.1/../../../../arm-none-eabi/lib/thumb/v6-m\libc_nano.a(lib_a-init.o)
                              c:/st/stm32cubeide_1.1.0/stm32cubeide/plugins/com.st.stm32cube.ide.mcu.externaltools.gnu-tools-for-stm32.7-2018-q2-update.win32_1.0.0.201904181610/tools/bin/../lib/gcc/arm-none-eabi/7.3.1/../../../../arm-none-eabi/lib/thumb/v6-m/crt0.o (__libc_init_array)
c:/st/stm32cubeide_1.1.0/stm32cubeide/plugins/com.st.stm32cube.ide.mcu.externaltools.gnu-tools-for-stm32.7-2018-q2-update.win32_1.0.0.201904181610/tools/bin/../lib/gcc/arm-none-eabi/7.3.1/../../../../arm-none-eabi/lib/thumb/v6-m\libc_nano.a(lib_a-memcpy-stub.o)
                              Core/Src/cs_ctrl/cs_manager.o (memcpy)
c:/st/stm32cubeide_1.1.0/stm32cubeide/plugins/com.st.stm32cube.ide.mcu.externaltools.gnu-tools-for-stm32.7-2018-q2-update.win32_1.0.0.201904181610/tools/bin/../lib/gcc/arm-none-eabi/7.3.1/../../../../arm-none-eabi/lib/thumb/v6-m\libc_nano.a(lib_a-memset.o)
                              c:/st/stm32cubeide_1.1.0/stm32cubeide/plugins/com.st.stm32cube.ide.mcu.externaltools.gnu-tools-for-stm32.7-2018-q2-update.win32_1.0.0.201904181610/tools/bin/../lib/gcc/arm-none-eabi/7.3.1/../../../../arm-none-eabi/lib/thumb/v6-m/crt0.o (memset)
c:/st/stm32cubeide_1.1.0/stm32cubeide/plugins/com.st.stm32cube.ide.mcu.externaltools.gnu-tools-for-stm32.7-2018-q2-update.win32_1.0.0.201904181610/tools/bin/../lib/gcc/arm-none-eabi/7.3.1/../../../../arm-none-eabi/lib/thumb/v6-m\libc_nano.a(lib_a-mktime.o)
                              Core/Src/time/utc_time.o (mktime)
c:/st/stm32cubeide_1.1.0/stm32cubeide/plugins/com.st.stm32cube.ide.mcu.externaltools.gnu-tools-for-stm32.7-2018-q2-update.win32_1.0.0.201904181610/tools/bin/../lib/gcc/arm-none-eabi/7.3.1/../../../../arm-none-eabi/lib/thumb/v6-m\libc_nano.a(lib_a-printf.o)
                              Core/Src/i2c/LTR_329ALS.o (printf)
c:/st/stm32cubeide_1.1.0/stm32cubeide/plugins/com.st.stm32cube.ide.mcu.externaltools.gnu-tools-for-stm32.7-2018-q2-update.win32_1.0.0.201904181610/tools/bin/../lib/gcc/arm-none-eabi/7.3.1/../../../../arm-none-eabi/lib/thumb/v6-m\libc_nano.a(lib_a-puts.o)
                              Core/Src/main.o (puts)
c:/st/stm32cubeide_1.1.0/stm32cubeide/plugins/com.st.stm32cube.ide.mcu.externaltools.gnu-tools-for-stm32.7-2018-q2-update.win32_1.0.0.201904181610/tools/bin/../lib/gcc/arm-none-eabi/7.3.1/../../../../arm-none-eabi/lib/thumb/v6-m\libc_nano.a(lib_a-tzcalc_limits.o)
                              c:/st/stm32cubeide_1.1.0/stm32cubeide/plugins/com.st.stm32cube.ide.mcu.externaltools.gnu-tools-for-stm32.7-2018-q2-update.win32_1.0.0.201904181610/tools/bin/../lib/gcc/arm-none-eabi/7.3.1/../../../../arm-none-eabi/lib/thumb/v6-m\libc_nano.a(lib_a-mktime.o) (__tzcalc_limits)
c:/st/stm32cubeide_1.1.0/stm32cubeide/plugins/com.st.stm32cube.ide.mcu.externaltools.gnu-tools-for-stm32.7-2018-q2-update.win32_1.0.0.201904181610/tools/bin/../lib/gcc/arm-none-eabi/7.3.1/../../../../arm-none-eabi/lib/thumb/v6-m\libc_nano.a(lib_a-tzlock.o)
                              c:/st/stm32cubeide_1.1.0/stm32cubeide/plugins/com.st.stm32cube.ide.mcu.externaltools.gnu-tools-for-stm32.7-2018-q2-update.win32_1.0.0.201904181610/tools/bin/../lib/gcc/arm-none-eabi/7.3.1/../../../../arm-none-eabi/lib/thumb/v6-m\libc_nano.a(lib_a-mktime.o) (__tz_lock)
[...]
Memory Configuration

Name             Origin             Length             Attributes
RAM              0x0000000020000000 0x0000000000002000 xrw
FLASH            0x0000000008000000 0x0000000000010000 xr
*default*        0x0000000000000000 0xffffffffffffffff

Linker script and memory map

LOAD c:/st/stm32cubeide_1.1.0/stm32cubeide/plugins/com.st.stm32cube.ide.mcu.externaltools.gnu-tools-for-stm32.7-2018-q2-update.win32_1.0.0.201904181610/tools/bin/../lib/gcc/arm-none-eabi/7.3.1/thumb/v6-m/crti.o
LOAD c:/st/stm32cubeide_1.1.0/stm32cubeide/plugins/com.st.stm32cube.ide.mcu.externaltools.gnu-tools-for-stm32.7-2018-q2-update.win32_1.0.0.201904181610/tools/bin/../lib/gcc/arm-none-eabi/7.3.1/thumb/v6-m/crtbegin.o
LOAD c:/st/stm32cubeide_1.1.0/stm32cubeide/plugins/com.st.stm32cube.ide.mcu.externaltools.gnu-tools-for-stm32.7-2018-q2-update.win32_1.0.0.201904181610/tools/bin/../lib/gcc/arm-none-eabi/7.3.1/../../../../arm-none-eabi/lib/thumb/v6-m/crt0.o
LOAD Core/Src/blank.o
LOAD Core/Src/main.o
LOAD Core/Src/stm32g0xx_hal_msp.o
LOAD Core/Src/stm32g0xx_it.o
LOAD Core/Src/syscalls.o
LOAD Core/Src/sysmem.o
LOAD Core/Src/system_stm32g0xx.o
LOAD Core/Src/temp_bme680.o
LOAD Core/Src/cs_ctrl/cs_manager.o
LOAD Core/Src/cs_ctrl/hal_event.o
LOAD Core/Src/cs_ctrl/hal_sample.o
LOAD Core/Src/cs_ctrl/sensors.o
LOAD Core/Src/hal/co2_voc.o
LOAD Core/Src/hal/leds.o
LOAD Core/Src/hal/lux.o
LOAD Core/Src/hal/temp_humidity.o
LOAD Core/Src/i2c/LTR_329ALS.o
LOAD Core/Src/i2c/Si7020.o
LOAD Core/Src/i2c/bme680_interface.o
LOAD Core/Src/i2c/i2c_manager.o
LOAD Core/Src/i2c/sensirion_support.o
LOAD Core/Src/i2c/sgp30_interface.o
LOAD Core/Src/i2c/sps30_interface.o
LOAD Core/Src/i2c/embedded-common/sensirion_common.o
LOAD Core/Src/i2c/sgp30/sgp30.o
LOAD Core/Src/i2c/sps30/sps30.o
LOAD Core/Src/iMatrix/kalman_filter/kalman_filter.o
LOAD Core/Src/init/init.o
LOAD Core/Src/product/controls_def.o
LOAD Core/Src/product/hal_ble_device_rssi_levels_2037468041.o
LOAD Core/Src/product/hal_co2_equivalent_2088797904.o
LOAD Core/Src/product/hal_functions.o
LOAD Core/Src/product/hal_humidity_342048076.o
LOAD Core/Src/product/hal_mass_concentration_pm_10_0_734215216.o
LOAD Core/Src/product/hal_mass_concentration_pm_1_0_32791331.o
LOAD Core/Src/product/hal_mass_concentration_pm_2_5_1698993330.o
LOAD Core/Src/product/hal_mass_concentration_pm_4_0_1858953557.o
LOAD Core/Src/product/hal_number_concentration_pm_0_5_1642774029.o
LOAD Core/Src/product/hal_number_concentration_pm_10_0_1909326236.o
LOAD Core/Src/product/hal_number_concentration_pm_1_0_1984590476.o
LOAD Core/Src/product/hal_number_concentration_pm_2_5_1751774023.o
LOAD Core/Src/product/hal_number_concentration_pm_4_0_891153645.o
LOAD Core/Src/product/hal_particulate_matter_index_1695740845.o
LOAD Core/Src/product/hal_temperature_1913614964.o
LOAD Core/Src/product/hal_typical_particle_size_159299661.o
LOAD Core/Src/product/hal_voc_1189979747.o
LOAD Core/Src/product/product.o
LOAD Core/Src/product/sensors_def.o
LOAD Core/Src/sflash/memory_manager.o
LOAD Core/Src/sflash/spi_flash.o
LOAD Core/Src/time/ck_time.o
LOAD Core/Src/time/utc_time.o
LOAD Core/Startup/startup_stm32g031k8ux.o
LOAD Drivers/STM32G0xx_HAL_Driver/Src/stm32g0xx_hal.o
LOAD Drivers/STM32G0xx_HAL_Driver/Src/stm32g0xx_hal_adc.o
LOAD Drivers/STM32G0xx_HAL_Driver/Src/stm32g0xx_hal_adc_ex.o
LOAD Drivers/STM32G0xx_HAL_Driver/Src/stm32g0xx_hal_cortex.o
LOAD Drivers/STM32G0xx_HAL_Driver/Src/stm32g0xx_hal_crc.o
LOAD Drivers/STM32G0xx_HAL_Driver/Src/stm32g0xx_hal_crc_ex.o
LOAD Drivers/STM32G0xx_HAL_Driver/Src/stm32g0xx_hal_dma.o
LOAD Drivers/STM32G0xx_HAL_Driver/Src/stm32g0xx_hal_dma_ex.o
LOAD Drivers/STM32G0xx_HAL_Driver/Src/stm32g0xx_hal_exti.o
LOAD Drivers/STM32G0xx_HAL_Driver/Src/stm32g0xx_hal_flash.o
LOAD Drivers/STM32G0xx_HAL_Driver/Src/stm32g0xx_hal_flash_ex.o
LOAD Drivers/STM32G0xx_HAL_Driver/Src/stm32g0xx_hal_gpio.o
LOAD Drivers/STM32G0xx_HAL_Driver/Src/stm32g0xx_hal_i2c.o
LOAD Drivers/STM32G0xx_HAL_Driver/Src/stm32g0xx_hal_i2c_ex.o
LOAD Drivers/STM32G0xx_HAL_Driver/Src/stm32g0xx_hal_pwr.o
LOAD Drivers/STM32G0xx_HAL_Driver/Src/stm32g0xx_hal_pwr_ex.o
LOAD Drivers/STM32G0xx_HAL_Driver/Src/stm32g0xx_hal_rcc.o
LOAD Drivers/STM32G0xx_HAL_Driver/Src/stm32g0xx_hal_rcc_ex.o
LOAD Drivers/STM32G0xx_HAL_Driver/Src/stm32g0xx_hal_rtc.o
LOAD Drivers/STM32G0xx_HAL_Driver/Src/stm32g0xx_hal_rtc_ex.o
LOAD Drivers/STM32G0xx_HAL_Driver/Src/stm32g0xx_hal_spi.o
LOAD Drivers/STM32G0xx_HAL_Driver/Src/stm32g0xx_hal_spi_ex.o
LOAD Drivers/STM32G0xx_HAL_Driver/Src/stm32g0xx_hal_tim.o
LOAD Drivers/STM32G0xx_HAL_Driver/Src/stm32g0xx_hal_tim_ex.o
LOAD Drivers/STM32G0xx_HAL_Driver/Src/stm32g0xx_hal_uart.o
LOAD Drivers/STM32G0xx_HAL_Driver/Src/stm32g0xx_hal_uart_ex.o
LOAD Drivers/STM32G0xx_HAL_Driver/Src/stm32g0xx_ll_adc.o
LOAD Drivers/STM32G0xx_HAL_Driver/Src/stm32g0xx_ll_rcc.o
START GROUP
LOAD c:/st/stm32cubeide_1.1.0/stm32cubeide/plugins/com.st.stm32cube.ide.mcu.externaltools.gnu-tools-for-stm32.7-2018-q2-update.win32_1.0.0.201904181610/tools/bin/../lib/gcc/arm-none-eabi/7.3.1/../../../../arm-none-eabi/lib/thumb/v6-m\libc_nano.a
LOAD c:/st/stm32cubeide_1.1.0/stm32cubeide/plugins/com.st.stm32cube.ide.mcu.externaltools.gnu-tools-for-stm32.7-2018-q2-update.win32_1.0.0.201904181610/tools/bin/../lib/gcc/arm-none-eabi/7.3.1/../../../../arm-none-eabi/lib/thumb/v6-m\libm.a
END GROUP
START GROUP
LOAD c:/st/stm32cubeide_1.1.0/stm32cubeide/plugins/com.st.stm32cube.ide.mcu.externaltools.gnu-tools-for-stm32.7-2018-q2-update.win32_1.0.0.201904181610/tools/bin/../lib/gcc/arm-none-eabi/7.3.1/thumb/v6-m\libgcc.a
LOAD c:/st/stm32cubeide_1.1.0/stm32cubeide/plugins/com.st.stm32cube.ide.mcu.externaltools.gnu-tools-for-stm32.7-2018-q2-update.win32_1.0.0.201904181610/tools/bin/../lib/gcc/arm-none-eabi/7.3.1/../../../../arm-none-eabi/lib/thumb/v6-m\libc_nano.a
END GROUP
START GROUP
LOAD c:/st/stm32cubeide_1.1.0/stm32cubeide/plugins/com.st.stm32cube.ide.mcu.externaltools.gnu-tools-for-stm32.7-2018-q2-update.win32_1.0.0.201904181610/tools/bin/../lib/gcc/arm-none-eabi/7.3.1/thumb/v6-m\libgcc.a
LOAD c:/st/stm32cubeide_1.1.0/stm32cubeide/plugins/com.st.stm32cube.ide.mcu.externaltools.gnu-tools-for-stm32.7-2018-q2-update.win32_1.0.0.201904181610/tools/bin/../lib/gcc/arm-none-eabi/7.3.1/../../../../arm-none-eabi/lib/thumb/v6-m\libc_nano.a
LOAD c:/st/stm32cubeide_1.1.0/stm32cubeide/plugins/com.st.stm32cube.ide.mcu.externaltools.gnu-tools-for-stm32.7-2018-q2-update.win32_1.0.0.201904181610/tools/bin/../lib/gcc/arm-none-eabi/7.3.1/../../../../arm-none-eabi/lib/thumb/v6-m\libnosys.a
END GROUP
START GROUP
LOAD c:/st/stm32cubeide_1.1.0/stm32cubeide/plugins/com.st.stm32cube.ide.mcu.externaltools.gnu-tools-for-stm32.7-2018-q2-update.win32_1.0.0.201904181610/tools/bin/../lib/gcc/arm-none-eabi/7.3.1/thumb/v6-m\libgcc.a
LOAD c:/st/stm32cubeide_1.1.0/stm32cubeide/plugins/com.st.stm32cube.ide.mcu.externaltools.gnu-tools-for-stm32.7-2018-q2-update.win32_1.0.0.201904181610/tools/bin/../lib/gcc/arm-none-eabi/7.3.1/../../../../arm-none-eabi/lib/thumb/v6-m\libc_nano.a
LOAD c:/st/stm32cubeide_1.1.0/stm32cubeide/plugins/com.st.stm32cube.ide.mcu.externaltools.gnu-tools-for-stm32.7-2018-q2-update.win32_1.0.0.201904181610/tools/bin/../lib/gcc/arm-none-eabi/7.3.1/../../../../arm-none-eabi/lib/thumb/v6-m\libnosys.a
END GROUP
LOAD c:/st/stm32cubeide_1.1.0/stm32cubeide/plugins/com.st.stm32cube.ide.mcu.externaltools.gnu-tools-for-stm32.7-2018-q2-update.win32_1.0.0.201904181610/tools/bin/../lib/gcc/arm-none-eabi/7.3.1/thumb/v6-m/crtend.o
LOAD c:/st/stm32cubeide_1.1.0/stm32cubeide/plugins/com.st.stm32cube.ide.mcu.externaltools.gnu-tools-for-stm32.7-2018-q2-update.win32_1.0.0.201904181610/tools/bin/../lib/gcc/arm-none-eabi/7.3.1/thumb/v6-m/crtn.o
                0x0000000020002000                _estack = (ORIGIN (RAM) + LENGTH (RAM))
                0x0000000000000200                _Min_Heap_Size = 0x200
                0x0000000000000400                _Min_Stack_Size = 0x400

.isr_vector     0x0000000008000000       0xbc
                0x0000000008000000                . = ALIGN (0x4)
 *(.isr_vector)
 .isr_vector    0x0000000008000000       0xbc Core/Startup/startup_stm32g031k8ux.o
                0x0000000008000000                g_pfnVectors
                0x00000000080000bc                . = ALIGN (0x4)

.text           0x00000000080000bc     0xc248
                0x00000000080000bc                . = ALIGN (0x4)
 *(.text)
 .text          0x00000000080000bc       0x48 c:/st/stm32cubeide_1.1.0/stm32cubeide/plugins/com.st.stm32cube.ide.mcu.externaltools.gnu-tools-for-stm32.7-2018-q2-update.win32_1.0.0.201904181610/tools/bin/../lib/gcc/arm-none-eabi/7.3.1/thumb/v6-m/crtbegin.o
 .text          0x0000000008000104      0x114 c:/st/stm32cubeide_1.1.0/stm32cubeide/plugins/com.st.stm32cube.ide.mcu.externaltools.gnu-tools-for-stm32.7-2018-q2-update.win32_1.0.0.201904181610/tools/bin/../lib/gcc/arm-none-eabi/7.3.1/thumb/v6-m\libgcc.a(_udivsi3.o)
                0x0000000008000104                __aeabi_uidiv
                0x0000000008000104                __udivsi3
                0x0000000008000210                __aeabi_uidivmod
 .text          0x0000000008000218      0x1d4 c:/st/stm32cubeide_1.1.0/stm32cubeide/plugins/com.st.stm32cube.ide.mcu.externaltools.gnu-tools-for-stm32.7-2018-q2-update.win32_1.0.0.201904181610/tools/bin/../lib/gcc/arm-none-eabi/7.3.1/thumb/v6-m\libgcc.a(_divsi3.o)
                0x0000000008000218                __divsi3
                0x0000000008000218                __aeabi_idiv
                0x00000000080003e4                __aeabi_idivmod
 .text          0x00000000080003ec        0x4 c:/st/stm32cubeide_1.1.0/stm32cubeide/plugins/com.st.stm32cube.ide.mcu.externaltools.gnu-tools-for-stm32.7-2018-q2-update.win32_1.0.0.201904181610/tools/bin/../lib/gcc/arm-none-eabi/7.3.1/thumb/v6-m\libgcc.a(_dvmd_tls.o)
                0x00000000080003ec                __aeabi_idiv0
                0x00000000080003ec                __aeabi_ldiv0
 .text          0x00000000080003f0       0x7c c:/st/stm32cubeide_1.1.0/stm32cubeide/plugins/com.st.stm32cube.ide.mcu.externaltools.gnu-tools-for-stm32.7-2018-q2-update.win32_1.0.0.201904181610/tools/bin/../lib/gcc/arm-none-eabi/7.3.1/thumb/v6-m\libgcc.a(_arm_cmpdf2.o)
                0x00000000080003f0                __aeabi_cdrcmple
                0x0000000008000400                __aeabi_cdcmple
                0x0000000008000400                __aeabi_cdcmpeq
                0x0000000008000410                __aeabi_dcmpeq
                0x000000000800041c                __aeabi_dcmplt
                0x0000000008000430                __aeabi_dcmple
                0x0000000008000444                __aeabi_dcmpgt
                0x0000000008000458                __aeabi_dcmpge
 .text          0x000000000800046c       0x74 c:/st/stm32cubeide_1.1.0/stm32cubeide/plugins/com.st.stm32cube.ide.mcu.externaltools.gnu-tools-for-stm32.7-2018-q2-update.win32_1.0.0.201904181610/tools/bin/../lib/gcc/arm-none-eabi/7.3.1/thumb/v6-m\libgcc.a(_arm_cmpsf2.o)
                0x000000000800046c                __aeabi_cfrcmple
                0x0000000008000474                __aeabi_cfcmpeq
                0x0000000008000474                __aeabi_cfcmple
                0x0000000008000484                __aeabi_fcmpeq
                0x0000000008000490                __aeabi_fcmplt
                0x00000000080004a4                __aeabi_fcmple
                0x00000000080004b8                __aeabi_fcmpgt
                0x00000000080004cc                __aeabi_fcmpge
 .text          0x00000000080004e0       0x40 c:/st/stm32cubeide_1.1.0/stm32cubeide/plugins/com.st.stm32cube.ide.mcu.externaltools.gnu-tools-for-stm32.7-2018-q2-update.win32_1.0.0.201904181610/tools/bin/../lib/gcc/arm-none-eabi/7.3.1/thumb/v6-m\libgcc.a(_aeabi_uldivmod.o)
                0x00000000080004e0                __aeabi_uldivmod
 .text          0x0000000008000520       0x30 c:/st/stm32cubeide_1.1.0/stm32cubeide/plugins/com.st.stm32cube.ide.mcu.externaltools.gnu-tools-for-stm32.7-2018-q2-update.win32_1.0.0.201904181610/tools/bin/../lib/gcc/arm-none-eabi/7.3.1/thumb/v6-m\libgcc.a(_fixunssfsi.o)
                0x0000000008000520                __fixunssfsi
                0x0000000008000520                __aeabi_f2uiz
 .text          0x0000000008000550      0x184 c:/st/stm32cubeide_1.1.0/stm32cubeide/plugins/com.st.stm32cube.ide.mcu.externaltools.gnu-tools-for-stm32.7-2018-q2-update.win32_1.0.0.201904181610/tools/bin/../lib/gcc/arm-none-eabi/7.3.1/thumb/v6-m\libgcc.a(_udivmoddi4.o)
                0x0000000008000550                __udivmoddi4
 .text          0x00000000080006d4      0x334 c:/st/stm32cubeide_1.1.0/stm32cubeide/plugins/com.st.stm32cube.ide.mcu.externaltools.gnu-tools-for-stm32.7-2018-q2-update.win32_1.0.0.201904181610/tools/bin/../lib/gcc/arm-none-eabi/7.3.1/thumb/v6-m\libgcc.a(addsf3.o)
                0x00000000080006d4                __aeabi_fadd
 .text          0x0000000008000a08      0x224 c:/st/stm32cubeide_1.1.0/stm32cubeide/plugins/com.st.stm32cube.ide.mcu.externaltools.gnu-tools-for-stm32.7-2018-q2-update.win32_1.0.0.201904181610/tools/bin/../lib/gcc/arm-none-eabi/7.3.1/thumb/v6-m\libgcc.a(divsf3.o)
                0x0000000008000a08                __aeabi_fdiv
 .text          0x0000000008000c2c       0x50 c:/st/stm32cubeide_1.1.0/stm32cubeide/plugins/com.st.stm32cube.ide.mcu.externaltools.gnu-tools-for-stm32.7-2018-q2-update.win32_1.0.0.201904181610/tools/bin/../lib/gcc/arm-none-eabi/7.3.1/thumb/v6-m\libgcc.a(eqsf2.o)
                0x0000000008000c2c                __eqsf2
                0x0000000008000c2c                __nesf2
 .text          0x0000000008000c7c       0x9c c:/st/stm32cubeide_1.1.0/stm32cubeide/plugins/com.st.stm32cube.ide.mcu.externaltools.gnu-tools-for-stm32.7-2018-q2-update.win32_1.0.0.201904181610/tools/bin/../lib/gcc/arm-none-eabi/7.3.1/thumb/v6-m\libgcc.a(gesf2.o)
                0x0000000008000c7c                __gesf2
                0x0000000008000c7c                __gtsf2
 .text          0x0000000008000d18       0xa0 c:/st/stm32cubeide_1.1.0/stm32cubeide/plugins/com.st.stm32cube.ide.mcu.externaltools.gnu-tools-for-stm32.7-2018-q2-update.win32_1.0.0.201904181610/tools/bin/../lib/gcc/arm-none-eabi/7.3.1/thumb/v6-m\libgcc.a(lesf2.o)
                0x0000000008000d18                __ltsf2
                0x0000000008000d18                __lesf2
 .text          0x0000000008000db8      0x264 c:/st/stm32cubeide_1.1.0/stm32cubeide/plugins/com.st.stm32cube.ide.mcu.externaltools.gnu-tools-for-stm32.7-2018-q2-update.win32_1.0.0.201904181610/tools/bin/../lib/gcc/arm-none-eabi/7.3.1/thumb/v6-m\libgcc.a(mulsf3.o)
                0x0000000008000db8                __aeabi_fmul
 .text          0x000000000800101c      0x388 c:/st/stm32cubeide_1.1.0/stm32cubeide/plugins/com.st.stm32cube.ide.mcu.externaltools.gnu-tools-for-stm32.7-2018-q2-update.win32_1.0.0.201904181610/tools/bin/../lib/gcc/arm-none-eabi/7.3.1/thumb/v6-m\libgcc.a(subsf3.o)
                0x000000000800101c                __aeabi_fsub
 .text          0x00000000080013a4       0x40 c:/st/stm32cubeide_1.1.0/stm32cubeide/plugins/com.st.stm32cube.ide.mcu.externaltools.gnu-tools-for-stm32.7-2018-q2-update.win32_1.0.0.201904181610/tools/bin/../lib/gcc/arm-none-eabi/7.3.1/thumb/v6-m\libgcc.a(fixsfsi.o)
                0x00000000080013a4                __aeabi_f2iz
 .text          0x00000000080013e4       0x94 c:/st/stm32cubeide_1.1.0/stm32cubeide/plugins/com.st.stm32cube.ide.mcu.externaltools.gnu-tools-for-stm32.7-2018-q2-update.win32_1.0.0.201904181610/tools/bin/../lib/gcc/arm-none-eabi/7.3.1/thumb/v6-m\libgcc.a(floatsisf.o)
                0x00000000080013e4                __aeabi_i2f
 .text          0x0000000008001478       0x80 c:/st/stm32cubeide_1.1.0/stm32cubeide/plugins/com.st.stm32cube.ide.mcu.externaltools.gnu-tools-for-stm32.7-2018-q2-update.win32_1.0.0.201904181610/tools/bin/../lib/gcc/arm-none-eabi/7.3.1/thumb/v6-m\libgcc.a(floatunsisf.o)
                0x0000000008001478                __aeabi_ui2f
 .text          0x00000000080014f8      0x638 c:/st/stm32cubeide_1.1.0/stm32cubeide/plugins/com.st.stm32cube.ide.mcu.externaltools.gnu-tools-for-stm32.7-2018-q2-update.win32_1.0.0.201904181610/tools/bin/../lib/gcc/arm-none-eabi/7.3.1/thumb/v6-m\libgcc.a(adddf3.o)
                0x00000000080014f8                __aeabi_dadd
 .text          0x0000000008001b30      0x604 c:/st/stm32cubeide_1.1.0/stm32cubeide/plugins/com.st.stm32cube.ide.mcu.externaltools.gnu-tools-for-stm32.7-2018-q2-update.win32_1.0.0.201904181610/tools/bin/../lib/gcc/arm-none-eabi/7.3.1/thumb/v6-m\libgcc.a(divdf3.o)
                0x0000000008001b30                __aeabi_ddiv
 .text          0x0000000008002134       0x78 c:/st/stm32cubeide_1.1.0/stm32cubeide/plugins/com.st.stm32cube.ide.mcu.externaltools.gnu-tools-for-stm32.7-2018-q2-update.win32_1.0.0.201904181610/tools/bin/../lib/gcc/arm-none-eabi/7.3.1/thumb/v6-m\libgcc.a(eqdf2.o)
                0x0000000008002134                __nedf2
                0x0000000008002134                __eqdf2
 .text          0x00000000080021ac       0xc8 c:/st/stm32cubeide_1.1.0/stm32cubeide/plugins/com.st.stm32cube.ide.mcu.externaltools.gnu-tools-for-stm32.7-2018-q2-update.win32_1.0.0.201904181610/tools/bin/../lib/gcc/arm-none-eabi/7.3.1/thumb/v6-m\libgcc.a(gedf2.o)
                0x00000000080021ac                __gedf2
                0x00000000080021ac                __gtdf2
 .text          0x0000000008002274       0xd0 c:/st/stm32cubeide_1.1.0/stm32cubeide/plugins/com.st.stm32cube.ide.mcu.externaltools.gnu-tools-for-stm32.7-2018-q2-update.win32_1.0.0.201904181610/tools/bin/../lib/gcc/arm-none-eabi/7.3.1/thumb/v6-m\libgcc.a(ledf2.o)
                0x0000000008002274                __ledf2
                0x0000000008002274                __ltdf2
 .text          0x0000000008002344      0x4e4 c:/st/stm32cubeide_1.1.0/stm32cubeide/plugins/com.st.stm32cube.ide.mcu.externaltools.gnu-tools-for-stm32.7-2018-q2-update.win32_1.0.0.201904181610/tools/bin/../lib/gcc/arm-none-eabi/7.3.1/thumb/v6-m\libgcc.a(muldf3.o)
                0x0000000008002344                __aeabi_dmul
 .text          0x0000000008002828      0x690 c:/st/stm32cubeide_1.1.0/stm32cubeide/plugins/com.st.stm32cube.ide.mcu.externaltools.gnu-tools-for-stm32.7-2018-q2-update.win32_1.0.0.201904181610/tools/bin/../lib/gcc/arm-none-eabi/7.3.1/thumb/v6-m\libgcc.a(subdf3.o)
                0x0000000008002828                __aeabi_dsub
 .text          0x0000000008002eb8       0x38 c:/st/stm32cubeide_1.1.0/stm32cubeide/plugins/com.st.stm32cube.ide.mcu.externaltools.gnu-tools-for-stm32.7-2018-q2-update.win32_1.0.0.201904181610/tools/bin/../lib/gcc/arm-none-eabi/7.3.1/thumb/v6-m\libgcc.a(unorddf2.o)
                0x0000000008002eb8                __aeabi_dcmpun
 .text          0x0000000008002ef0       0x74 c:/st/stm32cubeide_1.1.0/stm32cubeide/plugins/com.st.stm32cube.ide.mcu.externaltools.gnu-tools-for-stm32.7-2018-q2-update.win32_1.0.0.201904181610/tools/bin/../lib/gcc/arm-none-eabi/7.3.1/thumb/v6-m\libgcc.a(floatsidf.o)
                0x0000000008002ef0                __aeabi_i2d
 .text          0x0000000008002f64       0xa4 c:/st/stm32cubeide_1.1.0/stm32cubeide/plugins/com.st.stm32cube.ide.mcu.externaltools.gnu-tools-for-stm32.7-2018-q2-update.win32_1.0.0.201904181610/tools/bin/../lib/gcc/arm-none-eabi/7.3.1/thumb/v6-m\libgcc.a(extendsfdf2.o)
                0x0000000008002f64                __aeabi_f2d
 .text          0x0000000008003008      0x108 c:/st/stm32cubeide_1.1.0/stm32cubeide/plugins/com.st.stm32cube.ide.mcu.externaltools.gnu-tools-for-stm32.7-2018-q2-update.win32_1.0.0.201904181610/tools/bin/../lib/gcc/arm-none-eabi/7.3.1/thumb/v6-m\libgcc.a(truncdfsf2.o)
                0x0000000008003008                __aeabi_d2f
 .text          0x0000000008003110       0x3c c:/st/stm32cubeide_1.1.0/stm32cubeide/plugins/com.st.stm32cube.ide.mcu.externaltools.gnu-tools-for-stm32.7-2018-q2-update.win32_1.0.0.201904181610/tools/bin/../lib/gcc/arm-none-eabi/7.3.1/thumb/v6-m\libgcc.a(_clzsi2.o)
                0x0000000008003110                __clzsi2
 .text          0x000000000800314c       0x18 c:/st/stm32cubeide_1.1.0/stm32cubeide/plugins/com.st.stm32cube.ide.mcu.externaltools.gnu-tools-for-stm32.7-2018-q2-update.win32_1.0.0.201904181610/tools/bin/../lib/gcc/arm-none-eabi/7.3.1/thumb/v6-m\libgcc.a(_clzdi2.o)
                0x000000000800314c                __clzdi2
 *(.text*)
 .text.SystemClock_Config
                0x0000000008003164       0x90 Core/Src/main.o
                0x0000000008003164                SystemClock_Config
 .text.startup.main
                0x00000000080031f4      0x340 Core/Src/main.o
                0x00000000080031f4                main
 .text.__io_putchar
                0x0000000008003534       0x20 Core/Src/main.o
                0x0000000008003534                __io_putchar
 .text.Error_Handler
                0x0000000008003554        0x4 Core/Src/main.o
                0x0000000008003554                Error_Handler
 .text.HAL_MspInit
                0x0000000008003558       0x30 Core/Src/stm32g0xx_hal_msp.o
                0x0000000008003558                HAL_MspInit
 .text.HAL_ADC_MspInit
                0x0000000008003588       0x5c Core/Src/stm32g0xx_hal_msp.o
                0x0000000008003588                HAL_ADC_MspInit
 .text.HAL_CRC_MspInit
                0x00000000080035e4       0x2c Core/Src/stm32g0xx_hal_msp.o
                0x00000000080035e4                HAL_CRC_MspInit
 .text.HAL_I2C_MspInit
                0x0000000008003610       0x64 Core/Src/stm32g0xx_hal_msp.o
                0x0000000008003610                HAL_I2C_MspInit
 .text.HAL_RTC_MspInit
                0x0000000008003674       0x34 Core/Src/stm32g0xx_hal_msp.o
                0x0000000008003674                HAL_RTC_MspInit
 .text.HAL_SPI_MspInit
                0x00000000080036a8       0xdc Core/Src/stm32g0xx_hal_msp.o
                0x00000000080036a8                HAL_SPI_MspInit
 .text.HAL_UART_MspInit
                0x0000000008003784       0xa0 Core/Src/stm32g0xx_hal_msp.o
                0x0000000008003784                HAL_UART_MspInit
 .text.NMI_Handler
                0x0000000008003824        0x4 Core/Src/stm32g0xx_it.o
                0x0000000008003824                NMI_Handler
 .text.HardFault_Handler
                0x0000000008003828        0x4 Core/Src/stm32g0xx_it.o
                0x0000000008003828                HardFault_Handler
 .text.SVC_Handler
                0x000000000800382c        0x4 Core/Src/stm32g0xx_it.o
                0x000000000800382c                SVC_Handler
 .text.PendSV_Handler
                0x0000000008003830        0x4 Core/Src/stm32g0xx_it.o
                0x0000000008003830                PendSV_Handler
 .text.SysTick_Handler
                0x0000000008003834        0x8 Core/Src/stm32g0xx_it.o
                0x0000000008003834                SysTick_Handler
 .text.DMA1_Channel1_IRQHandler
                0x000000000800383c       0x18 Core/Src/stm32g0xx_it.o
                0x000000000800383c                DMA1_Channel1_IRQHandler
 .text._read    0x0000000008003854       0x1c Core/Src/syscalls.o
                0x0000000008003854                _read
 .text._write   0x0000000008003870       0x1c Core/Src/syscalls.o
                0x0000000008003870                _write
 .text._close   0x000000000800388c        0x8 Core/Src/syscalls.o
                0x000000000800388c                _close
 .text._fstat   0x0000000008003894        0xc Core/Src/syscalls.o
                0x0000000008003894                _fstat
 .text._isatty  0x00000000080038a0        0x4 Core/Src/syscalls.o
                0x00000000080038a0                _isatty
 .text._lseek   0x00000000080038a4        0x4 Core/Src/syscalls.o
                0x00000000080038a4                _lseek
 .text._sbrk    0x00000000080038a8       0x38 Core/Src/sysmem.o
                0x00000000080038a8                _sbrk
 .text.SystemInit
                0x00000000080038e0       0x10 Core/Src/system_stm32g0xx.o
                0x00000000080038e0                SystemInit
 .text.init_bme680
                0x00000000080038f0        0x4 Core/Src/temp_bme680.o
                0x00000000080038f0                init_bme680
 .text.bsec_sensor_control
                0x00000000080038f4        0x4 Core/Src/temp_bme680.o
                0x00000000080038f4                bsec_sensor_control
 .text.bme680_bsec_trigger_measurement
                0x00000000080038f8        0x4 Core/Src/temp_bme680.o
                0x00000000080038f8                bme680_bsec_trigger_measurement
 .text.bme680_bsec_read_data
                0x00000000080038fc        0x4 Core/Src/temp_bme680.o
                0x00000000080038fc                bme680_bsec_read_data
 .text.bme680_bsec_process_data
                0x0000000008003900        0x4 Core/Src/temp_bme680.o
                0x0000000008003900                bme680_bsec_process_data
 .text.bsec_get_state
                0x0000000008003904        0x4 Core/Src/temp_bme680.o
                0x0000000008003904                bsec_get_state
 .text.update_co2_voc
                0x0000000008003908       0x3c Core/Src/hal/co2_voc.o
                0x0000000008003908                update_co2_voc
 .text.led_init
                0x0000000008003944      0x5fc Core/Src/hal/leds.o
                0x0000000008003944                led_init
 .text.process_led_display
                0x0000000008003f40      0xce0 Core/Src/hal/leds.o
                0x0000000008003f40                process_led_display
 .text.init_led_bar
                0x0000000008004c20      0x520 Core/Src/hal/leds.o
                0x0000000008004c20                init_led_bar
 .text.update_lux
                0x0000000008005140       0x5c Core/Src/hal/lux.o
                0x0000000008005140                update_lux
 .text.update_temp_humidity
                0x000000000800519c       0x3c Core/Src/hal/temp_humidity.o
                0x000000000800519c                update_temp_humidity
 .text.init_LTR_329ALS
                0x00000000080051d8       0xe8 Core/Src/i2c/LTR_329ALS.o
                0x00000000080051d8                init_LTR_329ALS
 .text.calc_lux
                0x00000000080052c0      0x35c Core/Src/i2c/LTR_329ALS.o
                0x00000000080052c0                calc_lux
 .text.LTR_329ALS_get_lux_level
                0x000000000800561c      0x140 Core/Src/i2c/LTR_329ALS.o
                0x000000000800561c                LTR_329ALS_get_lux_level
 .text.Si7020_get_temp
                0x000000000800575c      0x304 Core/Src/i2c/Si7020.o
                0x000000000800575c                Si7020_get_temp
 .text.init_Si7020
                0x0000000008005a60       0x74 Core/Src/i2c/Si7020.o
                0x0000000008005a60                init_Si7020
 .text.sleep    0x0000000008005ad4        0x8 Core/Src/i2c/bme680_interface.o
                0x0000000008005ad4                sleep
 .text.output_ready
                0x0000000008005adc       0x88 Core/Src/i2c/bme680_interface.o
                0x0000000008005adc                output_ready
 .text.get_environmental_sensor_measurement
                0x0000000008005b64       0xfc Core/Src/i2c/bme680_interface.o
                0x0000000008005b64                get_environmental_sensor_measurement
 .text.i2c_init
                0x0000000008005c60       0xd0 Core/Src/i2c/i2c_manager.o
                0x0000000008005c60                i2c_init
 .text.i2c_manager_init
                0x0000000008005d30      0x180 Core/Src/i2c/i2c_manager.o
                0x0000000008005d30                i2c_manager_init
 .text.i2c_sensor_process
                0x0000000008005eb0      0x224 Core/Src/i2c/i2c_manager.o
                0x0000000008005eb0                i2c_sensor_process
 .text.i2c_write_read_sensor
                0x00000000080060d4       0x74 Core/Src/i2c/i2c_manager.o
                0x00000000080060d4                i2c_write_read_sensor
 .text.i2c_write_sensor
                0x0000000008006148       0x3c Core/Src/i2c/i2c_manager.o
                0x0000000008006148                i2c_write_sensor
 .text.i2c_read_sensor
                0x0000000008006184       0x3c Core/Src/i2c/i2c_manager.o
                0x0000000008006184                i2c_read_sensor
 .text.sensirion_sleep_usec
                0x00000000080061c0       0x10 Core/Src/i2c/sensirion_support.o
                0x00000000080061c0                sensirion_sleep_usec
 .text.sensirion_i2c_init
                0x00000000080061d0        0x4 Core/Src/i2c/sensirion_support.o
                0x00000000080061d0                sensirion_i2c_init
 .text.sensirion_i2c_read
                0x00000000080061d4       0x24 Core/Src/i2c/sensirion_support.o
                0x00000000080061d4                sensirion_i2c_read
 .text.sensirion_i2c_write
                0x00000000080061f8       0x24 Core/Src/i2c/sensirion_support.o
                0x00000000080061f8                sensirion_i2c_write
 .text.init_SGP30
                0x000000000800621c      0x104 Core/Src/i2c/sgp30_interface.o
                0x000000000800621c                init_SGP30
 .text.get_voc_co2_eq
                0x0000000008006320       0x4c Core/Src/i2c/sgp30_interface.o
                0x0000000008006320                get_voc_co2_eq
 .text.init_SPS30
                0x000000000800636c      0x108 Core/Src/i2c/sps30_interface.o
                0x000000000800636c                init_SPS30
 .text.start_particulate_matter_measurement
                0x0000000008006474       0x10 Core/Src/i2c/sps30_interface.o
                0x0000000008006474                start_particulate_matter_measurement
 .text.update_particulate_matter
                0x0000000008006484       0xf0 Core/Src/i2c/sps30_interface.o
                0x0000000008006484                update_particulate_matter
 .text.sensirion_i2c_read_words
                0x0000000008006574      0x15c Core/Src/i2c/embedded-common/sensirion_common.o
                0x0000000008006574                sensirion_i2c_read_words
 .text.sensirion_i2c_write_cmd
                0x00000000080066d0       0x18 Core/Src/i2c/embedded-common/sensirion_common.o
                0x00000000080066d0                sensirion_i2c_write_cmd
 .text.sensirion_i2c_write_cmd_with_args
                0x00000000080066e8      0x124 Core/Src/i2c/embedded-common/sensirion_common.o
                0x00000000080066e8                sensirion_i2c_write_cmd_with_args
 .text.sensirion_i2c_delayed_read_cmd
                0x000000000800680c      0x18c Core/Src/i2c/embedded-common/sensirion_common.o
                0x000000000800680c                sensirion_i2c_delayed_read_cmd
 .text.sensirion_i2c_read_cmd
                0x0000000008006998      0x178 Core/Src/i2c/embedded-common/sensirion_common.o
                0x0000000008006998                sensirion_i2c_read_cmd
 .text.sgp30_measure_iaq_blocking_read
                0x0000000008006b10       0x3c Core/Src/i2c/sgp30/sgp30.o
                0x0000000008006b10                sgp30_measure_iaq_blocking_read
 .text.sgp30_measure_raw_blocking_read
                0x0000000008006b4c       0x3c Core/Src/i2c/sgp30/sgp30.o
                0x0000000008006b4c                sgp30_measure_raw_blocking_read
 .text.sgp30_get_iaq_baseline
                0x0000000008006b88       0x40 Core/Src/i2c/sgp30/sgp30.o
                0x0000000008006b88                sgp30_get_iaq_baseline
 .text.sgp30_get_driver_version
                0x0000000008006bc8        0xc Core/Src/i2c/sgp30/sgp30.o
                0x0000000008006bc8                sgp30_get_driver_version
 .text.sgp30_get_feature_set_version
                0x0000000008006bd4       0x38 Core/Src/i2c/sgp30/sgp30.o
                0x0000000008006bd4                sgp30_get_feature_set_version
 .text.sgp30_get_serial_id
                0x0000000008006c0c       0x38 Core/Src/i2c/sgp30/sgp30.o
                0x0000000008006c0c                sgp30_get_serial_id
 .text.sgp30_iaq_init
                0x0000000008006c44       0x20 Core/Src/i2c/sgp30/sgp30.o
                0x0000000008006c44                sgp30_iaq_init
 .text.sgp30_probe
                0x0000000008006c64       0x58 Core/Src/i2c/sgp30/sgp30.o
                0x0000000008006c64                sgp30_probe
 .text.sps30_probe
                0x0000000008006cbc       0xd4 Core/Src/i2c/sps30/sps30.o
                0x0000000008006cbc                sps30_probe
 .text.sps30_start_measurement
                0x0000000008006d90       0x2c Core/Src/i2c/sps30/sps30.o
                0x0000000008006d90                sps30_start_measurement
 .text.sps30_read_measurement
                0x0000000008006dbc      0x164 Core/Src/i2c/sps30/sps30.o
                0x0000000008006dbc                sps30_read_measurement
 .text.imx_kalman_filter_init
                0x0000000008006f20        0xc Core/Src/iMatrix/kalman_filter/kalman_filter.o
                0x0000000008006f20                imx_kalman_filter_init
 .text.imx_kalman_filter_update_estimate
                0x0000000008006f2c       0xd0 Core/Src/iMatrix/kalman_filter/kalman_filter.o
                0x0000000008006f2c                imx_kalman_filter_update_estimate
 .text.system_init
                0x0000000008006ffc       0x14 Core/Src/init/init.o
                0x0000000008006ffc                system_init
 .text.imx_is_later
                0x0000000008007010       0x28 Core/Src/time/ck_time.o
                0x0000000008007010                imx_is_later
 .text.Reset_Handler
                0x0000000008007038       0x50 Core/Startup/startup_stm32g031k8ux.o
                0x0000000008007038                Reset_Handler
 .text.Default_Handler
                0x0000000008007088        0x2 Core/Startup/startup_stm32g031k8ux.o
                0x0000000008007088                TIM1_CC_IRQHandler
                0x0000000008007088                PVD_IRQHandler
                0x0000000008007088                I2C1_IRQHandler
                0x0000000008007088                LPTIM2_IRQHandler
                0x0000000008007088                RTC_TAMP_IRQHandler
                0x0000000008007088                SPI1_IRQHandler
                0x0000000008007088                DMA1_Ch4_5_DMAMUX1_OVR_IRQHandler
                0x0000000008007088                EXTI2_3_IRQHandler
                0x0000000008007088                ADC1_IRQHandler
                0x0000000008007088                I2C2_IRQHandler
                0x0000000008007088                TIM17_IRQHandler
                0x0000000008007088                TIM16_IRQHandler
                0x0000000008007088                TIM3_IRQHandler
                0x0000000008007088                EXTI4_15_IRQHandler
                0x0000000008007088                RCC_IRQHandler
                0x0000000008007088                Default_Handler
                0x0000000008007088                TIM14_IRQHandler
                0x0000000008007088                EXTI0_1_IRQHandler
                0x0000000008007088                SPI2_IRQHandler
                0x0000000008007088                WWDG_IRQHandler
                0x0000000008007088                LPUART1_IRQHandler
                0x0000000008007088                TIM2_IRQHandler
                0x0000000008007088                DMA1_Channel2_3_IRQHandler
                0x0000000008007088                USART2_IRQHandler
                0x0000000008007088                FLASH_IRQHandler
                0x0000000008007088                USART1_IRQHandler
                0x0000000008007088                TIM1_BRK_UP_TRG_COM_IRQHandler
                0x0000000008007088                LPTIM1_IRQHandler
 *fill*         0x000000000800708a        0x2 
 .text.HAL_InitTick
                0x000000000800708c       0x4c Drivers/STM32G0xx_HAL_Driver/Src/stm32g0xx_hal.o
                0x000000000800708c                HAL_InitTick
 .text.HAL_Init
                0x00000000080070d8       0x28 Drivers/STM32G0xx_HAL_Driver/Src/stm32g0xx_hal.o
                0x00000000080070d8                HAL_Init
 .text.HAL_IncTick
                0x0000000008007100       0x18 Drivers/STM32G0xx_HAL_Driver/Src/stm32g0xx_hal.o
                0x0000000008007100                HAL_IncTick
 .text.HAL_GetTick
                0x0000000008007118        0xc Drivers/STM32G0xx_HAL_Driver/Src/stm32g0xx_hal.o
                0x0000000008007118                HAL_GetTick
 .text.HAL_Delay
                0x0000000008007124       0x24 Drivers/STM32G0xx_HAL_Driver/Src/stm32g0xx_hal.o
                0x0000000008007124                HAL_Delay
 .text.HAL_ADC_Init
                0x0000000008007148      0x26c Drivers/STM32G0xx_HAL_Driver/Src/stm32g0xx_hal_adc.o
                0x0000000008007148                HAL_ADC_Init
 .text.HAL_ADC_ConfigChannel
                0x00000000080073b4      0x278 Drivers/STM32G0xx_HAL_Driver/Src/stm32g0xx_hal_adc.o
                0x00000000080073b4                HAL_ADC_ConfigChannel
 .text.HAL_NVIC_SetPriority
                0x000000000800762c       0x58 Drivers/STM32G0xx_HAL_Driver/Src/stm32g0xx_hal_cortex.o
                0x000000000800762c                HAL_NVIC_SetPriority
 .text.HAL_NVIC_EnableIRQ
                0x0000000008007684       0x18 Drivers/STM32G0xx_HAL_Driver/Src/stm32g0xx_hal_cortex.o
                0x0000000008007684                HAL_NVIC_EnableIRQ
 .text.HAL_SYSTICK_Config
                0x000000000800769c       0x38 Drivers/STM32G0xx_HAL_Driver/Src/stm32g0xx_hal_cortex.o
                0x000000000800769c                HAL_SYSTICK_Config
 .text.HAL_CRC_Init
                0x00000000080076d4       0x84 Drivers/STM32G0xx_HAL_Driver/Src/stm32g0xx_hal_crc.o
                0x00000000080076d4                HAL_CRC_Init
 .text.HAL_CRCEx_Polynomial_Set
                0x0000000008007758       0x50 Drivers/STM32G0xx_HAL_Driver/Src/stm32g0xx_hal_crc_ex.o
                0x0000000008007758                HAL_CRCEx_Polynomial_Set
 .text.HAL_DMA_Init
                0x00000000080077a8       0xf8 Drivers/STM32G0xx_HAL_Driver/Src/stm32g0xx_hal_dma.o
                0x00000000080077a8                HAL_DMA_Init
 .text.HAL_DMA_Start_IT
                0x00000000080078a0       0xcc Drivers/STM32G0xx_HAL_Driver/Src/stm32g0xx_hal_dma.o
                0x00000000080078a0                HAL_DMA_Start_IT
 .text.HAL_DMA_IRQHandler
                0x000000000800796c       0xb8 Drivers/STM32G0xx_HAL_Driver/Src/stm32g0xx_hal_dma.o
                0x000000000800796c                HAL_DMA_IRQHandler
 .text.HAL_GPIO_Init
                0x0000000008007a24      0x1ec Drivers/STM32G0xx_HAL_Driver/Src/stm32g0xx_hal_gpio.o
                0x0000000008007a24                HAL_GPIO_Init
 .text.HAL_GPIO_WritePin
                0x0000000008007c10        0xc Drivers/STM32G0xx_HAL_Driver/Src/stm32g0xx_hal_gpio.o
                0x0000000008007c10                HAL_GPIO_WritePin
 .text.I2C_WaitOnTXISFlagUntilTimeout
                0x0000000008007c1c       0xc4 Drivers/STM32G0xx_HAL_Driver/Src/stm32g0xx_hal_i2c.o
 .text.I2C_WaitOnSTOPFlagUntilTimeout
                0x0000000008007ce0       0xd0 Drivers/STM32G0xx_HAL_Driver/Src/stm32g0xx_hal_i2c.o
 .text.HAL_I2C_Init
                0x0000000008007db0       0xb0 Drivers/STM32G0xx_HAL_Driver/Src/stm32g0xx_hal_i2c.o
                0x0000000008007db0                HAL_I2C_Init
 .text.HAL_I2C_Master_Transmit
                0x0000000008007e60      0x194 Drivers/STM32G0xx_HAL_Driver/Src/stm32g0xx_hal_i2c.o
                0x0000000008007e60                HAL_I2C_Master_Transmit
 .text.HAL_I2C_Master_Receive
                0x0000000008007ff4      0x2ac Drivers/STM32G0xx_HAL_Driver/Src/stm32g0xx_hal_i2c.o
                0x0000000008007ff4                HAL_I2C_Master_Receive
 .text.HAL_I2CEx_ConfigAnalogFilter
                0x00000000080082a0       0x5c Drivers/STM32G0xx_HAL_Driver/Src/stm32g0xx_hal_i2c_ex.o
                0x00000000080082a0                HAL_I2CEx_ConfigAnalogFilter
 .text.HAL_I2CEx_ConfigDigitalFilter
                0x00000000080082fc       0x5c Drivers/STM32G0xx_HAL_Driver/Src/stm32g0xx_hal_i2c_ex.o
                0x00000000080082fc                HAL_I2CEx_ConfigDigitalFilter
 .text.HAL_PWREx_ControlVoltageScaling
                0x0000000008008358       0x60 Drivers/STM32G0xx_HAL_Driver/Src/stm32g0xx_hal_pwr_ex.o
                0x0000000008008358                HAL_PWREx_ControlVoltageScaling
 .text.HAL_RCC_OscConfig
                0x00000000080083b8      0x4e4 Drivers/STM32G0xx_HAL_Driver/Src/stm32g0xx_hal_rcc.o
                0x00000000080083b8                HAL_RCC_OscConfig
 .text.HAL_RCC_GetSysClockFreq
                0x000000000800889c       0x98 Drivers/STM32G0xx_HAL_Driver/Src/stm32g0xx_hal_rcc.o
                0x000000000800889c                HAL_RCC_GetSysClockFreq
 .text.HAL_RCC_ClockConfig
                0x0000000008008934      0x18c Drivers/STM32G0xx_HAL_Driver/Src/stm32g0xx_hal_rcc.o
                0x0000000008008934                HAL_RCC_ClockConfig
 .text.HAL_RCC_GetPCLK1Freq
                0x0000000008008ac0       0x28 Drivers/STM32G0xx_HAL_Driver/Src/stm32g0xx_hal_rcc.o
                0x0000000008008ac0                HAL_RCC_GetPCLK1Freq
 .text.HAL_RCCEx_PeriphCLKConfig
                0x0000000008008ae8      0x1e8 Drivers/STM32G0xx_HAL_Driver/Src/stm32g0xx_hal_rcc_ex.o
                0x0000000008008ae8                HAL_RCCEx_PeriphCLKConfig
 .text.RTC_ExitInitMode
                0x0000000008008cd0       0x98 Drivers/STM32G0xx_HAL_Driver/Src/stm32g0xx_hal_rtc.o
                0x0000000008008cd0                RTC_ExitInitMode
 .text.HAL_RTC_Init
                0x0000000008008d68       0xd4 Drivers/STM32G0xx_HAL_Driver/Src/stm32g0xx_hal_rtc.o
                0x0000000008008d68                HAL_RTC_Init
 .text.HAL_RTC_SetTime
                0x0000000008008e3c      0x144 Drivers/STM32G0xx_HAL_Driver/Src/stm32g0xx_hal_rtc.o
                0x0000000008008e3c                HAL_RTC_SetTime
 .text.HAL_RTC_SetDate
                0x0000000008008f80      0x11c Drivers/STM32G0xx_HAL_Driver/Src/stm32g0xx_hal_rtc.o
                0x0000000008008f80                HAL_RTC_SetDate
 .text.SPI_EndRxTxTransaction.constprop.10
                0x000000000800909c       0xb8 Drivers/STM32G0xx_HAL_Driver/Src/stm32g0xx_hal_spi.o
 .text.HAL_SPI_Init
                0x0000000008009154       0xdc Drivers/STM32G0xx_HAL_Driver/Src/stm32g0xx_hal_spi.o
                0x0000000008009154                HAL_SPI_Init
 .text.HAL_SPI_Transmit_DMA
                0x0000000008009230      0x10c Drivers/STM32G0xx_HAL_Driver/Src/stm32g0xx_hal_spi.o
                0x0000000008009230                HAL_SPI_Transmit_DMA
 .text.HAL_SPI_TxCpltCallback
                0x000000000800933c        0x4 Drivers/STM32G0xx_HAL_Driver/Src/stm32g0xx_hal_spi.o
                0x000000000800933c                HAL_SPI_TxCpltCallback
 .text.HAL_SPI_TxHalfCpltCallback
                0x0000000008009340        0x4 Drivers/STM32G0xx_HAL_Driver/Src/stm32g0xx_hal_spi.o
                0x0000000008009340                HAL_SPI_TxHalfCpltCallback
 .text.SPI_DMAHalfTransmitCplt
                0x0000000008009344        0xc Drivers/STM32G0xx_HAL_Driver/Src/stm32g0xx_hal_spi.o
 .text.HAL_SPI_ErrorCallback
                0x0000000008009350        0x4 Drivers/STM32G0xx_HAL_Driver/Src/stm32g0xx_hal_spi.o
                0x0000000008009350                HAL_SPI_ErrorCallback
 .text.SPI_DMAError
                0x0000000008009354       0x24 Drivers/STM32G0xx_HAL_Driver/Src/stm32g0xx_hal_spi.o
 .text.SPI_DMATransmitCplt
                0x0000000008009378       0x70 Drivers/STM32G0xx_HAL_Driver/Src/stm32g0xx_hal_spi.o
 .text.HAL_UART_Transmit
                0x00000000080093e8      0x154 Drivers/STM32G0xx_HAL_Driver/Src/stm32g0xx_hal_uart.o
                0x00000000080093e8                HAL_UART_Transmit
 .text.UART_AdvFeatureConfig
                0x000000000800953c       0xd0 Drivers/STM32G0xx_HAL_Driver/Src/stm32g0xx_hal_uart.o
                0x000000000800953c                UART_AdvFeatureConfig
 .text.HAL_UART_Init
                0x000000000800960c      0xb34 Drivers/STM32G0xx_HAL_Driver/Src/stm32g0xx_hal_uart.o
                0x000000000800960c                HAL_UART_Init
 .text.HAL_UARTEx_DisableFifoMode
                0x000000000800a140       0x38 Drivers/STM32G0xx_HAL_Driver/Src/stm32g0xx_hal_uart_ex.o
                0x000000000800a140                HAL_UARTEx_DisableFifoMode
 .text.HAL_UARTEx_SetTxFifoThreshold
                0x000000000800a178       0xb4 Drivers/STM32G0xx_HAL_Driver/Src/stm32g0xx_hal_uart_ex.o
                0x000000000800a178                HAL_UARTEx_SetTxFifoThreshold
 .text.HAL_UARTEx_SetRxFifoThreshold
                0x000000000800a22c       0xb8 Drivers/STM32G0xx_HAL_Driver/Src/stm32g0xx_hal_uart_ex.o
                0x000000000800a22c                HAL_UARTEx_SetRxFifoThreshold
 .text.__errno  0x000000000800a2e4        0xc c:/st/stm32cubeide_1.1.0/stm32cubeide/plugins/com.st.stm32cube.ide.mcu.externaltools.gnu-tools-for-stm32.7-2018-q2-update.win32_1.0.0.201904181610/tools/bin/../lib/gcc/arm-none-eabi/7.3.1/../../../../arm-none-eabi/lib/thumb/v6-m\libc_nano.a(lib_a-errno.o)
                0x000000000800a2e4                __errno
 .text.__libc_init_array
                0x000000000800a2f0       0x48 c:/st/stm32cubeide_1.1.0/stm32cubeide/plugins/com.st.stm32cube.ide.mcu.externaltools.gnu-tools-for-stm32.7-2018-q2-update.win32_1.0.0.201904181610/tools/bin/../lib/gcc/arm-none-eabi/7.3.1/../../../../arm-none-eabi/lib/thumb/v6-m\libc_nano.a(lib_a-init.o)
                0x000000000800a2f0                __libc_init_array
 .text.memcpy   0x000000000800a338       0x12 c:/st/stm32cubeide_1.1.0/stm32cubeide/plugins/com.st.stm32cube.ide.mcu.externaltools.gnu-tools-for-stm32.7-2018-q2-update.win32_1.0.0.201904181610/tools/bin/../lib/gcc/arm-none-eabi/7.3.1/../../../../arm-none-eabi/lib/thumb/v6-m\libc_nano.a(lib_a-memcpy-stub.o)
                0x000000000800a338                memcpy
 .text.memset   0x000000000800a34a       0x10 c:/st/stm32cubeide_1.1.0/stm32cubeide/plugins/com.st.stm32cube.ide.mcu.externaltools.gnu-tools-for-stm32.7-2018-q2-update.win32_1.0.0.201904181610/tools/bin/../lib/gcc/arm-none-eabi/7.3.1/../../../../arm-none-eabi/lib/thumb/v6-m\libc_nano.a(lib_a-memset.o)
                0x000000000800a34a                memset
 *fill*         0x000000000800a35a        0x2 
 .text.printf   0x000000000800a35c       0x34 c:/st/stm32cubeide_1.1.0/stm32cubeide/plugins/com.st.stm32cube.ide.mcu.externaltools.gnu-tools-for-stm32.7-2018-q2-update.win32_1.0.0.201904181610/tools/bin/../lib/gcc/arm-none-eabi/7.3.1/../../../../arm-none-eabi/lib/thumb/v6-m\libc_nano.a(lib_a-printf.o)
                0x000000000800a35c                iprintf
                0x000000000800a35c                printf
 .text._puts_r  0x000000000800a390       0xc0 c:/st/stm32cubeide_1.1.0/stm32cubeide/plugins/com.st.stm32cube.ide.mcu.externaltools.gnu-tools-for-stm32.7-2018-q2-update.win32_1.0.0.201904181610/tools/bin/../lib/gcc/arm-none-eabi/7.3.1/../../../../arm-none-eabi/lib/thumb/v6-m\libc_nano.a(lib_a-puts.o)
                0x000000000800a390                _puts_r
 .text.puts     0x000000000800a450       0x14 c:/st/stm32cubeide_1.1.0/stm32cubeide/plugins/com.st.stm32cube.ide.mcu.externaltools.gnu-tools-for-stm32.7-2018-q2-update.win32_1.0.0.201904181610/tools/bin/../lib/gcc/arm-none-eabi/7.3.1/../../../../arm-none-eabi/lib/thumb/v6-m\libc_nano.a(lib_a-puts.o)
                0x000000000800a450                puts
 .text.__swbuf_r
                0x000000000800a464       0xac c:/st/stm32cubeide_1.1.0/stm32cubeide/plugins/com.st.stm32cube.ide.mcu.externaltools.gnu-tools-for-stm32.7-2018-q2-update.win32_1.0.0.201904181610/tools/bin/../lib/gcc/arm-none-eabi/7.3.1/../../../../arm-none-eabi/lib/thumb/v6-m\libc_nano.a(lib_a-wbuf.o)
                0x000000000800a464                __swbuf_r
 .text.__swsetup_r
                0x000000000800a510       0xec c:/st/stm32cubeide_1.1.0/stm32cubeide/plugins/com.st.stm32cube.ide.mcu.externaltools.gnu-tools-for-stm32.7-2018-q2-update.win32_1.0.0.201904181610/tools/bin/../lib/gcc/arm-none-eabi/7.3.1/../../../../arm-none-eabi/lib/thumb/v6-m\libc_nano.a(lib_a-wsetup.o)
                0x000000000800a510                __swsetup_r
 .text.__sflush_r
                0x000000000800a5fc      0x114 c:/st/stm32cubeide_1.1.0/stm32cubeide/plugins/com.st.stm32cube.ide.mcu.externaltools.gnu-tools-for-stm32.7-2018-q2-update.win32_1.0.0.201904181610/tools/bin/../lib/gcc/arm-none-eabi/7.3.1/../../../../arm-none-eabi/lib/thumb/v6-m\libc_nano.a(lib_a-fflush.o)
                0x000000000800a5fc                __sflush_r
 .text._fflush_r
                0x000000000800a710       0x58 c:/st/stm32cubeide_1.1.0/stm32cubeide/plugins/com.st.stm32cube.ide.mcu.externaltools.gnu-tools-for-stm32.7-2018-q2-update.win32_1.0.0.201904181610/tools/bin/../lib/gcc/arm-none-eabi/7.3.1/../../../../arm-none-eabi/lib/thumb/v6-m\libc_nano.a(lib_a-fflush.o)
                0x000000000800a710                _fflush_r
 .text.std      0x000000000800a768       0x48 c:/st/stm32cubeide_1.1.0/stm32cubeide/plugins/com.st.stm32cube.ide.mcu.externaltools.gnu-tools-for-stm32.7-2018-q2-update.win32_1.0.0.201904181610/tools/bin/../lib/gcc/arm-none-eabi/7.3.1/../../../../arm-none-eabi/lib/thumb/v6-m\libc_nano.a(lib_a-findfp.o)
 .text._cleanup_r
                0x000000000800a7b0       0x10 c:/st/stm32cubeide_1.1.0/stm32cubeide/plugins/com.st.stm32cube.ide.mcu.externaltools.gnu-tools-for-stm32.7-2018-q2-update.win32_1.0.0.201904181610/tools/bin/../lib/gcc/arm-none-eabi/7.3.1/../../../../arm-none-eabi/lib/thumb/v6-m\libc_nano.a(lib_a-findfp.o)
                0x000000000800a7b0                _cleanup_r
 .text.__sfmoreglue
                0x000000000800a7c0       0x2c c:/st/stm32cubeide_1.1.0/stm32cubeide/plugins/com.st.stm32cube.ide.mcu.externaltools.gnu-tools-for-stm32.7-2018-q2-update.win32_1.0.0.201904181610/tools/bin/../lib/gcc/arm-none-eabi/7.3.1/../../../../arm-none-eabi/lib/thumb/v6-m\libc_nano.a(lib_a-findfp.o)
                0x000000000800a7c0                __sfmoreglue
 .text.__sinit  0x000000000800a7ec       0x68 c:/st/stm32cubeide_1.1.0/stm32cubeide/plugins/com.st.stm32cube.ide.mcu.externaltools.gnu-tools-for-stm32.7-2018-q2-update.win32_1.0.0.201904181610/tools/bin/../lib/gcc/arm-none-eabi/7.3.1/../../../../arm-none-eabi/lib/thumb/v6-m\libc_nano.a(lib_a-findfp.o)
                0x000000000800a7ec                __sinit
 .text.__sfp    0x000000000800a854       0x7c c:/st/stm32cubeide_1.1.0/stm32cubeide/plugins/com.st.stm32cube.ide.mcu.externaltools.gnu-tools-for-stm32.7-2018-q2-update.win32_1.0.0.201904181610/tools/bin/../lib/gcc/arm-none-eabi/7.3.1/../../../../arm-none-eabi/lib/thumb/v6-m\libc_nano.a(lib_a-findfp.o)
                0x000000000800a854                __sfp
 .text._fwalk_reent
                0x000000000800a8d0       0x42 c:/st/stm32cubeide_1.1.0/stm32cubeide/plugins/com.st.stm32cube.ide.mcu.externaltools.gnu-tools-for-stm32.7-2018-q2-update.win32_1.0.0.201904181610/tools/bin/../lib/gcc/arm-none-eabi/7.3.1/../../../../arm-none-eabi/lib/thumb/v6-m\libc_nano.a(lib_a-fwalk.o)
                0x000000000800a8d0                _fwalk_reent
 *fill*         0x000000000800a912        0x2 
 .text.__swhatbuf_r
                0x000000000800a914       0x50 c:/st/stm32cubeide_1.1.0/stm32cubeide/plugins/com.st.stm32cube.ide.mcu.externaltools.gnu-tools-for-stm32.7-2018-q2-update.win32_1.0.0.201904181610/tools/bin/../lib/gcc/arm-none-eabi/7.3.1/../../../../arm-none-eabi/lib/thumb/v6-m\libc_nano.a(lib_a-makebuf.o)
                0x000000000800a914                __swhatbuf_r
 .text.__smakebuf_r
                0x000000000800a964       0x88 c:/st/stm32cubeide_1.1.0/stm32cubeide/plugins/com.st.stm32cube.ide.mcu.externaltools.gnu-tools-for-stm32.7-2018-q2-update.win32_1.0.0.201904181610/tools/bin/../lib/gcc/arm-none-eabi/7.3.1/../../../../arm-none-eabi/lib/thumb/v6-m\libc_nano.a(lib_a-makebuf.o)
                0x000000000800a964                __smakebuf_r
 .text._free_r  0x000000000800a9ec       0x94 c:/st/stm32cubeide_1.1.0/stm32cubeide/plugins/com.st.stm32cube.ide.mcu.externaltools.gnu-tools-for-stm32.7-2018-q2-update.win32_1.0.0.201904181610/tools/bin/../lib/gcc/arm-none-eabi/7.3.1/../../../../arm-none-eabi/lib/thumb/v6-m\libc_nano.a(lib_a-nano-freer.o)
                0x000000000800a9ec                _free_r
 .text._malloc_r
                0x000000000800aa80       0xbc c:/st/stm32cubeide_1.1.0/stm32cubeide/plugins/com.st.stm32cube.ide.mcu.externaltools.gnu-tools-for-stm32.7-2018-q2-update.win32_1.0.0.201904181610/tools/bin/../lib/gcc/arm-none-eabi/7.3.1/../../../../arm-none-eabi/lib/thumb/v6-m\libc_nano.a(lib_a-nano-mallocr.o)
                0x000000000800aa80                _malloc_r
 .text.__sfputc_r
                0x000000000800ab3c       0x2a c:/st/stm32cubeide_1.1.0/stm32cubeide/plugins/com.st.stm32cube.ide.mcu.externaltools.gnu-tools-for-stm32.7-2018-q2-update.win32_1.0.0.201904181610/tools/bin/../lib/gcc/arm-none-eabi/7.3.1/../../../../arm-none-eabi/lib/thumb/v6-m\libc_nano.a(lib_a-nano-vfprintf.o)
 .text.__sfputs_r
                0x000000000800ab66       0x24 c:/st/stm32cubeide_1.1.0/stm32cubeide/plugins/com.st.stm32cube.ide.mcu.externaltools.gnu-tools-for-stm32.7-2018-q2-update.win32_1.0.0.201904181610/tools/bin/../lib/gcc/arm-none-eabi/7.3.1/../../../../arm-none-eabi/lib/thumb/v6-m\libc_nano.a(lib_a-nano-vfprintf.o)
                0x000000000800ab66                __sfputs_r
 *fill*         0x000000000800ab8a        0x2 
 .text._vfprintf_r
                0x000000000800ab8c      0x22c c:/st/stm32cubeide_1.1.0/stm32cubeide/plugins/com.st.stm32cube.ide.mcu.externaltools.gnu-tools-for-stm32.7-2018-q2-update.win32_1.0.0.201904181610/tools/bin/../lib/gcc/arm-none-eabi/7.3.1/../../../../arm-none-eabi/lib/thumb/v6-m\libc_nano.a(lib_a-nano-vfprintf.o)
                0x000000000800ab8c                _vfprintf_r
                0x000000000800ab8c                _vfiprintf_r
 .text._printf_common
                0x000000000800adb8       0xda c:/st/stm32cubeide_1.1.0/stm32cubeide/plugins/com.st.stm32cube.ide.mcu.externaltools.gnu-tools-for-stm32.7-2018-q2-update.win32_1.0.0.201904181610/tools/bin/../lib/gcc/arm-none-eabi/7.3.1/../../../../arm-none-eabi/lib/thumb/v6-m\libc_nano.a(lib_a-nano-vfprintf_i.o)
                0x000000000800adb8                _printf_common
 *fill*         0x000000000800ae92        0x2 
 .text._printf_i
                0x000000000800ae94      0x210 c:/st/stm32cubeide_1.1.0/stm32cubeide/plugins/com.st.stm32cube.ide.mcu.externaltools.gnu-tools-for-stm32.7-2018-q2-update.win32_1.0.0.201904181610/tools/bin/../lib/gcc/arm-none-eabi/7.3.1/../../../../arm-none-eabi/lib/thumb/v6-m\libc_nano.a(lib_a-nano-vfprintf_i.o)
                0x000000000800ae94                _printf_i
 .text._sbrk_r  0x000000000800b0a4       0x24 c:/st/stm32cubeide_1.1.0/stm32cubeide/plugins/com.st.stm32cube.ide.mcu.externaltools.gnu-tools-for-stm32.7-2018-q2-update.win32_1.0.0.201904181610/tools/bin/../lib/gcc/arm-none-eabi/7.3.1/../../../../arm-none-eabi/lib/thumb/v6-m\libc_nano.a(lib_a-sbrkr.o)
                0x000000000800b0a4                _sbrk_r
 .text.__sread  0x000000000800b0c8       0x28 c:/st/stm32cubeide_1.1.0/stm32cubeide/plugins/com.st.stm32cube.ide.mcu.externaltools.gnu-tools-for-stm32.7-2018-q2-update.win32_1.0.0.201904181610/tools/bin/../lib/gcc/arm-none-eabi/7.3.1/../../../../arm-none-eabi/lib/thumb/v6-m\libc_nano.a(lib_a-stdio.o)
                0x000000000800b0c8                __sread
 .text.__swrite
                0x000000000800b0f0       0x38 c:/st/stm32cubeide_1.1.0/stm32cubeide/plugins/com.st.stm32cube.ide.mcu.externaltools.gnu-tools-for-stm32.7-2018-q2-update.win32_1.0.0.201904181610/tools/bin/../lib/gcc/arm-none-eabi/7.3.1/../../../../arm-none-eabi/lib/thumb/v6-m\libc_nano.a(lib_a-stdio.o)
                0x000000000800b0f0                __swrite
 .text.__sseek  0x000000000800b128       0x2c c:/st/stm32cubeide_1.1.0/stm32cubeide/plugins/com.st.stm32cube.ide.mcu.externaltools.gnu-tools-for-stm32.7-2018-q2-update.win32_1.0.0.201904181610/tools/bin/../lib/gcc/arm-none-eabi/7.3.1/../../../../arm-none-eabi/lib/thumb/v6-m\libc_nano.a(lib_a-stdio.o)
                0x000000000800b128                __sseek
 .text.__sclose
                0x000000000800b154        0xc c:/st/stm32cubeide_1.1.0/stm32cubeide/plugins/com.st.stm32cube.ide.mcu.externaltools.gnu-tools-for-stm32.7-2018-q2-update.win32_1.0.0.201904181610/tools/bin/../lib/gcc/arm-none-eabi/7.3.1/../../../../arm-none-eabi/lib/thumb/v6-m\libc_nano.a(lib_a-stdio.o)
                0x000000000800b154                __sclose
 .text._write_r
                0x000000000800b160       0x28 c:/st/stm32cubeide_1.1.0/stm32cubeide/plugins/com.st.stm32cube.ide.mcu.externaltools.gnu-tools-for-stm32.7-2018-q2-update.win32_1.0.0.201904181610/tools/bin/../lib/gcc/arm-none-eabi/7.3.1/../../../../arm-none-eabi/lib/thumb/v6-m\libc_nano.a(lib_a-writer.o)
                0x000000000800b160                _write_r
 .text._close_r
                0x000000000800b188       0x24 c:/st/stm32cubeide_1.1.0/stm32cubeide/plugins/com.st.stm32cube.ide.mcu.externaltools.gnu-tools-for-stm32.7-2018-q2-update.win32_1.0.0.201904181610/tools/bin/../lib/gcc/arm-none-eabi/7.3.1/../../../../arm-none-eabi/lib/thumb/v6-m\libc_nano.a(lib_a-closer.o)
                0x000000000800b188                _close_r
 .text._fstat_r
                0x000000000800b1ac       0x24 c:/st/stm32cubeide_1.1.0/stm32cubeide/plugins/com.st.stm32cube.ide.mcu.externaltools.gnu-tools-for-stm32.7-2018-q2-update.win32_1.0.0.201904181610/tools/bin/../lib/gcc/arm-none-eabi/7.3.1/../../../../arm-none-eabi/lib/thumb/v6-m\libc_nano.a(lib_a-fstatr.o)
                0x000000000800b1ac                _fstat_r
 .text._isatty_r
                0x000000000800b1d0       0x24 c:/st/stm32cubeide_1.1.0/stm32cubeide/plugins/com.st.stm32cube.ide.mcu.externaltools.gnu-tools-for-stm32.7-2018-q2-update.win32_1.0.0.201904181610/tools/bin/../lib/gcc/arm-none-eabi/7.3.1/../../../../arm-none-eabi/lib/thumb/v6-m\libc_nano.a(lib_a-isattyr.o)
                0x000000000800b1d0                _isatty_r
 .text._lseek_r
                0x000000000800b1f4       0x28 c:/st/stm32cubeide_1.1.0/stm32cubeide/plugins/com.st.stm32cube.ide.mcu.externaltools.gnu-tools-for-stm32.7-2018-q2-update.win32_1.0.0.201904181610/tools/bin/../lib/gcc/arm-none-eabi/7.3.1/../../../../arm-none-eabi/lib/thumb/v6-m\libc_nano.a(lib_a-lseekr.o)
                0x000000000800b1f4                _lseek_r
 .text.memchr   0x000000000800b21c       0x16 c:/st/stm32cubeide_1.1.0/stm32cubeide/plugins/com.st.stm32cube.ide.mcu.externaltools.gnu-tools-for-stm32.7-2018-q2-update.win32_1.0.0.201904181610/tools/bin/../lib/gcc/arm-none-eabi/7.3.1/../../../../arm-none-eabi/lib/thumb/v6-m\libc_nano.a(lib_a-memchr-stub.o)
                0x000000000800b21c                memchr
 .text.__malloc_lock
                0x000000000800b232        0x2 c:/st/stm32cubeide_1.1.0/stm32cubeide/plugins/com.st.stm32cube.ide.mcu.externaltools.gnu-tools-for-stm32.7-2018-q2-update.win32_1.0.0.201904181610/tools/bin/../lib/gcc/arm-none-eabi/7.3.1/../../../../arm-none-eabi/lib/thumb/v6-m\libc_nano.a(lib_a-mlock.o)
                0x000000000800b232                __malloc_lock
 .text.__malloc_unlock
                0x000000000800b234        0x2 c:/st/stm32cubeide_1.1.0/stm32cubeide/plugins/com.st.stm32cube.ide.mcu.externaltools.gnu-tools-for-stm32.7-2018-q2-update.win32_1.0.0.201904181610/tools/bin/../lib/gcc/arm-none-eabi/7.3.1/../../../../arm-none-eabi/lib/thumb/v6-m\libc_nano.a(lib_a-mlock.o)
                0x000000000800b234                __malloc_unlock
 *fill*         0x000000000800b236        0x2 
 .text._read_r  0x000000000800b238       0x28 c:/st/stm32cubeide_1.1.0/stm32cubeide/plugins/com.st.stm32cube.ide.mcu.externaltools.gnu-tools-for-stm32.7-2018-q2-update.win32_1.0.0.201904181610/tools/bin/../lib/gcc/arm-none-eabi/7.3.1/../../../../arm-none-eabi/lib/thumb/v6-m\libc_nano.a(lib_a-readr.o)
                0x000000000800b238                _read_r
 .text.pow      0x000000000800b260      0x32c c:/st/stm32cubeide_1.1.0/stm32cubeide/plugins/com.st.stm32cube.ide.mcu.externaltools.gnu-tools-for-stm32.7-2018-q2-update.win32_1.0.0.201904181610/tools/bin/../lib/gcc/arm-none-eabi/7.3.1/../../../../arm-none-eabi/lib/thumb/v6-m\libm.a(lib_a-w_pow.o)
                0x000000000800b260                pow
 .text.__ieee754_pow
                0x000000000800b58c      0x9ec c:/st/stm32cubeide_1.1.0/stm32cubeide/plugins/com.st.stm32cube.ide.mcu.externaltools.gnu-tools-for-stm32.7-2018-q2-update.win32_1.0.0.201904181610/tools/bin/../lib/gcc/arm-none-eabi/7.3.1/../../../../arm-none-eabi/lib/thumb/v6-m\libm.a(lib_a-e_pow.o)
                0x000000000800b58c                __ieee754_pow
 .text.__ieee754_sqrt
                0x000000000800bf78      0x164 c:/st/stm32cubeide_1.1.0/stm32cubeide/plugins/com.st.stm32cube.ide.mcu.externaltools.gnu-tools-for-stm32.7-2018-q2-update.win32_1.0.0.201904181610/tools/bin/../lib/gcc/arm-none-eabi/7.3.1/../../../../arm-none-eabi/lib/thumb/v6-m\libm.a(lib_a-e_sqrt.o)
                0x000000000800bf78                __ieee754_sqrt
 .text.fabs     0x000000000800c0dc        0x8 c:/st/stm32cubeide_1.1.0/stm32cubeide/plugins/com.st.stm32cube.ide.mcu.externaltools.gnu-tools-for-stm32.7-2018-q2-update.win32_1.0.0.201904181610/tools/bin/../lib/gcc/arm-none-eabi/7.3.1/../../../../arm-none-eabi/lib/thumb/v6-m\libm.a(lib_a-s_fabs.o)
                0x000000000800c0dc                fabs
 .text.finite   0x000000000800c0e4       0x10 c:/st/stm32cubeide_1.1.0/stm32cubeide/plugins/com.st.stm32cube.ide.mcu.externaltools.gnu-tools-for-stm32.7-2018-q2-update.win32_1.0.0.201904181610/tools/bin/../lib/gcc/arm-none-eabi/7.3.1/../../../../arm-none-eabi/lib/thumb/v6-m\libm.a(lib_a-s_finite.o)
                0x000000000800c0e4                finite
 .text.matherr  0x000000000800c0f4        0x4 c:/st/stm32cubeide_1.1.0/stm32cubeide/plugins/com.st.stm32cube.ide.mcu.externaltools.gnu-tools-for-stm32.7-2018-q2-update.win32_1.0.0.201904181610/tools/bin/../lib/gcc/arm-none-eabi/7.3.1/../../../../arm-none-eabi/lib/thumb/v6-m\libm.a(lib_a-s_matherr.o)
                0x000000000800c0f4                matherr
 .text.nan      0x000000000800c0f8        0xc c:/st/stm32cubeide_1.1.0/stm32cubeide/plugins/com.st.stm32cube.ide.mcu.externaltools.gnu-tools-for-stm32.7-2018-q2-update.win32_1.0.0.201904181610/tools/bin/../lib/gcc/arm-none-eabi/7.3.1/../../../../arm-none-eabi/lib/thumb/v6-m\libm.a(lib_a-s_nan.o)
                0x000000000800c0f8                nan
 .text.rint     0x000000000800c104      0x110 c:/st/stm32cubeide_1.1.0/stm32cubeide/plugins/com.st.stm32cube.ide.mcu.externaltools.gnu-tools-for-stm32.7-2018-q2-update.win32_1.0.0.201904181610/tools/bin/../lib/gcc/arm-none-eabi/7.3.1/../../../../arm-none-eabi/lib/thumb/v6-m\libm.a(lib_a-s_rint.o)
                0x000000000800c104                rint
 .text.scalbn   0x000000000800c214       0xc8 c:/st/stm32cubeide_1.1.0/stm32cubeide/plugins/com.st.stm32cube.ide.mcu.externaltools.gnu-tools-for-stm32.7-2018-q2-update.win32_1.0.0.201904181610/tools/bin/../lib/gcc/arm-none-eabi/7.3.1/../../../../arm-none-eabi/lib/thumb/v6-m\libm.a(lib_a-s_scalbn.o)
                0x000000000800c214                scalbn
 .text.copysign
                0x000000000800c2dc       0x10 c:/st/stm32cubeide_1.1.0/stm32cubeide/plugins/com.st.stm32cube.ide.mcu.externaltools.gnu-tools-for-stm32.7-2018-q2-update.win32_1.0.0.201904181610/tools/bin/../lib/gcc/arm-none-eabi/7.3.1/../../../../arm-none-eabi/lib/thumb/v6-m\libm.a(lib_a-s_copysign.o)
                0x000000000800c2dc                copysign
 *(.glue_7)
 .glue_7        0x000000000800c2ec        0x0 linker stubs
 *(.glue_7t)
 .glue_7t       0x000000000800c2ec        0x0 linker stubs
 *(.eh_frame)
 .eh_frame      0x000000000800c2ec        0x0 c:/st/stm32cubeide_1.1.0/stm32cubeide/plugins/com.st.stm32cube.ide.mcu.externaltools.gnu-tools-for-stm32.7-2018-q2-update.win32_1.0.0.201904181610/tools/bin/../lib/gcc/arm-none-eabi/7.3.1/thumb/v6-m/crtbegin.o
 *(.init)
 .init          0x000000000800c2ec        0x4 c:/st/stm32cubeide_1.1.0/stm32cubeide/plugins/com.st.stm32cube.ide.mcu.externaltools.gnu-tools-for-stm32.7-2018-q2-update.win32_1.0.0.201904181610/tools/bin/../lib/gcc/arm-none-eabi/7.3.1/thumb/v6-m/crti.o
                0x000000000800c2ec                _init
 .init          0x000000000800c2f0        0x8 c:/st/stm32cubeide_1.1.0/stm32cubeide/plugins/com.st.stm32cube.ide.mcu.externaltools.gnu-tools-for-stm32.7-2018-q2-update.win32_1.0.0.201904181610/tools/bin/../lib/gcc/arm-none-eabi/7.3.1/thumb/v6-m/crtn.o
 *(.fini)
 .fini          0x000000000800c2f8        0x4 c:/st/stm32cubeide_1.1.0/stm32cubeide/plugins/com.st.stm32cube.ide.mcu.externaltools.gnu-tools-for-stm32.7-2018-q2-update.win32_1.0.0.201904181610/tools/bin/../lib/gcc/arm-none-eabi/7.3.1/thumb/v6-m/crti.o
                0x000000000800c2f8                _fini
 .fini          0x000000000800c2fc        0x8 c:/st/stm32cubeide_1.1.0/stm32cubeide/plugins/com.st.stm32cube.ide.mcu.externaltools.gnu-tools-for-stm32.7-2018-q2-update.win32_1.0.0.201904181610/tools/bin/../lib/gcc/arm-none-eabi/7.3.1/thumb/v6-m/crtn.o
                0x000000000800c304                . = ALIGN (0x4)
                0x000000000800c304                _etext = .

.vfp11_veneer   0x000000000800c304        0x0
 .vfp11_veneer  0x000000000800c304        0x0 linker stubs

.v4_bx          0x000000000800c304        0x0
 .v4_bx         0x000000000800c304        0x0 linker stubs

.iplt           0x000000000800c304        0x0
 .iplt          0x000000000800c304        0x0 c:/st/stm32cubeide_1.1.0/stm32cubeide/plugins/com.st.stm32cube.ide.mcu.externaltools.gnu-tools-for-stm32.7-2018-q2-update.win32_1.0.0.201904181610/tools/bin/../lib/gcc/arm-none-eabi/7.3.1/thumb/v6-m/crtbegin.o

.rodata         0x000000000800c308      0x6c8
                0x000000000800c308                . = ALIGN (0x4)
 *(.rodata)
 .rodata        0x000000000800c308       0x80 c:/st/stm32cubeide_1.1.0/stm32cubeide/plugins/com.st.stm32cube.ide.mcu.externaltools.gnu-tools-for-stm32.7-2018-q2-update.win32_1.0.0.201904181610/tools/bin/../lib/gcc/arm-none-eabi/7.3.1/thumb/v6-m\libgcc.a(divsf3.o)
 .rodata        0x000000000800c388       0x40 c:/st/stm32cubeide_1.1.0/stm32cubeide/plugins/com.st.stm32cube.ide.mcu.externaltools.gnu-tools-for-stm32.7-2018-q2-update.win32_1.0.0.201904181610/tools/bin/../lib/gcc/arm-none-eabi/7.3.1/thumb/v6-m\libgcc.a(mulsf3.o)
 .rodata        0x000000000800c3c8       0x40 c:/st/stm32cubeide_1.1.0/stm32cubeide/plugins/com.st.stm32cube.ide.mcu.externaltools.gnu-tools-for-stm32.7-2018-q2-update.win32_1.0.0.201904181610/tools/bin/../lib/gcc/arm-none-eabi/7.3.1/thumb/v6-m\libgcc.a(divdf3.o)
 .rodata        0x000000000800c408       0x40 c:/st/stm32cubeide_1.1.0/stm32cubeide/plugins/com.st.stm32cube.ide.mcu.externaltools.gnu-tools-for-stm32.7-2018-q2-update.win32_1.0.0.201904181610/tools/bin/../lib/gcc/arm-none-eabi/7.3.1/thumb/v6-m\libgcc.a(muldf3.o)
 *(.rodata*)
 .rodata.main.str1.4
                0x000000000800c448       0x24 Core/Src/main.o
 .rodata.AHBPrescTable
                0x000000000800c46c       0x40 Core/Src/system_stm32g0xx.o
                0x000000000800c46c                AHBPrescTable
 .rodata.APBPrescTable
                0x000000000800c4ac       0x20 Core/Src/system_stm32g0xx.o
                0x000000000800c4ac                APBPrescTable
 .rodata.cie    0x000000000800c4cc      0x100 Core/Src/hal/leds.o
                0x000000000800c4cc                cie
 .rodata.als_gain
                0x000000000800c5cc        0x8 Core/Src/i2c/LTR_329ALS.o
 .rodata.als_val
                0x000000000800c5d4       0x20 Core/Src/i2c/LTR_329ALS.o
 .rodata.init_LTR_329ALS.str1.4
                0x000000000800c5f4       0xbd Core/Src/i2c/LTR_329ALS.o
 *fill*         0x000000000800c6b1        0x3 
 .rodata.get_environmental_sensor_measurement.str1.4
                0x000000000800c6b4       0x31 Core/Src/i2c/bme680_interface.o
 *fill*         0x000000000800c6e5        0x3 
 .rodata.i2c_sensor_process
                0x000000000800c6e8       0x34 Core/Src/i2c/i2c_manager.o
 .rodata.i2c_init.str1.4
                0x000000000800c71c       0x19 Core/Src/i2c/i2c_manager.o
 *fill*         0x000000000800c735        0x3 
 .rodata.get_voc_co2_eq.str1.4
                0x000000000800c738       0x19 Core/Src/i2c/sgp30_interface.o
 *fill*         0x000000000800c751        0x3 
 .rodata.init_SGP30.str1.4
                0x000000000800c754      0x184 Core/Src/i2c/sgp30_interface.o
 .rodata.str1.4
                0x000000000800c8d8       0x18 Core/Src/i2c/sgp30_interface.o
                                         0x17 (size before relaxing)
 .rodata.CSWTCH.256
                0x000000000800c8f0        0x4 Drivers/STM32G0xx_HAL_Driver/Src/stm32g0xx_hal_uart.o
 .rodata._global_impure_ptr
                0x000000000800c8f4        0x4 c:/st/stm32cubeide_1.1.0/stm32cubeide/plugins/com.st.stm32cube.ide.mcu.externaltools.gnu-tools-for-stm32.7-2018-q2-update.win32_1.0.0.201904181610/tools/bin/../lib/gcc/arm-none-eabi/7.3.1/../../../../arm-none-eabi/lib/thumb/v6-m\libc_nano.a(lib_a-impure.o)
                0x000000000800c8f4                _global_impure_ptr
 .rodata.__sf_fake_stderr
                0x000000000800c8f8       0x20 c:/st/stm32cubeide_1.1.0/stm32cubeide/plugins/com.st.stm32cube.ide.mcu.externaltools.gnu-tools-for-stm32.7-2018-q2-update.win32_1.0.0.201904181610/tools/bin/../lib/gcc/arm-none-eabi/7.3.1/../../../../arm-none-eabi/lib/thumb/v6-m\libc_nano.a(lib_a-findfp.o)
                0x000000000800c8f8                __sf_fake_stderr
 .rodata.__sf_fake_stdin
                0x000000000800c918       0x20 c:/st/stm32cubeide_1.1.0/stm32cubeide/plugins/com.st.stm32cube.ide.mcu.externaltools.gnu-tools-for-stm32.7-2018-q2-update.win32_1.0.0.201904181610/tools/bin/../lib/gcc/arm-none-eabi/7.3.1/../../../../arm-none-eabi/lib/thumb/v6-m\libc_nano.a(lib_a-findfp.o)
                0x000000000800c918                __sf_fake_stdin
 .rodata.__sf_fake_stdout
                0x000000000800c938       0x20 c:/st/stm32cubeide_1.1.0/stm32cubeide/plugins/com.st.stm32cube.ide.mcu.externaltools.gnu-tools-for-stm32.7-2018-q2-update.win32_1.0.0.201904181610/tools/bin/../lib/gcc/arm-none-eabi/7.3.1/../../../../arm-none-eabi/lib/thumb/v6-m\libc_nano.a(lib_a-findfp.o)
                0x000000000800c938                __sf_fake_stdout
 .rodata._vfprintf_r.str1.1
                0x000000000800c958       0x11 c:/st/stm32cubeide_1.1.0/stm32cubeide/plugins/com.st.stm32cube.ide.mcu.externaltools.gnu-tools-for-stm32.7-2018-q2-update.win32_1.0.0.201904181610/tools/bin/../lib/gcc/arm-none-eabi/7.3.1/../../../../arm-none-eabi/lib/thumb/v6-m\libc_nano.a(lib_a-nano-vfprintf.o)
 .rodata._printf_i.str1.1
                0x000000000800c969       0x22 c:/st/stm32cubeide_1.1.0/stm32cubeide/plugins/com.st.stm32cube.ide.mcu.externaltools.gnu-tools-for-stm32.7-2018-q2-update.win32_1.0.0.201904181610/tools/bin/../lib/gcc/arm-none-eabi/7.3.1/../../../../arm-none-eabi/lib/thumb/v6-m\libc_nano.a(lib_a-nano-vfprintf_i.o)
 .rodata.pow.str1.1
                0x000000000800c98b        0x4 c:/st/stm32cubeide_1.1.0/stm32cubeide/plugins/com.st.stm32cube.ide.mcu.externaltools.gnu-tools-for-stm32.7-2018-q2-update.win32_1.0.0.201904181610/tools/bin/../lib/gcc/arm-none-eabi/7.3.1/../../../../arm-none-eabi/lib/thumb/v6-m\libm.a(lib_a-w_pow.o)
 .rodata.__ieee754_pow.str1.1
                0x000000000800c98f        0x4 c:/st/stm32cubeide_1.1.0/stm32cubeide/plugins/com.st.stm32cube.ide.mcu.externaltools.gnu-tools-for-stm32.7-2018-q2-update.win32_1.0.0.201904181610/tools/bin/../lib/gcc/arm-none-eabi/7.3.1/../../../../arm-none-eabi/lib/thumb/v6-m\libm.a(lib_a-e_pow.o)
                                          0x1 (size before relaxing)
 *fill*         0x000000000800c98f        0x1 
 .rodata.bp     0x000000000800c990       0x10 c:/st/stm32cubeide_1.1.0/stm32cubeide/plugins/com.st.stm32cube.ide.mcu.externaltools.gnu-tools-for-stm32.7-2018-q2-update.win32_1.0.0.201904181610/tools/bin/../lib/gcc/arm-none-eabi/7.3.1/../../../../arm-none-eabi/lib/thumb/v6-m\libm.a(lib_a-e_pow.o)
 .rodata.dp_h   0x000000000800c9a0       0x10 c:/st/stm32cubeide_1.1.0/stm32cubeide/plugins/com.st.stm32cube.ide.mcu.externaltools.gnu-tools-for-stm32.7-2018-q2-update.win32_1.0.0.201904181610/tools/bin/../lib/gcc/arm-none-eabi/7.3.1/../../../../arm-none-eabi/lib/thumb/v6-m\libm.a(lib_a-e_pow.o)
 .rodata.dp_l   0x000000000800c9b0       0x10 c:/st/stm32cubeide_1.1.0/stm32cubeide/plugins/com.st.stm32cube.ide.mcu.externaltools.gnu-tools-for-stm32.7-2018-q2-update.win32_1.0.0.201904181610/tools/bin/../lib/gcc/arm-none-eabi/7.3.1/../../../../arm-none-eabi/lib/thumb/v6-m\libm.a(lib_a-e_pow.o)
 .rodata.TWO52  0x000000000800c9c0       0x10 c:/st/stm32cubeide_1.1.0/stm32cubeide/plugins/com.st.stm32cube.ide.mcu.externaltools.gnu-tools-for-stm32.7-2018-q2-update.win32_1.0.0.201904181610/tools/bin/../lib/gcc/arm-none-eabi/7.3.1/../../../../arm-none-eabi/lib/thumb/v6-m\libm.a(lib_a-s_rint.o)
                0x000000000800c9d0                . = ALIGN (0x4)

.ARM.extab      0x000000000800c9d0        0x0
                0x000000000800c9d0                . = ALIGN (0x4)
 *(.ARM.extab* .gnu.linkonce.armextab.*)
                0x000000000800c9d0                . = ALIGN (0x4)

.ARM            0x000000000800c9d0        0x8
                0x000000000800c9d0                . = ALIGN (0x4)
                0x000000000800c9d0                __exidx_start = .
 *(.ARM.exidx*)
 .ARM.exidx     0x000000000800c9d0        0x8 c:/st/stm32cubeide_1.1.0/stm32cubeide/plugins/com.st.stm32cube.ide.mcu.externaltools.gnu-tools-for-stm32.7-2018-q2-update.win32_1.0.0.201904181610/tools/bin/../lib/gcc/arm-none-eabi/7.3.1/thumb/v6-m\libgcc.a(_udivmoddi4.o)
                0x000000000800c9d8                __exidx_end = .
                0x000000000800c9d8                . = ALIGN (0x4)

.rel.dyn        0x000000000800c9d8        0x0
 .rel.iplt      0x000000000800c9d8        0x0 c:/st/stm32cubeide_1.1.0/stm32cubeide/plugins/com.st.stm32cube.ide.mcu.externaltools.gnu-tools-for-stm32.7-2018-q2-update.win32_1.0.0.201904181610/tools/bin/../lib/gcc/arm-none-eabi/7.3.1/thumb/v6-m/crtbegin.o

.preinit_array  0x000000000800c9d8        0x0
                0x000000000800c9d8                . = ALIGN (0x4)
                0x000000000800c9d8                PROVIDE (__preinit_array_start = .)
 *(.preinit_array*)
                0x000000000800c9d8                PROVIDE (__preinit_array_end = .)
                0x000000000800c9d8                . = ALIGN (0x4)

.init_array     0x000000000800c9d8        0x4
                0x000000000800c9d8                . = ALIGN (0x4)
                0x000000000800c9d8                PROVIDE (__init_array_start = .)
 *(SORT_BY_NAME(.init_array.*))
 *(.init_array*)
 .init_array    0x000000000800c9d8        0x4 c:/st/stm32cubeide_1.1.0/stm32cubeide/plugins/com.st.stm32cube.ide.mcu.externaltools.gnu-tools-for-stm32.7-2018-q2-update.win32_1.0.0.201904181610/tools/bin/../lib/gcc/arm-none-eabi/7.3.1/thumb/v6-m/crtbegin.o
                0x000000000800c9dc                PROVIDE (__init_array_end = .)
                0x000000000800c9dc                . = ALIGN (0x4)

.fini_array     0x000000000800c9dc        0x4
                0x000000000800c9dc                . = ALIGN (0x4)
                [!provide]                        PROVIDE (__fini_array_start = .)
 *(SORT_BY_NAME(.fini_array.*))
 *(.fini_array*)
 .fini_array    0x000000000800c9dc        0x4 c:/st/stm32cubeide_1.1.0/stm32cubeide/plugins/com.st.stm32cube.ide.mcu.externaltools.gnu-tools-for-stm32.7-2018-q2-update.win32_1.0.0.201904181610/tools/bin/../lib/gcc/arm-none-eabi/7.3.1/thumb/v6-m/crtbegin.o
                [!provide]                        PROVIDE (__fini_array_end = .)
                0x000000000800c9e0                . = ALIGN (0x4)
                0x000000000800c9e0                _sidata = LOADADDR (.data)

.data           0x0000000020000000       0x78 load address 0x000000000800c9e0
                0x0000000020000000                . = ALIGN (0x4)
                0x0000000020000000                _sdata = .
 *(.data)
 *(.data*)
 .data.SystemCoreClock
                0x0000000020000000        0x4 Core/Src/system_stm32g0xx.o
                0x0000000020000000                SystemCoreClock
 .data.SGP_DRV_VERSION_STR
                0x0000000020000004        0x4 Core/Src/i2c/sgp30_interface.o
                0x0000000020000004                SGP_DRV_VERSION_STR
 .data.uwTickFreq
                0x0000000020000008        0x4 Drivers/STM32G0xx_HAL_Driver/Src/stm32g0xx_hal.o
                0x0000000020000008                uwTickFreq
 .data.uwTickPrio
                0x000000002000000c        0x4 Drivers/STM32G0xx_HAL_Driver/Src/stm32g0xx_hal.o
                0x000000002000000c                uwTickPrio
 .data._impure_ptr
                0x0000000020000010        0x4 c:/st/stm32cubeide_1.1.0/stm32cubeide/plugins/com.st.stm32cube.ide.mcu.externaltools.gnu-tools-for-stm32.7-2018-q2-update.win32_1.0.0.201904181610/tools/bin/../lib/gcc/arm-none-eabi/7.3.1/../../../../arm-none-eabi/lib/thumb/v6-m\libc_nano.a(lib_a-impure.o)
                0x0000000020000010                _impure_ptr
 .data.impure_data
                0x0000000020000014       0x60 c:/st/stm32cubeide_1.1.0/stm32cubeide/plugins/com.st.stm32cube.ide.mcu.externaltools.gnu-tools-for-stm32.7-2018-q2-update.win32_1.0.0.201904181610/tools/bin/../lib/gcc/arm-none-eabi/7.3.1/../../../../arm-none-eabi/lib/thumb/v6-m\libc_nano.a(lib_a-impure.o)
 .data.__fdlib_version
                0x0000000020000074        0x1 c:/st/stm32cubeide_1.1.0/stm32cubeide/plugins/com.st.stm32cube.ide.mcu.externaltools.gnu-tools-for-stm32.7-2018-q2-update.win32_1.0.0.201904181610/tools/bin/../lib/gcc/arm-none-eabi/7.3.1/../../../../arm-none-eabi/lib/thumb/v6-m\libm.a(lib_a-s_lib_ver.o)
                0x0000000020000074                __fdlib_version
                0x0000000020000078                . = ALIGN (0x4)
 *fill*         0x0000000020000075        0x3 
                0x0000000020000078                _edata = .

.igot.plt       0x0000000020000078        0x0 load address 0x000000000800ca58
 .igot.plt      0x0000000020000078        0x0 c:/st/stm32cubeide_1.1.0/stm32cubeide/plugins/com.st.stm32cube.ide.mcu.externaltools.gnu-tools-for-stm32.7-2018-q2-update.win32_1.0.0.201904181610/tools/bin/../lib/gcc/arm-none-eabi/7.3.1/thumb/v6-m/crtbegin.o
                0x0000000020000078                . = ALIGN (0x4)

.bss            0x0000000020000078     0x110c load address 0x000000000800ca58
                0x0000000020000078                _sbss = .
                0x0000000020000078                __bss_start__ = _sbss
 *(.bss)
 .bss           0x0000000020000078       0x1c c:/st/stm32cubeide_1.1.0/stm32cubeide/plugins/com.st.stm32cube.ide.mcu.externaltools.gnu-tools-for-stm32.7-2018-q2-update.win32_1.0.0.201904181610/tools/bin/../lib/gcc/arm-none-eabi/7.3.1/thumb/v6-m/crtbegin.o
 *(.bss*)
 .bss.heap_end.5149
                0x0000000020000094        0x4 Core/Src/sysmem.o
 .bss.ld        0x0000000020000098      0x52c Core/Src/hal/leds.o
 .bss.als_time  0x00000000200005c4        0x2 Core/Src/i2c/LTR_329ALS.o
 *fill*         0x00000000200005c6        0x2 
 .bss.bsec_state_len
                0x00000000200005c8        0x4 Core/Src/i2c/bme680_interface.o
                0x00000000200005c8                bsec_state_len
 .bss.n_samples
                0x00000000200005cc        0x4 Core/Src/i2c/bme680_interface.o
                0x00000000200005cc                n_samples
 .bss.num_bsec_inputs
                0x00000000200005d0        0x1 Core/Src/i2c/bme680_interface.o
                0x00000000200005d0                num_bsec_inputs
 *fill*         0x00000000200005d1        0x3 
 .bss.i2c       0x00000000200005d4        0xc Core/Src/i2c/i2c_manager.o
 .bss.i2c_devices
                0x00000000200005e0       0xa0 Core/Src/i2c/i2c_manager.o
 .bss.reading_count
                0x0000000020000680        0x2 Core/Src/i2c/sgp30_interface.o
 *fill*         0x0000000020000682        0x2 
 .bss.__malloc_free_list
                0x0000000020000684        0x4 c:/st/stm32cubeide_1.1.0/stm32cubeide/plugins/com.st.stm32cube.ide.mcu.externaltools.gnu-tools-for-stm32.7-2018-q2-update.win32_1.0.0.201904181610/tools/bin/../lib/gcc/arm-none-eabi/7.3.1/../../../../arm-none-eabi/lib/thumb/v6-m\libc_nano.a(lib_a-nano-mallocr.o)
                0x0000000020000684                __malloc_free_list
 .bss.__malloc_sbrk_start
                0x0000000020000688        0x4 c:/st/stm32cubeide_1.1.0/stm32cubeide/plugins/com.st.stm32cube.ide.mcu.externaltools.gnu-tools-for-stm32.7-2018-q2-update.win32_1.0.0.201904181610/tools/bin/../lib/gcc/arm-none-eabi/7.3.1/../../../../arm-none-eabi/lib/thumb/v6-m\libc_nano.a(lib_a-nano-mallocr.o)
                0x0000000020000688                __malloc_sbrk_start
 *(COMMON)
 COMMON         0x000000002000068c      0x850 Core/Src/main.o
                0x000000002000068c                hspi2
                0x00000000200006f0                hs
                0x0000000020000c04                hcrc
                0x0000000020000c28                hi2c2
                0x0000000020000c74                hadc1
                0x0000000020000cd8                huart1
                0x0000000020000d64                hrtc
                0x0000000020000d90                hspi1
                0x0000000020000df4                huart2
                0x0000000020000e80                hdma_spi2_tx
 COMMON         0x0000000020000edc       0x94 Core/Src/hal/leds.o
                0x0000000020000edc                LED_display_update_completed
                0x0000000020000ee0                led_display
                0x0000000020000f28                display_state_levels
 COMMON         0x0000000020000f70      0x20c Core/Src/i2c/bme680_interface.o
                0x0000000020000f70                work_buffer
                0x0000000020001000                sensor_settings
                0x0000000020001018                bsec_inputs
                0x0000000020001098                bsec_state
                0x0000000020001124                bme680_g
 COMMON         0x000000002000117c        0x4 Drivers/STM32G0xx_HAL_Driver/Src/stm32g0xx_hal.o
                0x000000002000117c                uwTick
 COMMON         0x0000000020001180        0x4 c:/st/stm32cubeide_1.1.0/stm32cubeide/plugins/com.st.stm32cube.ide.mcu.externaltools.gnu-tools-for-stm32.7-2018-q2-update.win32_1.0.0.201904181610/tools/bin/../lib/gcc/arm-none-eabi/7.3.1/../../../../arm-none-eabi/lib/thumb/v6-m\libc_nano.a(lib_a-reent.o)
                0x0000000020001180                errno
                0x0000000020001184                . = ALIGN (0x4)
                0x0000000020001184                _ebss = .
                0x0000000020001184                __bss_end__ = _ebss

._user_heap_stack
                0x0000000020001184      0x604 load address 0x000000000800ca58
                0x0000000020001188                . = ALIGN (0x8)
 *fill*         0x0000000020001184        0x4 
                0x0000000020001188                PROVIDE (end = .)
                [!provide]                        PROVIDE (_end = .)
                0x0000000020001388                . = (. + _Min_Heap_Size)
 *fill*         0x0000000020001188      0x200 
                0x0000000020001788                . = (. + _Min_Stack_Size)
 *fill*         0x0000000020001388      0x400 
                0x0000000020001788                . = ALIGN (0x8)

/DISCARD/
 libc.a(*)
 libm.a(*)
 libgcc.a(*)

.ARM.attributes
                0x0000000000000000       0x28
 *(.ARM.attributes)
 .ARM.attributes
                0x0000000000000000       0x1e c:/st/stm32cubeide_1.1.0/stm32cubeide/plugins/com.st.stm32cube.ide.mcu.externaltools.gnu-tools-for-stm32.7-2018-q2-update.win32_1.0.0.201904181610/tools/bin/../lib/gcc/arm-none-eabi/7.3.1/thumb/v6-m/crti.o
 .ARM.attributes
                0x000000000000001e       0x2c c:/st/stm32cubeide_1.1.0/stm32cubeide/plugins/com.st.stm32cube.ide.mcu.externaltools.gnu-tools-for-stm32.7-2018-q2-update.win32_1.0.0.201904181610/tools/bin/../lib/gcc/arm-none-eabi/7.3.1/thumb/v6-m/crtbegin.o
 .ARM.attributes
                0x000000000000004a       0x32 Core/Src/main.o
 .ARM.attributes
                0x000000000000007c       0x32 Core/Src/stm32g0xx_hal_msp.o
 .ARM.attributes
                0x00000000000000ae       0x32 Core/Src/stm32g0xx_it.o
 .ARM.attributes
                0x00000000000000e0       0x32 Core/Src/syscalls.o
 .ARM.attributes
                0x0000000000000112       0x32 Core/Src/sysmem.o
 .ARM.attributes
                0x0000000000000144       0x32 Core/Src/system_stm32g0xx.o
 .ARM.attributes
                0x0000000000000176       0x32 Core/Src/temp_bme680.o
 .ARM.attributes
                0x00000000000001a8       0x32 Core/Src/hal/co2_voc.o
 .ARM.attributes
                0x00000000000001da       0x32 Core/Src/hal/leds.o
 .ARM.attributes
                0x000000000000020c       0x32 Core/Src/hal/lux.o
 .ARM.attributes
                0x000000000000023e       0x32 Core/Src/hal/temp_humidity.o
 .ARM.attributes
                0x0000000000000270       0x32 Core/Src/i2c/LTR_329ALS.o
 .ARM.attributes
                0x00000000000002a2       0x32 Core/Src/i2c/Si7020.o
 .ARM.attributes
                0x00000000000002d4       0x32 Core/Src/i2c/bme680_interface.o
 .ARM.attributes
                0x0000000000000306       0x32 Core/Src/i2c/i2c_manager.o
 .ARM.attributes
                0x0000000000000338       0x32 Core/Src/i2c/sensirion_support.o
 .ARM.attributes
                0x000000000000036a       0x32 Core/Src/i2c/sgp30_interface.o
 .ARM.attributes
                0x000000000000039c       0x32 Core/Src/i2c/sps30_interface.o
 .ARM.attributes
                0x00000000000003ce       0x32 Core/Src/i2c/embedded-common/sensirion_common.o
 .ARM.attributes
                0x0000000000000400       0x32 Core/Src/i2c/sgp30/sgp30.o
 .ARM.attributes
                0x0000000000000432       0x32 Core/Src/i2c/sps30/sps30.o
 .ARM.attributes
                0x0000000000000464       0x32 Core/Src/iMatrix/kalman_filter/kalman_filter.o
 .ARM.attributes
                0x0000000000000496       0x32 Core/Src/init/init.o
 .ARM.attributes
                0x00000000000004c8       0x32 Core/Src/time/ck_time.o
 .ARM.attributes
                0x00000000000004fa       0x21 Core/Startup/startup_stm32g031k8ux.o
 .ARM.attributes
                0x000000000000051b       0x32 Drivers/STM32G0xx_HAL_Driver/Src/stm32g0xx_hal.o
 .ARM.attributes
                0x000000000000054d       0x32 Drivers/STM32G0xx_HAL_Driver/Src/stm32g0xx_hal_adc.o
 .ARM.attributes
                0x000000000000057f       0x32 Drivers/STM32G0xx_HAL_Driver/Src/stm32g0xx_hal_cortex.o
 .ARM.attributes
                0x00000000000005b1       0x32 Drivers/STM32G0xx_HAL_Driver/Src/stm32g0xx_hal_crc.o
 .ARM.attributes
                0x00000000000005e3       0x32 Drivers/STM32G0xx_HAL_Driver/Src/stm32g0xx_hal_crc_ex.o
 .ARM.attributes
                0x0000000000000615       0x32 Drivers/STM32G0xx_HAL_Driver/Src/stm32g0xx_hal_dma.o
 .ARM.attributes
                0x0000000000000647       0x32 Drivers/STM32G0xx_HAL_Driver/Src/stm32g0xx_hal_gpio.o
 .ARM.attributes
                0x0000000000000679       0x32 Drivers/STM32G0xx_HAL_Driver/Src/stm32g0xx_hal_i2c.o
 .ARM.attributes
                0x00000000000006ab       0x32 Drivers/STM32G0xx_HAL_Driver/Src/stm32g0xx_hal_i2c_ex.o
 .ARM.attributes
                0x00000000000006dd       0x32 Drivers/STM32G0xx_HAL_Driver/Src/stm32g0xx_hal_pwr_ex.o
 .ARM.attributes
                0x000000000000070f       0x32 Drivers/STM32G0xx_HAL_Driver/Src/stm32g0xx_hal_rcc.o
 .ARM.attributes
                0x0000000000000741       0x32 Drivers/STM32G0xx_HAL_Driver/Src/stm32g0xx_hal_rcc_ex.o
 .ARM.attributes
                0x0000000000000773       0x32 Drivers/STM32G0xx_HAL_Driver/Src/stm32g0xx_hal_rtc.o
 .ARM.attributes
                0x00000000000007a5       0x32 Drivers/STM32G0xx_HAL_Driver/Src/stm32g0xx_hal_spi.o
 .ARM.attributes
                0x00000000000007d7       0x32 Drivers/STM32G0xx_HAL_Driver/Src/stm32g0xx_hal_uart.o
 .ARM.attributes
                0x0000000000000809       0x32 Drivers/STM32G0xx_HAL_Driver/Src/stm32g0xx_hal_uart_ex.o
 .ARM.attributes
                0x000000000000083b       0x2c c:/st/stm32cubeide_1.1.0/stm32cubeide/plugins/com.st.stm32cube.ide.mcu.externaltools.gnu-tools-for-stm32.7-2018-q2-update.win32_1.0.0.201904181610/tools/bin/../lib/gcc/arm-none-eabi/7.3.1/../../../../arm-none-eabi/lib/thumb/v6-m\libc_nano.a(lib_a-errno.o)
 .ARM.attributes
                0x0000000000000867       0x2c c:/st/stm32cubeide_1.1.0/stm32cubeide/plugins/com.st.stm32cube.ide.mcu.externaltools.gnu-tools-for-stm32.7-2018-q2-update.win32_1.0.0.201904181610/tools/bin/../lib/gcc/arm-none-eabi/7.3.1/../../../../arm-none-eabi/lib/thumb/v6-m\libc_nano.a(lib_a-impure.o)
 .ARM.attributes
                0x0000000000000893       0x2c c:/st/stm32cubeide_1.1.0/stm32cubeide/plugins/com.st.stm32cube.ide.mcu.externaltools.gnu-tools-for-stm32.7-2018-q2-update.win32_1.0.0.201904181610/tools/bin/../lib/gcc/arm-none-eabi/7.3.1/../../../../arm-none-eabi/lib/thumb/v6-m\libc_nano.a(lib_a-init.o)
 .ARM.attributes
                0x00000000000008bf       0x2c c:/st/stm32cubeide_1.1.0/stm32cubeide/plugins/com.st.stm32cube.ide.mcu.externaltools.gnu-tools-for-stm32.7-2018-q2-update.win32_1.0.0.201904181610/tools/bin/../lib/gcc/arm-none-eabi/7.3.1/../../../../arm-none-eabi/lib/thumb/v6-m\libc_nano.a(lib_a-memcpy-stub.o)
 .ARM.attributes
                0x00000000000008eb       0x2c c:/st/stm32cubeide_1.1.0/stm32cubeide/plugins/com.st.stm32cube.ide.mcu.externaltools.gnu-tools-for-stm32.7-2018-q2-update.win32_1.0.0.201904181610/tools/bin/../lib/gcc/arm-none-eabi/7.3.1/../../../../arm-none-eabi/lib/thumb/v6-m\libc_nano.a(lib_a-memset.o)
 .ARM.attributes
                0x0000000000000917       0x2c c:/st/stm32cubeide_1.1.0/stm32cubeide/plugins/com.st.stm32cube.ide.mcu.externaltools.gnu-tools-for-stm32.7-2018-q2-update.win32_1.0.0.201904181610/tools/bin/../lib/gcc/arm-none-eabi/7.3.1/../../../../arm-none-eabi/lib/thumb/v6-m\libc_nano.a(lib_a-printf.o)
 .ARM.attributes
                0x0000000000000943       0x2c c:/st/stm32cubeide_1.1.0/stm32cubeide/plugins/com.st.stm32cube.ide.mcu.externaltools.gnu-tools-for-stm32.7-2018-q2-update.win32_1.0.0.201904181610/tools/bin/../lib/gcc/arm-none-eabi/7.3.1/../../../../arm-none-eabi/lib/thumb/v6-m\libc_nano.a(lib_a-puts.o)
 .ARM.attributes
                0x000000000000096f       0x2c c:/st/stm32cubeide_1.1.0/stm32cubeide/plugins/com.st.stm32cube.ide.mcu.externaltools.gnu-tools-for-stm32.7-2018-q2-update.win32_1.0.0.201904181610/tools/bin/../lib/gcc/arm-none-eabi/7.3.1/../../../../arm-none-eabi/lib/thumb/v6-m\libc_nano.a(lib_a-wbuf.o)
 .ARM.attributes
                0x000000000000099b       0x2c c:/st/stm32cubeide_1.1.0/stm32cubeide/plugins/com.st.stm32cube.ide.mcu.externaltools.gnu-tools-for-stm32.7-2018-q2-update.win32_1.0.0.201904181610/tools/bin/../lib/gcc/arm-none-eabi/7.3.1/../../../../arm-none-eabi/lib/thumb/v6-m\libc_nano.a(lib_a-wsetup.o)
 .ARM.attributes
                0x00000000000009c7       0x2c c:/st/stm32cubeide_1.1.0/stm32cubeide/plugins/com.st.stm32cube.ide.mcu.externaltools.gnu-tools-for-stm32.7-2018-q2-update.win32_1.0.0.201904181610/tools/bin/../lib/gcc/arm-none-eabi/7.3.1/../../../../arm-none-eabi/lib/thumb/v6-m\libc_nano.a(lib_a-fflush.o)
 .ARM.attributes
                0x00000000000009f3       0x2c c:/st/stm32cubeide_1.1.0/stm32cubeide/plugins/com.st.stm32cube.ide.mcu.externaltools.gnu-tools-for-stm32.7-2018-q2-update.win32_1.0.0.201904181610/tools/bin/../lib/gcc/arm-none-eabi/7.3.1/../../../../arm-none-eabi/lib/thumb/v6-m\libc_nano.a(lib_a-findfp.o)
 .ARM.attributes
                0x0000000000000a1f       0x2c c:/st/stm32cubeide_1.1.0/stm32cubeide/plugins/com.st.stm32cube.ide.mcu.externaltools.gnu-tools-for-stm32.7-2018-q2-update.win32_1.0.0.201904181610/tools/bin/../lib/gcc/arm-none-eabi/7.3.1/../../../../arm-none-eabi/lib/thumb/v6-m\libc_nano.a(lib_a-fwalk.o)
 .ARM.attributes
                0x0000000000000a4b       0x2c c:/st/stm32cubeide_1.1.0/stm32cubeide/plugins/com.st.stm32cube.ide.mcu.externaltools.gnu-tools-for-stm32.7-2018-q2-update.win32_1.0.0.201904181610/tools/bin/../lib/gcc/arm-none-eabi/7.3.1/../../../../arm-none-eabi/lib/thumb/v6-m\libc_nano.a(lib_a-makebuf.o)
 .ARM.attributes
                0x0000000000000a77       0x2c c:/st/stm32cubeide_1.1.0/stm32cubeide/plugins/com.st.stm32cube.ide.mcu.externaltools.gnu-tools-for-stm32.7-2018-q2-update.win32_1.0.0.201904181610/tools/bin/../lib/gcc/arm-none-eabi/7.3.1/../../../../arm-none-eabi/lib/thumb/v6-m\libc_nano.a(lib_a-nano-freer.o)
 .ARM.attributes
                0x0000000000000aa3       0x2c c:/st/stm32cubeide_1.1.0/stm32cubeide/plugins/com.st.stm32cube.ide.mcu.externaltools.gnu-tools-for-stm32.7-2018-q2-update.win32_1.0.0.201904181610/tools/bin/../lib/gcc/arm-none-eabi/7.3.1/../../../../arm-none-eabi/lib/thumb/v6-m\libc_nano.a(lib_a-nano-mallocr.o)
 .ARM.attributes
                0x0000000000000acf       0x2c c:/st/stm32cubeide_1.1.0/stm32cubeide/plugins/com.st.stm32cube.ide.mcu.externaltools.gnu-tools-for-stm32.7-2018-q2-update.win32_1.0.0.201904181610/tools/bin/../lib/gcc/arm-none-eabi/7.3.1/../../../../arm-none-eabi/lib/thumb/v6-m\libc_nano.a(lib_a-nano-vfprintf.o)
 .ARM.attributes
                0x0000000000000afb       0x2c c:/st/stm32cubeide_1.1.0/stm32cubeide/plugins/com.st.stm32cube.ide.mcu.externaltools.gnu-tools-for-stm32.7-2018-q2-update.win32_1.0.0.201904181610/tools/bin/../lib/gcc/arm-none-eabi/7.3.1/../../../../arm-none-eabi/lib/thumb/v6-m\libc_nano.a(lib_a-nano-vfprintf_i.o)
 .ARM.attributes
                0x0000000000000b27       0x2c c:/st/stm32cubeide_1.1.0/stm32cubeide/plugins/com.st.stm32cube.ide.mcu.externaltools.gnu-tools-for-stm32.7-2018-q2-update.win32_1.0.0.201904181610/tools/bin/../lib/gcc/arm-none-eabi/7.3.1/../../../../arm-none-eabi/lib/thumb/v6-m\libc_nano.a(lib_a-sbrkr.o)
 .ARM.attributes
                0x0000000000000b53       0x2c c:/st/stm32cubeide_1.1.0/stm32cubeide/plugins/com.st.stm32cube.ide.mcu.externaltools.gnu-tools-for-stm32.7-2018-q2-update.win32_1.0.0.201904181610/tools/bin/../lib/gcc/arm-none-eabi/7.3.1/../../../../arm-none-eabi/lib/thumb/v6-m\libc_nano.a(lib_a-stdio.o)
 .ARM.attributes