sps30.c:51:13:sps_get_driver_version	0	static
sps30.c:55:9:sps30_probe	72	static
sps30.c:61:9:sps30_read_firmware_version	24	static
sps30.c:72:9:sps30_get_serial	40	static
sps30.c:96:9:sps30_start_measurement	16	static
sps30.c:108:9:sps30_stop_measurement	8	static
sps30.c:115:9:sps30_read_data_ready	8	static
sps30.c:120:9:sps30_read_measurement	56	static
sps30.c:170:9:sps30_get_fan_auto_cleaning_interval	24	static
sps30.c:189:9:sps30_set_fan_auto_cleaning_interval	16	static
sps30.c:201:9:sps30_get_fan_auto_cleaning_interval_days	32	static
sps30.c:213:9:sps30_set_fan_auto_cleaning_interval_days	16	static
sps30.c:218:9:sps30_start_manual_fan_cleaning	8	static
sps30.c:230:9:sps30_reset	8	static
